core   0: 0x00001000 (0x00000297) auipc   x5, 0x0
core   0: 3 0x00001000 (0x00000297) x5  0x00001000
core   0: 0x00001004 (0x02028593) addi    x11, x5, 32
core   0: 3 0x00001004 (0x02028593) x11 0x00001020
core   0: 0x00001008 (0xf1402573) csrr    x10, mhartid
core   0: 3 0x00001008 (0xf1402573) x10 0x00000000
core   0: 0x0000100c (0x0182a283) lw      x5, 24(x5)
core   0: 3 0x0000100c (0x0182a283) x5  0x80000000 mem 0x00001018
core   0: 0x00001010 (0x00028067) jr      x5
core   0: 3 0x00001010 (0x00028067)
core   0: 0x80000000 (0x00004197) auipc   x3, 0x4
core   0: 3 0x80000000 (0x00004197) x3  0x80004000
core   0: 0x80000004 (0x80818193) addi    x3, x3, -2040
core   0: 3 0x80000004 (0x80818193) x3  0x80003808
core   0: 0x80000008 (0x02000e93) li      x29, 32
core   0: 3 0x80000008 (0x02000e93) x29 0x00000020
core   0: 0x8000000c (0x0d0efed7) vsetvli x29, x29, e32, m1, ta, ma
core   0: 3 0x8000000c (0x0d0efed7) x29 0x00000020 c8_vstart 0x00000000 c3104_vl 0x00000020 c3105_vtype 0x000000d0 c768_mstatus 0x80000600
core   0: 0x80000010 (0x00002eb7) lui     x29, 0x2
core   0: 3 0x80000010 (0x00002eb7) x29 0x00002000
core   0: 0x80000014 (0x300eaef3) csrrs   x29, mstatus, x29
core   0: 3 0x80000014 (0x300eaef3) x29 0x80000600 c768_mstatus 0x80006600
core   0: 0x80000018 (0x00000e93) li      x29, 0
core   0: 3 0x80000018 (0x00000e93) x29 0x00000000
core   0: 0x8000001c (0x80502373) csrr    x6, wid
core   0: 3 0x8000001c (0x80502373) x6  0x00000000
core   0: 0x80000020 (0x806023f3) csrr    x7, lds
core   0: 3 0x80000020 (0x806023f3) x7  0x70000000
core   0: 0x80000024 (0x40000e13) li      x28, 1024
core   0: 3 0x80000024 (0x40000e13) x28 0x00000400
core   0: 0x80000028 (0x03c30333) mul     x6, x6, x28
core   0: 3 0x80000028 (0x03c30333) x6  0x00000000
core   0: 0x8000002c (0x00730133) add     x2, x6, x7
core   0: 3 0x8000002c (0x00730133) x2  0x70000000
core   0: 0x80000030 (0x00000213) li      x4, 0
core   0: 3 0x80000030 (0x00000213) x4  0x00000000
core   0: 0x80000034 (0x80102f73) csrr    x30, numw
core   0: 3 0x80000034 (0x80102f73) x30 0x00000001
core   0: 0x80000038 (0x40000e13) li      x28, 1024
core   0: 3 0x80000038 (0x40000e13) x28 0x00000400
core   0: 0x8000003c (0x03cf0f33) mul     x30, x30, x28
core   0: 3 0x8000003c (0x03cf0f33) x30 0x00000400
core   0: 0x80000040 (0x01e38433) add     x8, x7, x30
core   0: 3 0x80000040 (0x01e38433) x8  0x70000400
core   0: 0x80000044 (0x00003517) auipc   x10, 0x3
core   0: 3 0x80000044 (0x00003517) x10 0x80003044
core   0: 0x80000048 (0xfc450513) addi    x10, x10, -60
core   0: 3 0x80000048 (0xfc450513) x10 0x80003008
core   0: 0x8000004c (0x00003617) auipc   x12, 0x3
core   0: 3 0x8000004c (0x00003617) x12 0x8000304c
core   0: 0x80000050 (0xfbc60613) addi    x12, x12, -68
core   0: 3 0x80000050 (0xfbc60613) x12 0x80003008
core   0: 0x80000054 (0x00c50863) beq     x10, x12, pc + 16
core   0: 3 0x80000054 (0x00c50863)
core   0: 0x80000064 (0x803022f3) csrr    x5, knl
core   0: 3 0x80000064 (0x803022f3) x5  0x90025000
core   0: 0x80000068 (0x0002a303) lw      x6, 0(x5)
core   0: 3 0x80000068 (0x0002a303) x6  0x800000b8 mem 0x90025000
core   0: 0x8000006c (0x0042a503) lw      x10, 4(x5)
core   0: 3 0x8000006c (0x0042a503) x10 0x90004000 mem 0x90025004
core   0: 0x80000070 (0x0302a383) lw      x7, 48(x5)
core   0: 3 0x80000070 (0x0302a383) x7  0x00000000 mem 0x90025030
core   0: 0x80000074 (0x0342ae03) lw      x28, 52(x5)
core   0: 3 0x80000074 (0x0342ae03) x28 0x00000000 mem 0x90025034
core   0: 0x80000078 (0x00003e97) auipc   x29, 0x3
core   0: 3 0x80000078 (0x00003e97) x29 0x80003078
core   0: 0x8000007c (0xf88e8e93) addi    x29, x29, -120
core   0: 3 0x8000007c (0xf88e8e93) x29 0x80003000
core   0: 0x80000080 (0x00003f17) auipc   x30, 0x3
core   0: 3 0x80000080 (0x00003f17) x30 0x80003080
core   0: 0x80000084 (0xf84f0f13) addi    x30, x30, -124
core   0: 3 0x80000084 (0xf84f0f13) x30 0x80003004
core   0: 0x80000088 (0x007ea023) sw      x7, 0(x29)
core   0: 3 0x80000088 (0x007ea023) mem 0x80003000 0x00000000
core   0: 0x8000008c (0x01cf2023) sw      x28, 0(x30)
core   0: 3 0x8000008c (0x01cf2023) mem 0x80003004 0x00000000
core   0: 0x80000090 (0x00000f97) auipc   x31, 0x0
core   0: 3 0x80000090 (0x00000f97) x31 0x80000090
core   0: 0x80000094 (0x018f8f93) addi    x31, x31, 24
core   0: 3 0x80000094 (0x018f8f93) x31 0x800000a8
core   0: 0x80000098 (0x305f9073) csrw    mtvec, x31
core   0: 3 0x80000098 (0x305f9073) c773_mtvec 0x800000a8
core   0: 0x8000009c (0x000300e7) jalr    x6
core   0: 3 0x8000009c (0x000300e7) x1  0x800000a0
core   0: 0x800000b8 (0x01410113) addi    x2, x2, 20
core   0: 3 0x800000b8 (0x01410113) x2  0x70000014
core   0: 0x800000bc (0xfe112623) sw      x1, -20(x2)
core   0: 3 0x800000bc (0xfe112623) mem 0x70000000 0x800000a0
core   0: 0x800000c0 (0x00c52283) lw      x5, 12(x10)
core   0: 3 0x800000c0 (0x00c52283) x5  0x90003000 mem 0x9000400c
core   0: 0x800000c4 (0xfe512e23) sw      x5, -4(x2)
core   0: 3 0x800000c4 (0xfe512e23) mem 0x70000010 0x90003000
core   0: 0x800000c8 (0x00852283) lw      x5, 8(x10)
core   0: 3 0x800000c8 (0x00852283) x5  0x90002000 mem 0x90004008
core   0: 0x800000cc (0xfe512c23) sw      x5, -8(x2)
core   0: 3 0x800000cc (0xfe512c23) mem 0x7000000c 0x90002000
core   0: 0x800000d0 (0x00452283) lw      x5, 4(x10)
core   0: 3 0x800000d0 (0x00452283) x5  0x90001000 mem 0x90004004
core   0: 0x800000d4 (0xfe512a23) sw      x5, -12(x2)
core   0: 3 0x800000d4 (0xfe512a23) mem 0x70000008 0x90001000
core   0: 0x800000d8 (0x00052283) lw      x5, 0(x10)
core   0: 3 0x800000d8 (0x00052283) x5  0x90000000 mem 0x90004000
core   0: 0x800000dc (0xfe512823) sw      x5, -16(x2)
core   0: 3 0x800000dc (0xfe512823) mem 0x70000004 0x90000000
core   0: 0x800000e0 (0x5e004057) vmv.v.x v0, x0
core   0: 3 0x800000e0 (0x5e004057) c8_vstart 0x00000000 e32 m1 l32 v0  ffffffff 0x00000000 00000000 00000000 00000000 00000000 00000000 00000000 00000000 00000000 00000000 00000000 00000000 00000000 00000000 00000000 00000000 00000000 00000000 00000000 00000000 00000000 00000000 00000000 00000000 00000000 00000000 00000000 00000000 00000000 00000000 00000000 00000000 
core   0: 0x800000e4 (0x0c8000ef) jal     pc + 0xc8
core   0: 3 0x800000e4 (0x0c8000ef) x1  0x800000e8
core   0: 0x800001ac (0x00410113) addi    x2, x2, 4
core   0: 3 0x800001ac (0x00410113) x2  0x70000018
core   0: 0x800001b0 (0xfe112e23) sw      x1, -4(x2)
core   0: 3 0x800001b0 (0xfe112e23) mem 0x70000014 0x800000e8
core   0: 0x800001b4 (0x020040d7) vadd.vx v1, v0, x0
core   0: 3 0x800001b4 (0x020040d7) c8_vstart 0x00000000 e32 m1 l32 v1  ffffffff 0x00000000 00000000 00000000 00000000 00000000 00000000 00000000 00000000 00000000 00000000 00000000 00000000 00000000 00000000 00000000 00000000 00000000 00000000 00000000 00000000 00000000 00000000 00000000 00000000 00000000 00000000 00000000 00000000 00000000 00000000 00000000 00000000 
core   0: 0x800001b8 (0x00200293) li      x5, 2
core   0: 3 0x800001b8 (0x00200293) x5  0x00000002
core   0: 0x800001bc (0x5e02c057) vmv.v.x v0, x5
core   0: 3 0x800001bc (0x5e02c057) c8_vstart 0x00000000 e32 m1 l32 v0  ffffffff 0x00000002 00000002 00000002 00000002 00000002 00000002 00000002 00000002 00000002 00000002 00000002 00000002 00000002 00000002 00000002 00000002 00000002 00000002 00000002 00000002 00000002 00000002 00000002 00000002 00000002 00000002 00000002 00000002 00000002 00000002 00000002 00000002 
core   0: 0x800001c0 (0x00000317) auipc   x6, 0x0
core   0: 3 0x800001c0 (0x00000317) x6  0x800001c0
core   0: 0x800001c4 (0x0543305b) setrpc  x0, x6, 84
core   0: 3 0x800001c4 (0x0543305b) c2060_rpc 0x80000214 current mask:	ffffffff current npc:	00000000 stack size: 0
core   0: 0x800001c8 (0x0410045b) vbeq    v1, v0, pc + 72
core   0: 3 0x800001c8 (0x0410045b) c8_vstart 0x00000000 e32 m1 l32 current mask:	ffffffff current npc:	800001cc stack size: 0
core   0: 0x800001cc (0x0040006f) j       pc + 0x4
core   0: 3 0x800001cc (0x0040006f)
core   0: 0x800001d0 (0x00100293) li      x5, 1
core   0: 3 0x800001d0 (0x00100293) x5  0x00000001
core   0: 0x800001d4 (0x5e02c057) vmv.v.x v0, x5
core   0: 3 0x800001d4 (0x5e02c057) c8_vstart 0x00000000 e32 m1 l32 v0  ffffffff 0x00000001 00000001 00000001 00000001 00000001 00000001 00000001 00000001 00000001 00000001 00000001 00000001 00000001 00000001 00000001 00000001 00000001 00000001 00000001 00000001 00000001 00000001 00000001 00000001 00000001 00000001 00000001 00000001 00000001 00000001 00000001 00000001 
core   0: 0x800001d8 (0x00000317) auipc   x6, 0x0
core   0: 3 0x800001d8 (0x00000317) x6  0x800001d8
core   0: 0x800001dc (0x03c3305b) setrpc  x0, x6, 60
core   0: 3 0x800001dc (0x03c3305b) c2060_rpc 0x80000214 current mask:	ffffffff current npc:	800001cc stack size: 0
core   0: 0x800001e0 (0x0210045b) vbeq    v1, v0, pc + 40
core   0: 3 0x800001e0 (0x0210045b) c8_vstart 0x00000000 e32 m1 l32 current mask:	ffffffff current npc:	800001e4 stack size: 0
core   0: 0x800001e4 (0x0040006f) j       pc + 0x4
core   0: 3 0x800001e4 (0x0040006f)
core   0: 0x800001e8 (0x5e004157) vmv.v.x v2, x0
core   0: 3 0x800001e8 (0x5e004157) c8_vstart 0x00000000 e32 m1 l32 v2  ffffffff 0x00000000 00000000 00000000 00000000 00000000 00000000 00000000 00000000 00000000 00000000 00000000 00000000 00000000 00000000 00000000 00000000 00000000 00000000 00000000 00000000 00000000 00000000 00000000 00000000 00000000 00000000 00000000 00000000 00000000 00000000 00000000 00000000 
core   0: 0x800001ec (0x5e004057) vmv.v.x v0, x0
core   0: 3 0x800001ec (0x5e004057) c8_vstart 0x00000000 e32 m1 l32 v0  ffffffff 0x00000000 00000000 00000000 00000000 00000000 00000000 00000000 00000000 00000000 00000000 00000000 00000000 00000000 00000000 00000000 00000000 00000000 00000000 00000000 00000000 00000000 00000000 00000000 00000000 00000000 00000000 00000000 00000000 00000000 00000000 00000000 00000000 
core   0: 0x800001f0 (0x00000317) auipc   x6, 0x0
core   0: 3 0x800001f0 (0x00000317) x6  0x800001f0
core   0: 0x800001f4 (0x0243305b) setrpc  x0, x6, 36
core   0: 3 0x800001f4 (0x0243305b) c2060_rpc 0x80000214 current mask:	ffffffff current npc:	800001e4 stack size: 0
core   0: 0x800001f8 (0x00111e5b) vbne    v1, v2, pc + 28
core   0: 3 0x800001f8 (0x00111e5b) c8_vstart 0x00000000 e32 m1 l32 current mask:	ffffffff current npc:	800001fc stack size: 0
core   0: 0x800001fc (0x0040006f) j       pc + 0x4
core   0: 3 0x800001fc (0x0040006f)
core   0: 0x80000200 (0x100000ef) jal     pc + 0x100
core   0: 3 0x80000200 (0x100000ef) x1  0x80000204
core   0: 0x80000300 (0x00410113) addi    x2, x2, 4
core   0: 3 0x80000300 (0x00410113) x2  0x7000001c
core   0: 0x80000304 (0xfe112e23) sw      x1, -4(x2)
core   0: 3 0x80000304 (0xfe112e23) mem 0x70000018 0x80000204
core   0: 0x80000308 (0xf1dff0ef) jal     pc - 0xe4
core   0: 3 0x80000308 (0xf1dff0ef) x1  0x8000030c
core   0: 0x80000224 (0x00410113) addi    x2, x2, 4
core   0: 3 0x80000224 (0x00410113) x2  0x70000020
core   0: 0x80000228 (0xfe112e23) sw      x1, -4(x2)
core   0: 3 0x80000228 (0xfe112e23) mem 0x7000001c 0x8000030c
core   0: 0x8000022c (0x80302573) csrr    x10, knl
core   0: 3 0x8000022c (0x80302573) x10 0x90025000
core   0: 0x80000230 (0x00852283) lw      x5, 8(x10)
core   0: 3 0x80000230 (0x00852283) x5  0x00000001 mem 0x90025008
core   0: 0x80000234 (0x80002373) csrr    x6, tid
core   0: 3 0x80000234 (0x80002373) x6  0x00000000
core   0: 0x80000238 (0x5208a157) vid.v   v2
core   0: 3 0x80000238 (0x5208a157) c8_vstart 0x00000000 e32 m1 l32 v2  ffffffff 0x0000001f 0000001e 0000001d 0000001c 0000001b 0000001a 00000019 00000018 00000017 00000016 00000015 00000014 00000013 00000012 00000011 00000010 0000000f 0000000e 0000000d 0000000c 0000000b 0000000a 00000009 00000008 00000007 00000006 00000005 00000004 00000003 00000002 00000001 00000000 
core   0: 0x8000023c (0x02234057) vadd.vx v0, v2, x6
core   0: 3 0x8000023c (0x02234057) c8_vstart 0x00000000 e32 m1 l32 v0  ffffffff 0x0000001f 0000001e 0000001d 0000001c 0000001b 0000001a 00000019 00000018 00000017 00000016 00000015 00000014 00000013 00000012 00000011 00000010 0000000f 0000000e 0000000d 0000000c 0000000b 0000000a 00000009 00000008 00000007 00000006 00000005 00000004 00000003 00000002 00000001 00000000 
core   0: 0x80000240 (0x01852e03) lw      x28, 24(x10)
core   0: 3 0x80000240 (0x01852e03) x28 0x00000020 mem 0x90025018
core   0: 0x80000244 (0x8a0e6057) vremu.vx v0, v0, x28
core   0: 3 0x80000244 (0x8a0e6057) c8_vstart 0x00000000 e32 m1 l32 v0  ffffffff 0x0000001f 0000001e 0000001d 0000001c 0000001b 0000001a 00000019 00000018 00000017 00000016 00000015 00000014 00000013 00000012 00000011 00000010 0000000f 0000000e 0000000d 0000000c 0000000b 0000000a 00000009 00000008 00000007 00000006 00000005 00000004 00000003 00000002 00000001 00000000 
core   0: 0x80000248 (0xffc12083) lw      x1, -4(x2)
core   0: 3 0x80000248 (0xffc12083) x1  0x8000030c mem 0x7000001c
core   0: 0x8000024c (0xffc10113) addi    x2, x2, -4
core   0: 3 0x8000024c (0xffc10113) x2  0x7000001c
core   0: 0x80000250 (0x00008067) ret
core   0: 3 0x80000250 (0x00008067)
core   0: 0x8000030c (0x80302573) csrr    x10, knl
core   0: 3 0x8000030c (0x80302573) x10 0x90025000
core   0: 0x80000310 (0x80802373) csrr    x6, gidx
core   0: 3 0x80000310 (0x80802373) x6  0x00000000
core   0: 0x80000314 (0x01852e03) lw      x28, 24(x10)
core   0: 3 0x80000314 (0x01852e03) x28 0x00000020 mem 0x90025018
core   0: 0x80000318 (0x02452e83) lw      x29, 36(x10)
core   0: 3 0x80000318 (0x02452e83) x29 0x00000000 mem 0x90025024
core   0: 0x8000031c (0x03c30fb3) mul     x31, x6, x28
core   0: 3 0x8000031c (0x03c30fb3) x31 0x00000000
core   0: 0x80000320 (0x01df8fb3) add     x31, x31, x29
core   0: 3 0x80000320 (0x01df8fb3) x31 0x00000000
core   0: 0x80000324 (0x020fc057) vadd.vx v0, v0, x31
core   0: 3 0x80000324 (0x020fc057) c8_vstart 0x00000000 e32 m1 l32 v0  ffffffff 0x0000001f 0000001e 0000001d 0000001c 0000001b 0000001a 00000019 00000018 00000017 00000016 00000015 00000014 00000013 00000012 00000011 00000010 0000000f 0000000e 0000000d 0000000c 0000000b 0000000a 00000009 00000008 00000007 00000006 00000005 00000004 00000003 00000002 00000001 00000000 
core   0: 0x80000328 (0xffc12083) lw      x1, -4(x2)
core   0: 3 0x80000328 (0xffc12083) x1  0x80000204 mem 0x70000018
core   0: 0x8000032c (0xffc10113) addi    x2, x2, -4
core   0: 3 0x8000032c (0xffc10113) x2  0x70000018
core   0: 0x80000330 (0x00008067) ret
core   0: 3 0x80000330 (0x00008067)
core   0: 0x80000204 (0x0100006f) j       pc + 0x10
core   0: 3 0x80000204 (0x0100006f)
core   0: 0x80000214 (0x0000205b) join    v0, v0, pc + 0
core   0: 3 0x80000214 (0x0000205b) current mask:	ffffffff current npc:	800001fc stack size: 0
core   0: 0x80000218 (0xffc12083) lw      x1, -4(x2)
core   0: 3 0x80000218 (0xffc12083) x1  0x800000e8 mem 0x70000014
core   0: 0x8000021c (0xffc10113) addi    x2, x2, -4
core   0: 3 0x8000021c (0xffc10113) x2  0x70000014
core   0: 0x80000220 (0x00008067) ret
core   0: 3 0x80000220 (0x00008067)
core   0: 0x800000e8 (0x960230d7) vsll.vi v1, v0, 4
core   0: 3 0x800000e8 (0x960230d7) c8_vstart 0x00000000 e32 m1 l32 v1  ffffffff 0x000001f0 000001e0 000001d0 000001c0 000001b0 000001a0 00000190 00000180 00000170 00000160 00000150 00000140 00000130 00000120 00000110 00000100 000000f0 000000e0 000000d0 000000c0 000000b0 000000a0 00000090 00000080 00000070 00000060 00000050 00000040 00000030 00000020 00000010 00000000 
core   0: 0x800000ec (0xff012283) lw      x5, -16(x2)
core   0: 3 0x800000ec (0xff012283) x5  0x90000000 mem 0x70000004
core   0: 0x800000f0 (0x5e02c157) vmv.v.x v2, x5
core   0: 3 0x800000f0 (0x5e02c157) c8_vstart 0x00000000 e32 m1 l32 v2  ffffffff 0x90000000 90000000 90000000 90000000 90000000 90000000 90000000 90000000 90000000 90000000 90000000 90000000 90000000 90000000 90000000 90000000 90000000 90000000 90000000 90000000 90000000 90000000 90000000 90000000 90000000 90000000 90000000 90000000 90000000 90000000 90000000 90000000 
core   0: 0x800000f4 (0x0212c1d7) vadd.vx v3, v1, x5
core   0: 3 0x800000f4 (0x0212c1d7) c8_vstart 0x00000000 e32 m1 l32 v3  ffffffff 0x900001f0 900001e0 900001d0 900001c0 900001b0 900001a0 90000190 90000180 90000170 90000160 90000150 90000140 90000130 90000120 90000110 90000100 900000f0 900000e0 900000d0 900000c0 900000b0 900000a0 90000090 90000080 90000070 90000060 90000050 90000040 90000030 90000020 90000010 90000000 
core   0: 0x800000f8 (0x0001a1fb) vlw12.v v3, v3, 0
core   0: 3 0x800000f8 (0x0001a1fb) e32 m1 l32 v3  ffffffff 0x3f9ac000 3ea82000 3e270000 bec16000 bd68c000 bf674000 bf726000 3eb36000 bf39a000 bf2e6000 bf88c000 3f3fe000 3f9fc000 3f0a0000 bf00e000 3f4b8000 bea34000 3f922000 3f37a000 3f8aa000 bf82a000 3ef56000 bf7da000 bf980000 3f34e000 3f1c0000 bee38000 bf8b2000 3f76e000 3e5ee000 3f44a000 bf4f2000  c8_vstart 0x00000000 mem 0x90000000 mem 0x90000010 mem 0x90000020 mem 0x90000030 mem 0x90000040 mem 0x90000050 mem 0x90000060 mem 0x90000070 mem 0x90000080 mem 0x90000090 mem 0x900000a0 mem 0x900000b0 mem 0x900000c0 mem 0x900000d0 mem 0x900000e0 mem 0x900000f0 mem 0x90000100 mem 0x90000110 mem 0x90000120 mem 0x90000130 mem 0x90000140 mem 0x90000150 mem 0x90000160 mem 0x90000170 mem 0x90000180 mem 0x90000190 mem 0x900001a0 mem 0x900001b0 mem 0x900001c0 mem 0x900001d0 mem 0x900001e0 mem 0x900001f0
core   0: 0x800000fc (0x2a1233d7) vor.vi  v7, v1, 4
core   0: 3 0x800000fc (0x2a1233d7) c8_vstart 0x00000000 e32 m1 l32 v7  ffffffff 0x000001f4 000001e4 000001d4 000001c4 000001b4 000001a4 00000194 00000184 00000174 00000164 00000154 00000144 00000134 00000124 00000114 00000104 000000f4 000000e4 000000d4 000000c4 000000b4 000000a4 00000094 00000084 00000074 00000064 00000054 00000044 00000034 00000024 00000014 00000004 
core   0: 0x80000100 (0x02238457) vadd.vv v8, v2, v7
core   0: 3 0x80000100 (0x02238457) c8_vstart 0x00000000 e32 m1 l32 v8  ffffffff 0x900001f4 900001e4 900001d4 900001c4 900001b4 900001a4 90000194 90000184 90000174 90000164 90000154 90000144 90000134 90000124 90000114 90000104 900000f4 900000e4 900000d4 900000c4 900000b4 900000a4 90000094 90000084 90000074 90000064 90000054 90000044 90000034 90000024 90000014 90000004 
core   0: 0x80000104 (0x0004227b) vlw12.v v4, v8, 0
core   0: 3 0x80000104 (0x0004227b) e32 m1 l32 v4  ffffffff 0x3f98a000 bf300000 3f4ce000 3f160000 3f702000 bf4e6000 3e9e0000 bf996000 be4ca000 3e8f8000 bed96000 3f4c4000 3f87c000 bf7a0000 3eb92000 bf574000 bf36a000 bf92c000 bddf2000 3e384000 bf90a000 bf38c000 3e0a4000 bde50000 bf8ce000 bf91e000 bdae4000 be58c000 be766000 bc120000 bf0e4000 bf2ba000  c8_vstart 0x00000000 mem 0x90000004 mem 0x90000014 mem 0x90000024 mem 0x90000034 mem 0x90000044 mem 0x90000054 mem 0x90000064 mem 0x90000074 mem 0x90000084 mem 0x90000094 mem 0x900000a4 mem 0x900000b4 mem 0x900000c4 mem 0x900000d4 mem 0x900000e4 mem 0x900000f4 mem 0x90000104 mem 0x90000114 mem 0x90000124 mem 0x90000134 mem 0x90000144 mem 0x90000154 mem 0x90000164 mem 0x90000174 mem 0x90000184 mem 0x90000194 mem 0x900001a4 mem 0x900001b4 mem 0x900001c4 mem 0x900001d4 mem 0x900001e4 mem 0x900001f4
core   0: 0x80000108 (0x2a143457) vor.vi  v8, v1, 8
core   0: 3 0x80000108 (0x2a143457) c8_vstart 0x00000000 e32 m1 l32 v8  ffffffff 0x000001f8 000001e8 000001d8 000001c8 000001b8 000001a8 00000198 00000188 00000178 00000168 00000158 00000148 00000138 00000128 00000118 00000108 000000f8 000000e8 000000d8 000000c8 000000b8 000000a8 00000098 00000088 00000078 00000068 00000058 00000048 00000038 00000028 00000018 00000008 
core   0: 0x8000010c (0x022404d7) vadd.vv v9, v2, v8
core   0: 3 0x8000010c (0x022404d7) c8_vstart 0x00000000 e32 m1 l32 v9  ffffffff 0x900001f8 900001e8 900001d8 900001c8 900001b8 900001a8 90000198 90000188 90000178 90000168 90000158 90000148 90000138 90000128 90000118 90000108 900000f8 900000e8 900000d8 900000c8 900000b8 900000a8 90000098 90000088 90000078 90000068 90000058 90000048 90000038 90000028 90000018 90000008 
core   0: 0x80000110 (0x0004a2fb) vlw12.v v5, v9, 0
core   0: 3 0x80000110 (0x0004a2fb) e32 m1 l32 v5  ffffffff 0x3c866000 3f29a000 3f020000 3e420000 bf1aa000 bed1e000 be29a000 bf86a000 3e980000 3f740000 3e9d6000 3f77e000 bf23e000 3e8d6000 3f9a8000 be9fc000 be0ce000 3ea08000 bf032000 bf8b8000 be410000 3ea22000 3f27e000 3f866000 3f8aa000 bf950000 3f44e000 bf716000 bf152000 3f7f0000 bd714000 3f9a2000  c8_vstart 0x00000000 mem 0x90000008 mem 0x90000018 mem 0x90000028 mem 0x90000038 mem 0x90000048 mem 0x90000058 mem 0x90000068 mem 0x90000078 mem 0x90000088 mem 0x90000098 mem 0x900000a8 mem 0x900000b8 mem 0x900000c8 mem 0x900000d8 mem 0x900000e8 mem 0x900000f8 mem 0x90000108 mem 0x90000118 mem 0x90000128 mem 0x90000138 mem 0x90000148 mem 0x90000158 mem 0x90000168 mem 0x90000178 mem 0x90000188 mem 0x90000198 mem 0x900001a8 mem 0x900001b8 mem 0x900001c8 mem 0x900001d8 mem 0x900001e8 mem 0x900001f8
core   0: 0x80000114 (0x2a1634d7) vor.vi  v9, v1, 12
core   0: 3 0x80000114 (0x2a1634d7) c8_vstart 0x00000000 e32 m1 l32 v9  ffffffff 0x000001fc 000001ec 000001dc 000001cc 000001bc 000001ac 0000019c 0000018c 0000017c 0000016c 0000015c 0000014c 0000013c 0000012c 0000011c 0000010c 000000fc 000000ec 000000dc 000000cc 000000bc 000000ac 0000009c 0000008c 0000007c 0000006c 0000005c 0000004c 0000003c 0000002c 0000001c 0000000c 
core   0: 0x80000118 (0x02248157) vadd.vv v2, v2, v9
core   0: 3 0x80000118 (0x02248157) c8_vstart 0x00000000 e32 m1 l32 v2  ffffffff 0x900001fc 900001ec 900001dc 900001cc 900001bc 900001ac 9000019c 9000018c 9000017c 9000016c 9000015c 9000014c 9000013c 9000012c 9000011c 9000010c 900000fc 900000ec 900000dc 900000cc 900000bc 900000ac 9000009c 9000008c 9000007c 9000006c 9000005c 9000004c 9000003c 9000002c 9000001c 9000000c 
core   0: 0x8000011c (0x0001237b) vlw12.v v6, v2, 0
core   0: 3 0x8000011c (0x0001237b) e32 m1 l32 v6  ffffffff 0xbf954000 3efdc000 3f3fe000 bd50e000 bf61a000 3f162000 3edaa000 bf720000 bf2b6000 3f5ea000 3e1c8000 3e8a8000 3f60a000 3f4dc000 bed0c000 3d046000 be92c000 3e928000 bf8aa000 3f8e8000 be80a000 3cad0000 3dd0a000 be0e4000 3f1ac000 3ecd2000 be0b6000 3d59e000 bf4dc000 bf33a000 be578000 bebf2000  c8_vstart 0x00000000 mem 0x9000000c mem 0x9000001c mem 0x9000002c mem 0x9000003c mem 0x9000004c mem 0x9000005c mem 0x9000006c mem 0x9000007c mem 0x9000008c mem 0x9000009c mem 0x900000ac mem 0x900000bc mem 0x900000cc mem 0x900000dc mem 0x900000ec mem 0x900000fc mem 0x9000010c mem 0x9000011c mem 0x9000012c mem 0x9000013c mem 0x9000014c mem 0x9000015c mem 0x9000016c mem 0x9000017c mem 0x9000018c mem 0x9000019c mem 0x900001ac mem 0x900001bc mem 0x900001cc mem 0x900001dc mem 0x900001ec mem 0x900001fc
core   0: 0x80000120 (0xff412283) lw      x5, -12(x2)
core   0: 3 0x80000120 (0xff412283) x5  0x90001000 mem 0x70000008
core   0: 0x80000124 (0x5e02c157) vmv.v.x v2, x5
core   0: 3 0x80000124 (0x5e02c157) c8_vstart 0x00000000 e32 m1 l32 v2  ffffffff 0x90001000 90001000 90001000 90001000 90001000 90001000 90001000 90001000 90001000 90001000 90001000 90001000 90001000 90001000 90001000 90001000 90001000 90001000 90001000 90001000 90001000 90001000 90001000 90001000 90001000 90001000 90001000 90001000 90001000 90001000 90001000 90001000 
core   0: 0x80000128 (0x0212c0d7) vadd.vx v1, v1, x5
core   0: 3 0x80000128 (0x0212c0d7) c8_vstart 0x00000000 e32 m1 l32 v1  ffffffff 0x900011f0 900011e0 900011d0 900011c0 900011b0 900011a0 90001190 90001180 90001170 90001160 90001150 90001140 90001130 90001120 90001110 90001100 900010f0 900010e0 900010d0 900010c0 900010b0 900010a0 90001090 90001080 90001070 90001060 90001050 90001040 90001030 90001020 90001010 90001000 
core   0: 0x8000012c (0x0000a57b) vlw12.v v10, v1, 0
core   0: 3 0x8000012c (0x0000a57b) e32 m1 l32 v10 ffffffff 0x3f1e4000 bf7ec000 3f63c000 3f92a000 3f488000 bf070000 3f4ca000 3f8be000 bee0a000 3e1ee000 bed4e000 3f0ae000 bf700000 bdbb6000 3f51e000 bf9b6000 bda38000 be9ce000 bf898000 3e8e4000 bf86c000 bec40000 3e432000 3f566000 3f8f4000 3f9c8000 3f6da000 3cf46000 bf15c000 3b8a0000 bf93c000 3dfc6000  c8_vstart 0x00000000 mem 0x90001000 mem 0x90001010 mem 0x90001020 mem 0x90001030 mem 0x90001040 mem 0x90001050 mem 0x90001060 mem 0x90001070 mem 0x90001080 mem 0x90001090 mem 0x900010a0 mem 0x900010b0 mem 0x900010c0 mem 0x900010d0 mem 0x900010e0 mem 0x900010f0 mem 0x90001100 mem 0x90001110 mem 0x90001120 mem 0x90001130 mem 0x90001140 mem 0x90001150 mem 0x90001160 mem 0x90001170 mem 0x90001180 mem 0x90001190 mem 0x900011a0 mem 0x900011b0 mem 0x900011c0 mem 0x900011d0 mem 0x900011e0 mem 0x900011f0
core   0: 0x80000130 (0x022380d7) vadd.vv v1, v2, v7
core   0: 3 0x80000130 (0x022380d7) c8_vstart 0x00000000 e32 m1 l32 v1  ffffffff 0x900011f4 900011e4 900011d4 900011c4 900011b4 900011a4 90001194 90001184 90001174 90001164 90001154 90001144 90001134 90001124 90001114 90001104 900010f4 900010e4 900010d4 900010c4 900010b4 900010a4 90001094 90001084 90001074 90001064 90001054 90001044 90001034 90001024 90001014 90001004 
core   0: 0x80000134 (0x0000a5fb) vlw12.v v11, v1, 0
core   0: 3 0x80000134 (0x0000a5fb) e32 m1 l32 v11 ffffffff 0xbf71c000 bf0e0000 bf5d2000 bed70000 3ed98000 3f8d0000 3dea4000 bf0b0000 bf388000 bea48000 3f954000 3e906000 bf12c000 be864000 bf484000 bcf54000 3f030000 3f4d8000 3f826000 bf582000 3f144000 3f7c8000 be7e8000 3db76000 be39a000 bf90e000 3f61c000 3ed46000 3f884000 3f97a000 3f7e4000 bf718000  c8_vstart 0x00000000 mem 0x90001004 mem 0x90001014 mem 0x90001024 mem 0x90001034 mem 0x90001044 mem 0x90001054 mem 0x90001064 mem 0x90001074 mem 0x90001084 mem 0x90001094 mem 0x900010a4 mem 0x900010b4 mem 0x900010c4 mem 0x900010d4 mem 0x900010e4 mem 0x900010f4 mem 0x90001104 mem 0x90001114 mem 0x90001124 mem 0x90001134 mem 0x90001144 mem 0x90001154 mem 0x90001164 mem 0x90001174 mem 0x90001184 mem 0x90001194 mem 0x900011a4 mem 0x900011b4 mem 0x900011c4 mem 0x900011d4 mem 0x900011e4 mem 0x900011f4
core   0: 0x80000138 (0x022400d7) vadd.vv v1, v2, v8
core   0: 3 0x80000138 (0x022400d7) c8_vstart 0x00000000 e32 m1 l32 v1  ffffffff 0x900011f8 900011e8 900011d8 900011c8 900011b8 900011a8 90001198 90001188 90001178 90001168 90001158 90001148 90001138 90001128 90001118 90001108 900010f8 900010e8 900010d8 900010c8 900010b8 900010a8 90001098 90001088 90001078 90001068 90001058 90001048 90001038 90001028 90001018 90001008 
core   0: 0x8000013c (0x0000a67b) vlw12.v v12, v1, 0
core   0: 3 0x8000013c (0x0000a67b) e32 m1 l32 v12 ffffffff 0xbd170000 3f11c000 bf646000 bc64a000 bf984000 3e07e000 bed7e000 3f8f4000 3e0a8000 bf33e000 bf30e000 3f044000 bf262000 3e94a000 3f5e8000 be864000 bf6e2000 3f442000 be706000 3ecc8000 bf586000 3f026000 bf92e000 3f1c6000 bf370000 3eb16000 3f8e0000 3f050000 bd9ce000 3e696000 3dd18000 bd9f0000  c8_vstart 0x00000000 mem 0x90001008 mem 0x90001018 mem 0x90001028 mem 0x90001038 mem 0x90001048 mem 0x90001058 mem 0x90001068 mem 0x90001078 mem 0x90001088 mem 0x90001098 mem 0x900010a8 mem 0x900010b8 mem 0x900010c8 mem 0x900010d8 mem 0x900010e8 mem 0x900010f8 mem 0x90001108 mem 0x90001118 mem 0x90001128 mem 0x90001138 mem 0x90001148 mem 0x90001158 mem 0x90001168 mem 0x90001178 mem 0x90001188 mem 0x90001198 mem 0x900011a8 mem 0x900011b8 mem 0x900011c8 mem 0x900011d8 mem 0x900011e8 mem 0x900011f8
core   0: 0x80000140 (0x022480d7) vadd.vv v1, v2, v9
core   0: 3 0x80000140 (0x022480d7) c8_vstart 0x00000000 e32 m1 l32 v1  ffffffff 0x900011fc 900011ec 900011dc 900011cc 900011bc 900011ac 9000119c 9000118c 9000117c 9000116c 9000115c 9000114c 9000113c 9000112c 9000111c 9000110c 900010fc 900010ec 900010dc 900010cc 900010bc 900010ac 9000109c 9000108c 9000107c 9000106c 9000105c 9000104c 9000103c 9000102c 9000101c 9000100c 
core   0: 0x80000144 (0x0000a6fb) vlw12.v v13, v1, 0
core   0: 3 0x80000144 (0x0000a6fb) e32 m1 l32 v13 ffffffff 0xbf944000 3f2a4000 bf19c000 bf37e000 b9164000 bf9d0000 3f958000 3d6da000 3ef1a000 beb08000 3e5d0000 bef38000 bcf46000 3f4ee000 bef14000 bee42000 bcd18000 3f932000 bf97c000 bf93a000 becdc000 bee92000 bee70000 bdf1c000 bf9c6000 be1f0000 bf122000 bedda000 3f17a000 3d134000 bf22c000 bf40c000  c8_vstart 0x00000000 mem 0x9000100c mem 0x9000101c mem 0x9000102c mem 0x9000103c mem 0x9000104c mem 0x9000105c mem 0x9000106c mem 0x9000107c mem 0x9000108c mem 0x9000109c mem 0x900010ac mem 0x900010bc mem 0x900010cc mem 0x900010dc mem 0x900010ec mem 0x900010fc mem 0x9000110c mem 0x9000111c mem 0x9000112c mem 0x9000113c mem 0x9000114c mem 0x9000115c mem 0x9000116c mem 0x9000117c mem 0x9000118c mem 0x9000119c mem 0x900011ac mem 0x900011bc mem 0x900011cc mem 0x900011dc mem 0x900011ec mem 0x900011fc
core   0: 0x80000148 (0x9602b057) vsll.vi v0, v0, 5
core   0: 3 0x80000148 (0x9602b057) c8_vstart 0x00000000 e32 m1 l32 v0  ffffffff 0x000003e0 000003c0 000003a0 00000380 00000360 00000340 00000320 00000300 000002e0 000002c0 000002a0 00000280 00000260 00000240 00000220 00000200 000001e0 000001c0 000001a0 00000180 00000160 00000140 00000120 00000100 000000e0 000000c0 000000a0 00000080 00000060 00000040 00000020 00000000 
core   0: 0x8000014c (0xff812283) lw      x5, -8(x2)
core   0: 3 0x8000014c (0xff812283) x5  0x90002000 mem 0x7000000c
core   0: 0x80000150 (0x0202c0d7) vadd.vx v1, v0, x5
core   0: 3 0x80000150 (0x0202c0d7) c8_vstart 0x00000000 e32 m1 l32 v1  ffffffff 0x900023e0 900023c0 900023a0 90002380 90002360 90002340 90002320 90002300 900022e0 900022c0 900022a0 90002280 90002260 90002240 90002220 90002200 900021e0 900021c0 900021a0 90002180 90002160 90002140 90002120 90002100 900020e0 900020c0 900020a0 90002080 90002060 90002040 90002020 90002000 
core   0: 0x80000154 (0x0000a77b) vlw12.v v14, v1, 0
core   0: 3 0x80000154 (0x0000a77b) e32 m1 l32 v14 ffffffff 0xbf42f05c 3ec72a40 bf911760 be21d3c8 3f3d317a bf7e7204 be2e65b8 3ea048ac bf7744ad bf6dbc0a bf91c97f bf583879 3f244d58 bf728503 bf4034e5 3ca93840 bf887a6a bf8a337a 3ecb0710 beea2410 bf86b451 bd1dcd40 bf0db3e7 bf4f2f29 3f14f55a bf9793ef 3e99c9d8 bf8a30ea 3cb94400 3ecedcdc bf1adbc0 3f8ade18  c8_vstart 0x00000000 mem 0x90002000 mem 0x90002020 mem 0x90002040 mem 0x90002060 mem 0x90002080 mem 0x900020a0 mem 0x900020c0 mem 0x900020e0 mem 0x90002100 mem 0x90002120 mem 0x90002140 mem 0x90002160 mem 0x90002180 mem 0x900021a0 mem 0x900021c0 mem 0x900021e0 mem 0x90002200 mem 0x90002220 mem 0x90002240 mem 0x90002260 mem 0x90002280 mem 0x900022a0 mem 0x900022c0 mem 0x900022e0 mem 0x90002300 mem 0x90002320 mem 0x90002340 mem 0x90002360 mem 0x90002380 mem 0x900023a0 mem 0x900023c0 mem 0x900023e0
core   0: 0x80000158 (0x0040a7fb) vlw12.v v15, v1, 4
core   0: 3 0x80000158 (0x0040a7fb) e32 m1 l32 v15 ffffffff 0xbf92a414 be9b528a 3f9ebaf4 3efe702c 3f4bd880 3f5005b0 3e8cfa48 bf26f568 3f408708 3f568c64 3f87d760 bcaccf00 bf8e8122 beef0230 bf192e3c 3ede4ed0 3f26bdcc bf69363e 3f251a80 bf0e3979 bf2caaec bf7658e8 3f0a585e 3f1e71fc bedddde2 3e6c51b0 bf3187a2 bf6f8da4 3f7534b4 bf63033d bf4d4c6b beeeb62c  c8_vstart 0x00000000 mem 0x90002004 mem 0x90002024 mem 0x90002044 mem 0x90002064 mem 0x90002084 mem 0x900020a4 mem 0x900020c4 mem 0x900020e4 mem 0x90002104 mem 0x90002124 mem 0x90002144 mem 0x90002164 mem 0x90002184 mem 0x900021a4 mem 0x900021c4 mem 0x900021e4 mem 0x90002204 mem 0x90002224 mem 0x90002244 mem 0x90002264 mem 0x90002284 mem 0x900022a4 mem 0x900022c4 mem 0x900022e4 mem 0x90002304 mem 0x90002324 mem 0x90002344 mem 0x90002364 mem 0x90002384 mem 0x900023a4 mem 0x900023c4 mem 0x900023e4
core   0: 0x8000015c (0x0080a87b) vlw12.v v16, v1, 8
core   0: 3 0x8000015c (0x0080a87b) e32 m1 l32 v16 ffffffff 0xbf6613fa bf8e9837 3f49fe3c 3f2caf30 3f08f9a4 3da49e60 3f327b7e bf9132fa befa0a18 bf15e54a bf8d83c0 bf550f98 3f125c3e 3f9dc3c4 bea81758 3f3971d6 bf54cb53 3f50e2d4 3ef04e48 be7bc480 3ec49ce8 3f347562 3f59e9d8 3d2f3e00 3f08657c bf6785ca 3f54348c bf464d1d bf6320da 3f8f487c 3f55f528 3f787fcc  c8_vstart 0x00000000 mem 0x90002008 mem 0x90002028 mem 0x90002048 mem 0x90002068 mem 0x90002088 mem 0x900020a8 mem 0x900020c8 mem 0x900020e8 mem 0x90002108 mem 0x90002128 mem 0x90002148 mem 0x90002168 mem 0x90002188 mem 0x900021a8 mem 0x900021c8 mem 0x900021e8 mem 0x90002208 mem 0x90002228 mem 0x90002248 mem 0x90002268 mem 0x90002288 mem 0x900022a8 mem 0x900022c8 mem 0x900022e8 mem 0x90002308 mem 0x90002328 mem 0x90002348 mem 0x90002368 mem 0x90002388 mem 0x900023a8 mem 0x900023c8 mem 0x900023e8
core   0: 0x80000160 (0x00c0a8fb) vlw12.v v17, v1, 12
core   0: 3 0x80000160 (0x00c0a8fb) e32 m1 l32 v17 ffffffff 0x3f3d3280 bf7dc04c bf6789a2 bf1e0c31 be8ccbd2 3ec8d8e4 bec80690 bf96eddc 3e4903b8 3ed83598 3ec89128 3ba2cc00 3d92f1a0 3dc344e0 bf7a0a31 be21b7c0 3f4f875c 3e805114 bf723666 3dab8110 3f8092ae 3b29c800 3ef3ca74 3f371256 3e88b23c bf1cef16 3f1e07f0 3f4f0718 bda236a0 bf6afc74 3f9566ec 3f1d158e  c8_vstart 0x00000000 mem 0x9000200c mem 0x9000202c mem 0x9000204c mem 0x9000206c mem 0x9000208c mem 0x900020ac mem 0x900020cc mem 0x900020ec mem 0x9000210c mem 0x9000212c mem 0x9000214c mem 0x9000216c mem 0x9000218c mem 0x900021ac mem 0x900021cc mem 0x900021ec mem 0x9000220c mem 0x9000222c mem 0x9000224c mem 0x9000226c mem 0x9000228c mem 0x900022ac mem 0x900022cc mem 0x900022ec mem 0x9000230c mem 0x9000232c mem 0x9000234c mem 0x9000236c mem 0x9000238c mem 0x900023ac mem 0x900023cc mem 0x900023ec
core   0: 0x80000164 (0x0100a97b) vlw12.v v18, v1, 16
core   0: 3 0x80000164 (0x0100a97b) e32 m1 l32 v18 ffffffff 0xbeef7766 bf8bcf07 bea46ac6 3dc798d0 3f911bb8 3f51000c bf2d269c 3f583034 bf9fdfd1 be8e1c12 3f712b3c 3f6dd84c 3f40fec4 3f81112e beef6aa0 bee03b30 bdd99c50 bef75cae bdfdc0e0 befa433c 3f1aea20 bf4282f6 bf97e659 bdf02ed0 3eccf398 be8c93e4 be7a7808 3f88349a 3f51d634 beebfefe bf36ea05 3f996fe8  c8_vstart 0x00000000 mem 0x90002010 mem 0x90002030 mem 0x90002050 mem 0x90002070 mem 0x90002090 mem 0x900020b0 mem 0x900020d0 mem 0x900020f0 mem 0x90002110 mem 0x90002130 mem 0x90002150 mem 0x90002170 mem 0x90002190 mem 0x900021b0 mem 0x900021d0 mem 0x900021f0 mem 0x90002210 mem 0x90002230 mem 0x90002250 mem 0x90002270 mem 0x90002290 mem 0x900022b0 mem 0x900022d0 mem 0x900022f0 mem 0x90002310 mem 0x90002330 mem 0x90002350 mem 0x90002370 mem 0x90002390 mem 0x900023b0 mem 0x900023d0 mem 0x900023f0
core   0: 0x80000168 (0x0140a9fb) vlw12.v v19, v1, 20
core   0: 3 0x80000168 (0x0140a9fb) e32 m1 l32 v19 ffffffff 0x3f129f16 bec323a4 3f8c39d0 3f1d3276 bf8d13fa bf2fce50 bf60dde5 3edd8cd8 3f4743e0 bf8015eb 3f111a4a 3f56dfb8 bf32b766 bedcf660 3f124a88 bf5dd4bc bf21b6e7 bec42fc2 3f5d18a4 3f89982c 3f7337d8 bf84a137 bf7e07ce bf04bd9f bf456011 3d0c3460 bef62d98 bf8f71ca 3eb9bbd8 3f7b79bc bf37d0e6 3f128e66  c8_vstart 0x00000000 mem 0x90002014 mem 0x90002034 mem 0x90002054 mem 0x90002074 mem 0x90002094 mem 0x900020b4 mem 0x900020d4 mem 0x900020f4 mem 0x90002114 mem 0x90002134 mem 0x90002154 mem 0x90002174 mem 0x90002194 mem 0x900021b4 mem 0x900021d4 mem 0x900021f4 mem 0x90002214 mem 0x90002234 mem 0x90002254 mem 0x90002274 mem 0x90002294 mem 0x900022b4 mem 0x900022d4 mem 0x900022f4 mem 0x90002314 mem 0x90002334 mem 0x90002354 mem 0x90002374 mem 0x90002394 mem 0x900023b4 mem 0x900023d4 mem 0x900023f4
core   0: 0x8000016c (0x0180aa7b) vlw12.v v20, v1, 24
core   0: 3 0x8000016c (0x0180aa7b) e32 m1 l32 v20 ffffffff 0xbb851500 3eb73198 3f976660 be58af70 bf8635f7 3f820202 3f10fe38 3f4b4a00 3f8d4a76 bf377570 bf1a7266 3f0befc4 3ef1df3c bf6d7086 bf4093e6 be50cb60 3dd64180 be80ac62 bf847902 bf09c434 bf68b6a6 3ef9a4c0 bf6ac858 3f8ade5a bf990016 bee2b450 bf34b0d4 3f982750 3f49e4cc bf879b65 3f267804 3eb33400  c8_vstart 0x00000000 mem 0x90002018 mem 0x90002038 mem 0x90002058 mem 0x90002078 mem 0x90002098 mem 0x900020b8 mem 0x900020d8 mem 0x900020f8 mem 0x90002118 mem 0x90002138 mem 0x90002158 mem 0x90002178 mem 0x90002198 mem 0x900021b8 mem 0x900021d8 mem 0x900021f8 mem 0x90002218 mem 0x90002238 mem 0x90002258 mem 0x90002278 mem 0x90002298 mem 0x900022b8 mem 0x900022d8 mem 0x900022f8 mem 0x90002318 mem 0x90002338 mem 0x90002358 mem 0x90002378 mem 0x90002398 mem 0x900023b8 mem 0x900023d8 mem 0x900023f8
core   0: 0x80000170 (0x01c0aafb) vlw12.v v21, v1, 28
core   0: 3 0x80000170 (0x01c0aafb) e32 m1 l32 v21 ffffffff 0xbf48d61f 3f799f08 3ecdea74 bf62fe8c bf1059d6 3e830f7c 3f80a66c 3eaf0248 3f44669c 3e583c50 3f35fe98 3e442880 3f117148 3f39c4ec bf9ee955 bed10960 3f105d4c 3f737808 bf935ecd 3ef7ca20 3e93ebb8 3dc3aa40 3dc53bd0 bf463c1e 3e8e9ef4 be1de928 3f1601b4 3f1cf010 3f523d00 be88f2ec bed08c3e bf1a08a3  c8_vstart 0x00000000 mem 0x9000201c mem 0x9000203c mem 0x9000205c mem 0x9000207c mem 0x9000209c mem 0x900020bc mem 0x900020dc mem 0x900020fc mem 0x9000211c mem 0x9000213c mem 0x9000215c mem 0x9000217c mem 0x9000219c mem 0x900021bc mem 0x900021dc mem 0x900021fc mem 0x9000221c mem 0x9000223c mem 0x9000225c mem 0x9000227c mem 0x9000229c mem 0x900022bc mem 0x900022dc mem 0x900022fc mem 0x9000231c mem 0x9000233c mem 0x9000235c mem 0x9000237c mem 0x9000239c mem 0x900023bc mem 0x900023dc mem 0x900023fc
core   0: 0x80000174 (0x0ea1970a) mma.m16n16k8 v14, v10, v3
core   0: 3 0x80000174 (0x0ea1970a) e32 m1 l32 v21 ffffffff 0x4002df87 3ffd9ae1 40272e1b bf0cd369 bea209d3 3fa39d60 bf6c5bb0 3f9d5c93 bf77947c bfbd3718 bffb568d 3f8b9392 3fd91987 3f63ceb5 4016893d bfcedcc2 3ec691a0 4016a71b c01446e2 bfb7f962 3c646610 40290030 bfef99e2 bfb3853a bfeaf19c bfa4cba8 40048abb 3f914995 3ff9e2f0 3db4ba32 bf3e7328 bfa704b1  v20 ffffffff 0xbeb4b35a 3f547258 400cbab2 3e945f86 bf2f48d5 3fb3af11 bf328407 3eb0a0fe beb14464 3ec638f0 3f358f85 3f112861 3fb5c8e3 bf9072de bf952417 be7d332a beb37fc2 3f47e31b bfc90d40 bf537fc2 bfbc8440 bfe01971 bf0d68f8 3f48aa7d bf89973f bd136238 c01dd100 3d2c96c8 3f9c5ef7 bf97e4a9 3e409266 3f34bd6d  c8_vstart 0x00000000 v19 ffffffff 0x3f2f1d5b 3fa8cb99 3f63a83d 3cc7e170 bfd314bf bfb651a4 bff1e1bb 3e89b806 bf2f5495 c00374dc bff5fa03 3ee348fe 3cf7c1d8 bf05373e 3fdf97a4 bf85acf3 beca434c 3fa61da4 3fa60652 3fbd00ab 3f0b7816 c010045d bfc6bfd3 3fe036cd c03a7402 becb9ffc bfb25a0f beddbc79 3eb6935b 3ff98beb 3f837540 c00b669a  v18 ffffffff 0x3fb05c74 c02430ce 3d32b0f0 3e85c275 40033095 bed8de0e 3f8e5550 3fa4baa9 bcb02500 3f4a7d9e 3f23ba5c 3efc8bf6 3f1364b0 3f615bae bfaf7d02 bfad3ebe 3ee3e86e bf12af20 3ea02e74 bf2406a9 bcf0cb30 c001a00d 3f9d5724 3fdbca85 40972c81 bf4fb4f2 3ed5cb85 3f9b4b70 3ed513dd 3fdca8ef 3dc06c1c 3f4307d5  v17 ffffffff 0xc00d7da1 bf987c48 bfdd00d1 be1a5f8c bc392ac0 3e39d26c 3f20ddc5 bf82ef00 bf37cbcb bf861230 3e8fcd00 3f03dd43 bff5af71 3e29dc8c be7a1524 be5df019 bf66f3c8 bf2a3bac bfd38efc 3f49ce6b 3fe34f3e 3f4e6b29 be027034 be9447a0 c01f00d3 be6198ba 3f84c644 3f85755f bf97fdc1 c01edd0c 3e86cf46 3f6352e0  v16 ffffffff 0x3f1562e7 c038847a 40473777 40728dee 3e990e55 bedc4add 3eb7051d bee63ab2 3f98b4ee 3f854ba2 c01c6b08 bf01f0dc be57d93e 3d582cb8 3f889ba7 401d3ffa 3f1af687 bf0d4526 404205de 3f87dd59 3fa48989 402ec0bd be74384c bf932db7 3f9b64a8 bf970cd7 3ec5bd82 be9c0c57 bed53571 3e5dd8e6 401ec7b3 403dc8ec  v15 ffffffff 0xc04ec55b 3f52a2ac c00164f0 bf8d4f6f bf5e42a7 bfca1a70 3fb74733 bfbae9c7 400e70fa 3fb937a6 3eeb0c20 bfdf3d12 bfa39895 bef7b57b c053a538 3fd72f7b beda6cf7 c00d96c0 3f559783 be8a2ec2 be1bd034 401611d3 bf26a086 bf18297d bf02a6d5 3fbd612a 407f1ec1 be079e1e 3f89e2c6 bfa34d81 c0299e8a 3f4139bf  v14 ffffffff 0xbf438ee5 40a0e2f9 bfb67d47 c010e4c6 bf95c36d be19eed4 c076d7e8 3e138240 c05bc560 c03c7a44 c0271dac bf6a6fc4 405fd91e 3e591786 3f9eccc5 beab24a7 bf90fad1 bfef935d 3f57a9e4 c001de39 4008e2ba bf1d0a82 3ff93fea c01600b0 bf8b6ab6 c040d480 bf0c385c bfdc052a 3e2a2321 3f0d2e08 bf4c14f6 bf4109b0 
core   0: 0x80000178 (0xffc12283) lw      x5, -4(x2)
core   0: 3 0x80000178 (0xffc12283) x5  0x90003000 mem 0x70000010
core   0: 0x8000017c (0x0202c057) vadd.vx v0, v0, x5
core   0: 3 0x8000017c (0x0202c057) c8_vstart 0x00000000 e32 m1 l32 v0  ffffffff 0x900033e0 900033c0 900033a0 90003380 90003360 90003340 90003320 90003300 900032e0 900032c0 900032a0 90003280 90003260 90003240 90003220 90003200 900031e0 900031c0 900031a0 90003180 90003160 90003140 90003120 90003100 900030e0 900030c0 900030a0 90003080 90003060 90003040 90003020 90003000 
core   0: 0x80000180 (0x01506e7b) vsw12.v v21, v0, 28
core   0: 3 0x80000180 (0x01506e7b) c8_vstart 0x00000000 e32 m1 l32 mem 0x9000301c 0xbfa704b1 mem 0x9000303c 0xbf3e7328 mem 0x9000305c 0x3db4ba32 mem 0x9000307c 0x3ff9e2f0 mem 0x9000309c 0x3f914995 mem 0x900030bc 0x40048abb mem 0x900030dc 0xbfa4cba8 mem 0x900030fc 0xbfeaf19c mem 0x9000311c 0xbfb3853a mem 0x9000313c 0xbfef99e2 mem 0x9000315c 0x40290030 mem 0x9000317c 0x3c646610 mem 0x9000319c 0xbfb7f962 mem 0x900031bc 0xc01446e2 mem 0x900031dc 0x4016a71b mem 0x900031fc 0x3ec691a0 mem 0x9000321c 0xbfcedcc2 mem 0x9000323c 0x4016893d mem 0x9000325c 0x3f63ceb5 mem 0x9000327c 0x3fd91987 mem 0x9000329c 0x3f8b9392 mem 0x900032bc 0xbffb568d mem 0x900032dc 0xbfbd3718 mem 0x900032fc 0xbf77947c mem 0x9000331c 0x3f9d5c93 mem 0x9000333c 0xbf6c5bb0 mem 0x9000335c 0x3fa39d60 mem 0x9000337c 0xbea209d3 mem 0x9000339c 0xbf0cd369 mem 0x900033bc 0x40272e1b mem 0x900033dc 0x3ffd9ae1 mem 0x900033fc 0x4002df87
core   0: 0x80000184 (0x01406c7b) vsw12.v v20, v0, 24
core   0: 3 0x80000184 (0x01406c7b) c8_vstart 0x00000000 e32 m1 l32 mem 0x90003018 0x3f34bd6d mem 0x90003038 0x3e409266 mem 0x90003058 0xbf97e4a9 mem 0x90003078 0x3f9c5ef7 mem 0x90003098 0x3d2c96c8 mem 0x900030b8 0xc01dd100 mem 0x900030d8 0xbd136238 mem 0x900030f8 0xbf89973f mem 0x90003118 0x3f48aa7d mem 0x90003138 0xbf0d68f8 mem 0x90003158 0xbfe01971 mem 0x90003178 0xbfbc8440 mem 0x90003198 0xbf537fc2 mem 0x900031b8 0xbfc90d40 mem 0x900031d8 0x3f47e31b mem 0x900031f8 0xbeb37fc2 mem 0x90003218 0xbe7d332a mem 0x90003238 0xbf952417 mem 0x90003258 0xbf9072de mem 0x90003278 0x3fb5c8e3 mem 0x90003298 0x3f112861 mem 0x900032b8 0x3f358f85 mem 0x900032d8 0x3ec638f0 mem 0x900032f8 0xbeb14464 mem 0x90003318 0x3eb0a0fe mem 0x90003338 0xbf328407 mem 0x90003358 0x3fb3af11 mem 0x90003378 0xbf2f48d5 mem 0x90003398 0x3e945f86 mem 0x900033b8 0x400cbab2 mem 0x900033d8 0x3f547258 mem 0x900033f8 0xbeb4b35a
core   0: 0x80000188 (0x01306a7b) vsw12.v v19, v0, 20
core   0: 3 0x80000188 (0x01306a7b) c8_vstart 0x00000000 e32 m1 l32 mem 0x90003014 0xc00b669a mem 0x90003034 0x3f837540 mem 0x90003054 0x3ff98beb mem 0x90003074 0x3eb6935b mem 0x90003094 0xbeddbc79 mem 0x900030b4 0xbfb25a0f mem 0x900030d4 0xbecb9ffc mem 0x900030f4 0xc03a7402 mem 0x90003114 0x3fe036cd mem 0x90003134 0xbfc6bfd3 mem 0x90003154 0xc010045d mem 0x90003174 0x3f0b7816 mem 0x90003194 0x3fbd00ab mem 0x900031b4 0x3fa60652 mem 0x900031d4 0x3fa61da4 mem 0x900031f4 0xbeca434c mem 0x90003214 0xbf85acf3 mem 0x90003234 0x3fdf97a4 mem 0x90003254 0xbf05373e mem 0x90003274 0x3cf7c1d8 mem 0x90003294 0x3ee348fe mem 0x900032b4 0xbff5fa03 mem 0x900032d4 0xc00374dc mem 0x900032f4 0xbf2f5495 mem 0x90003314 0x3e89b806 mem 0x90003334 0xbff1e1bb mem 0x90003354 0xbfb651a4 mem 0x90003374 0xbfd314bf mem 0x90003394 0x3cc7e170 mem 0x900033b4 0x3f63a83d mem 0x900033d4 0x3fa8cb99 mem 0x900033f4 0x3f2f1d5b
core   0: 0x8000018c (0x0120687b) vsw12.v v18, v0, 16
core   0: 3 0x8000018c (0x0120687b) c8_vstart 0x00000000 e32 m1 l32 mem 0x90003010 0x3f4307d5 mem 0x90003030 0x3dc06c1c mem 0x90003050 0x3fdca8ef mem 0x90003070 0x3ed513dd mem 0x90003090 0x3f9b4b70 mem 0x900030b0 0x3ed5cb85 mem 0x900030d0 0xbf4fb4f2 mem 0x900030f0 0x40972c81 mem 0x90003110 0x3fdbca85 mem 0x90003130 0x3f9d5724 mem 0x90003150 0xc001a00d mem 0x90003170 0xbcf0cb30 mem 0x90003190 0xbf2406a9 mem 0x900031b0 0x3ea02e74 mem 0x900031d0 0xbf12af20 mem 0x900031f0 0x3ee3e86e mem 0x90003210 0xbfad3ebe mem 0x90003230 0xbfaf7d02 mem 0x90003250 0x3f615bae mem 0x90003270 0x3f1364b0 mem 0x90003290 0x3efc8bf6 mem 0x900032b0 0x3f23ba5c mem 0x900032d0 0x3f4a7d9e mem 0x900032f0 0xbcb02500 mem 0x90003310 0x3fa4baa9 mem 0x90003330 0x3f8e5550 mem 0x90003350 0xbed8de0e mem 0x90003370 0x40033095 mem 0x90003390 0x3e85c275 mem 0x900033b0 0x3d32b0f0 mem 0x900033d0 0xc02430ce mem 0x900033f0 0x3fb05c74
core   0: 0x80000190 (0x0110667b) vsw12.v v17, v0, 12
core   0: 3 0x80000190 (0x0110667b) c8_vstart 0x00000000 e32 m1 l32 mem 0x9000300c 0x3f6352e0 mem 0x9000302c 0x3e86cf46 mem 0x9000304c 0xc01edd0c mem 0x9000306c 0xbf97fdc1 mem 0x9000308c 0x3f85755f mem 0x900030ac 0x3f84c644 mem 0x900030cc 0xbe6198ba mem 0x900030ec 0xc01f00d3 mem 0x9000310c 0xbe9447a0 mem 0x9000312c 0xbe027034 mem 0x9000314c 0x3f4e6b29 mem 0x9000316c 0x3fe34f3e mem 0x9000318c 0x3f49ce6b mem 0x900031ac 0xbfd38efc mem 0x900031cc 0xbf2a3bac mem 0x900031ec 0xbf66f3c8 mem 0x9000320c 0xbe5df019 mem 0x9000322c 0xbe7a1524 mem 0x9000324c 0x3e29dc8c mem 0x9000326c 0xbff5af71 mem 0x9000328c 0x3f03dd43 mem 0x900032ac 0x3e8fcd00 mem 0x900032cc 0xbf861230 mem 0x900032ec 0xbf37cbcb mem 0x9000330c 0xbf82ef00 mem 0x9000332c 0x3f20ddc5 mem 0x9000334c 0x3e39d26c mem 0x9000336c 0xbc392ac0 mem 0x9000338c 0xbe1a5f8c mem 0x900033ac 0xbfdd00d1 mem 0x900033cc 0xbf987c48 mem 0x900033ec 0xc00d7da1
core   0: 0x80000194 (0x0100647b) vsw12.v v16, v0, 8
core   0: 3 0x80000194 (0x0100647b) c8_vstart 0x00000000 e32 m1 l32 mem 0x90003008 0x403dc8ec mem 0x90003028 0x401ec7b3 mem 0x90003048 0x3e5dd8e6 mem 0x90003068 0xbed53571 mem 0x90003088 0xbe9c0c57 mem 0x900030a8 0x3ec5bd82 mem 0x900030c8 0xbf970cd7 mem 0x900030e8 0x3f9b64a8 mem 0x90003108 0xbf932db7 mem 0x90003128 0xbe74384c mem 0x90003148 0x402ec0bd mem 0x90003168 0x3fa48989 mem 0x90003188 0x3f87dd59 mem 0x900031a8 0x404205de mem 0x900031c8 0xbf0d4526 mem 0x900031e8 0x3f1af687 mem 0x90003208 0x401d3ffa mem 0x90003228 0x3f889ba7 mem 0x90003248 0x3d582cb8 mem 0x90003268 0xbe57d93e mem 0x90003288 0xbf01f0dc mem 0x900032a8 0xc01c6b08 mem 0x900032c8 0x3f854ba2 mem 0x900032e8 0x3f98b4ee mem 0x90003308 0xbee63ab2 mem 0x90003328 0x3eb7051d mem 0x90003348 0xbedc4add mem 0x90003368 0x3e990e55 mem 0x90003388 0x40728dee mem 0x900033a8 0x40473777 mem 0x900033c8 0xc038847a mem 0x900033e8 0x3f1562e7
core   0: 0x80000198 (0x00f0627b) vsw12.v v15, v0, 4
core   0: 3 0x80000198 (0x00f0627b) c8_vstart 0x00000000 e32 m1 l32 mem 0x90003004 0x3f4139bf mem 0x90003024 0xc0299e8a mem 0x90003044 0xbfa34d81 mem 0x90003064 0x3f89e2c6 mem 0x90003084 0xbe079e1e mem 0x900030a4 0x407f1ec1 mem 0x900030c4 0x3fbd612a mem 0x900030e4 0xbf02a6d5 mem 0x90003104 0xbf18297d mem 0x90003124 0xbf26a086 mem 0x90003144 0x401611d3 mem 0x90003164 0xbe1bd034 mem 0x90003184 0xbe8a2ec2 mem 0x900031a4 0x3f559783 mem 0x900031c4 0xc00d96c0 mem 0x900031e4 0xbeda6cf7 mem 0x90003204 0x3fd72f7b mem 0x90003224 0xc053a538 mem 0x90003244 0xbef7b57b mem 0x90003264 0xbfa39895 mem 0x90003284 0xbfdf3d12 mem 0x900032a4 0x3eeb0c20 mem 0x900032c4 0x3fb937a6 mem 0x900032e4 0x400e70fa mem 0x90003304 0xbfbae9c7 mem 0x90003324 0x3fb74733 mem 0x90003344 0xbfca1a70 mem 0x90003364 0xbf5e42a7 mem 0x90003384 0xbf8d4f6f mem 0x900033a4 0xc00164f0 mem 0x900033c4 0x3f52a2ac mem 0x900033e4 0xc04ec55b
core   0: 0x8000019c (0x00e0607b) vsw12.v v14, v0, 0
core   0: 3 0x8000019c (0x00e0607b) c8_vstart 0x00000000 e32 m1 l32 mem 0x90003000 0xbf4109b0 mem 0x90003020 0xbf4c14f6 mem 0x90003040 0x3f0d2e08 mem 0x90003060 0x3e2a2321 mem 0x90003080 0xbfdc052a mem 0x900030a0 0xbf0c385c mem 0x900030c0 0xc040d480 mem 0x900030e0 0xbf8b6ab6 mem 0x90003100 0xc01600b0 mem 0x90003120 0x3ff93fea mem 0x90003140 0xbf1d0a82 mem 0x90003160 0x4008e2ba mem 0x90003180 0xc001de39 mem 0x900031a0 0x3f57a9e4 mem 0x900031c0 0xbfef935d mem 0x900031e0 0xbf90fad1 mem 0x90003200 0xbeab24a7 mem 0x90003220 0x3f9eccc5 mem 0x90003240 0x3e591786 mem 0x90003260 0x405fd91e mem 0x90003280 0xbf6a6fc4 mem 0x900032a0 0xc0271dac mem 0x900032c0 0xc03c7a44 mem 0x900032e0 0xc05bc560 mem 0x90003300 0x3e138240 mem 0x90003320 0xc076d7e8 mem 0x90003340 0xbe19eed4 mem 0x90003360 0xbf95c36d mem 0x90003380 0xc010e4c6 mem 0x900033a0 0xbfb67d47 mem 0x900033c0 0x40a0e2f9 mem 0x900033e0 0xbf438ee5
core   0: 0x800001a0 (0xfec12083) lw      x1, -20(x2)
core   0: 3 0x800001a0 (0xfec12083) x1  0x800000a0 mem 0x70000000
core   0: 0x800001a4 (0xfec10113) addi    x2, x2, -20
core   0: 3 0x800001a4 (0xfec10113) x2  0x70000000
core   0: 0x800001a8 (0x00008067) ret
core   0: 3 0x800001a8 (0x00008067)
core   0: 0x800000a0 (0x0000400b) endprg  x0, x0, x0
core   0: 3 0x800000a0 (0x0000400b)
core   0: 0x800000a4 (0x0040006f) j       pc + 0x4
core   0: 3 0x800000a4 (0x0040006f)
core   0: 0x800000a8 (0x00100313) li      x6, 1
core   0: 3 0x800000a8 (0x00100313) x6  0x00000001
core   0: 0x800000ac (0x00001297) auipc   x5, 0x1
core   0: 3 0x800000ac (0x00001297) x5  0x800010ac
core   0: 0x800000b0 (0xf5428293) addi    x5, x5, -172
core   0: 3 0x800000b0 (0xf5428293) x5  0x80001000
core   0: 0x800000b4 (0x0062a023) sw      x6, 0(x5)
core   0: 3 0x800000b4 (0x0062a023) mem 0x80001000 0x00000001
