core   0: 0x00001000 (0x00000297) auipc   x5, 0x0
core   0: 3 0x00001000 (0x00000297) x5  0x00001000
core   0: 0x00001004 (0x02028593) addi    x11, x5, 32
core   0: 3 0x00001004 (0x02028593) x11 0x00001020
core   0: 0x00001008 (0xf1402573) csrr    x10, mhartid
core   0: 3 0x00001008 (0xf1402573) x10 0x00000000
core   0: 0x0000100c (0x0182a283) lw      x5, 24(x5)
core   0: 3 0x0000100c (0x0182a283) x5  0x80000000 mem 0x00001018
core   0: 0x00001010 (0x00028067) jr      x5
core   0: 3 0x00001010 (0x00028067)
core   0: 0x80000000 (0x00004197) auipc   x3, 0x4
core   0: 3 0x80000000 (0x00004197) x3  0x80004000
core   0: 0x80000004 (0x80818193) addi    x3, x3, -2040
core   0: 3 0x80000004 (0x80818193) x3  0x80003808
core   0: 0x80000008 (0x02000e93) li      x29, 32
core   0: 3 0x80000008 (0x02000e93) x29 0x00000020
core   0: 0x8000000c (0x0d0efed7) vsetvli x29, x29, e32, m1, ta, ma
core   0: 3 0x8000000c (0x0d0efed7) x29 0x00000020 c8_vstart 0x00000000 c3104_vl 0x00000020 c3105_vtype 0x000000d0 c768_mstatus 0x80000600
core   0: 0x80000010 (0x00002eb7) lui     x29, 0x2
core   0: 3 0x80000010 (0x00002eb7) x29 0x00002000
core   0: 0x80000014 (0x300eaef3) csrrs   x29, mstatus, x29
core   0: 3 0x80000014 (0x300eaef3) x29 0x80000600 c768_mstatus 0x80006600
core   0: 0x80000018 (0x00000e93) li      x29, 0
core   0: 3 0x80000018 (0x00000e93) x29 0x00000000
core   0: 0x8000001c (0x80502373) csrr    x6, wid
core   0: 3 0x8000001c (0x80502373) x6  0x00000000
core   0: 0x80000020 (0x806023f3) csrr    x7, lds
core   0: 3 0x80000020 (0x806023f3) x7  0x70000000
core   0: 0x80000024 (0x40000e13) li      x28, 1024
core   0: 3 0x80000024 (0x40000e13) x28 0x00000400
core   0: 0x80000028 (0x03c30333) mul     x6, x6, x28
core   0: 3 0x80000028 (0x03c30333) x6  0x00000000
core   0: 0x8000002c (0x00730133) add     x2, x6, x7
core   0: 3 0x8000002c (0x00730133) x2  0x70000000
core   0: 0x80000030 (0x00000213) li      x4, 0
core   0: 3 0x80000030 (0x00000213) x4  0x00000000
core   0: 0x80000034 (0x80102f73) csrr    x30, numw
core   0: 3 0x80000034 (0x80102f73) x30 0x00000001
core   0: 0x80000038 (0x40000e13) li      x28, 1024
core   0: 3 0x80000038 (0x40000e13) x28 0x00000400
core   0: 0x8000003c (0x03cf0f33) mul     x30, x30, x28
core   0: 3 0x8000003c (0x03cf0f33) x30 0x00000400
core   0: 0x80000040 (0x01e38433) add     x8, x7, x30
core   0: 3 0x80000040 (0x01e38433) x8  0x70000400
core   0: 0x80000044 (0x00003517) auipc   x10, 0x3
core   0: 3 0x80000044 (0x00003517) x10 0x80003044
core   0: 0x80000048 (0xfc450513) addi    x10, x10, -60
core   0: 3 0x80000048 (0xfc450513) x10 0x80003008
core   0: 0x8000004c (0x00003617) auipc   x12, 0x3
core   0: 3 0x8000004c (0x00003617) x12 0x8000304c
core   0: 0x80000050 (0xfbc60613) addi    x12, x12, -68
core   0: 3 0x80000050 (0xfbc60613) x12 0x80003008
core   0: 0x80000054 (0x00c50863) beq     x10, x12, pc + 16
core   0: 3 0x80000054 (0x00c50863)
core   0: 0x80000064 (0x803022f3) csrr    x5, knl
core   0: 3 0x80000064 (0x803022f3) x5  0x90023000
core   0: 0x80000068 (0x0002a303) lw      x6, 0(x5)
core   0: 3 0x80000068 (0x0002a303) x6  0x800000b8 mem 0x90023000
core   0: 0x8000006c (0x0042a503) lw      x10, 4(x5)
core   0: 3 0x8000006c (0x0042a503) x10 0x90002000 mem 0x90023004
core   0: 0x80000070 (0x0302a383) lw      x7, 48(x5)
core   0: 3 0x80000070 (0x0302a383) x7  0x00000000 mem 0x90023030
core   0: 0x80000074 (0x0342ae03) lw      x28, 52(x5)
core   0: 3 0x80000074 (0x0342ae03) x28 0x00000000 mem 0x90023034
core   0: 0x80000078 (0x00003e97) auipc   x29, 0x3
core   0: 3 0x80000078 (0x00003e97) x29 0x80003078
core   0: 0x8000007c (0xf88e8e93) addi    x29, x29, -120
core   0: 3 0x8000007c (0xf88e8e93) x29 0x80003000
core   0: 0x80000080 (0x00003f17) auipc   x30, 0x3
core   0: 3 0x80000080 (0x00003f17) x30 0x80003080
core   0: 0x80000084 (0xf84f0f13) addi    x30, x30, -124
core   0: 3 0x80000084 (0xf84f0f13) x30 0x80003004
core   0: 0x80000088 (0x007ea023) sw      x7, 0(x29)
core   0: 3 0x80000088 (0x007ea023) mem 0x80003000 0x00000000
core   0: 0x8000008c (0x01cf2023) sw      x28, 0(x30)
core   0: 3 0x8000008c (0x01cf2023) mem 0x80003004 0x00000000
core   0: 0x80000090 (0x00000f97) auipc   x31, 0x0
core   0: 3 0x80000090 (0x00000f97) x31 0x80000090
core   0: 0x80000094 (0x018f8f93) addi    x31, x31, 24
core   0: 3 0x80000094 (0x018f8f93) x31 0x800000a8
core   0: 0x80000098 (0x305f9073) csrw    mtvec, x31
core   0: 3 0x80000098 (0x305f9073) c773_mtvec 0x800000a8
core   0: 0x8000009c (0x000300e7) jalr    x6
core   0: 3 0x8000009c (0x000300e7) x1  0x800000a0
core   0: 0x800000b8 (0x00c10113) addi    x2, x2, 12
core   0: 3 0x800000b8 (0x00c10113) x2  0x7000000c
core   0: 0x800000bc (0xfe112a23) sw      x1, -12(x2)
core   0: 3 0x800000bc (0xfe112a23) mem 0x70000000 0x800000a0
core   0: 0x800000c0 (0x00452283) lw      x5, 4(x10)
core   0: 3 0x800000c0 (0x00452283) x5  0x90001000 mem 0x90002004
core   0: 0x800000c4 (0xfe512e23) sw      x5, -4(x2)
core   0: 3 0x800000c4 (0xfe512e23) mem 0x70000008 0x90001000
core   0: 0x800000c8 (0x00052283) lw      x5, 0(x10)
core   0: 3 0x800000c8 (0x00052283) x5  0x90000000 mem 0x90002000
core   0: 0x800000cc (0xfe512c23) sw      x5, -8(x2)
core   0: 3 0x800000cc (0xfe512c23) mem 0x70000004 0x90000000
core   0: 0x800000d0 (0x5e004057) vmv.v.x v0, x0
core   0: 3 0x800000d0 (0x5e004057) c8_vstart 0x00000000 e32 m1 l32 v0  ffffffff 0x00000000 00000000 00000000 00000000 00000000 00000000 00000000 00000000 00000000 00000000 00000000 00000000 00000000 00000000 00000000 00000000 00000000 00000000 00000000 00000000 00000000 00000000 00000000 00000000 00000000 00000000 00000000 00000000 00000000 00000000 00000000 00000000 
core   0: 0x800000d4 (0x030000ef) jal     pc + 0x30
core   0: 3 0x800000d4 (0x030000ef) x1  0x800000d8
core   0: 0x80000104 (0x00410113) addi    x2, x2, 4
core   0: 3 0x80000104 (0x00410113) x2  0x70000010
core   0: 0x80000108 (0xfe112e23) sw      x1, -4(x2)
core   0: 3 0x80000108 (0xfe112e23) mem 0x7000000c 0x800000d8
core   0: 0x8000010c (0x020040d7) vadd.vx v1, v0, x0
core   0: 3 0x8000010c (0x020040d7) c8_vstart 0x00000000 e32 m1 l32 v1  ffffffff 0x00000000 00000000 00000000 00000000 00000000 00000000 00000000 00000000 00000000 00000000 00000000 00000000 00000000 00000000 00000000 00000000 00000000 00000000 00000000 00000000 00000000 00000000 00000000 00000000 00000000 00000000 00000000 00000000 00000000 00000000 00000000 00000000 
core   0: 0x80000110 (0x00200293) li      x5, 2
core   0: 3 0x80000110 (0x00200293) x5  0x00000002
core   0: 0x80000114 (0x5e02c057) vmv.v.x v0, x5
core   0: 3 0x80000114 (0x5e02c057) c8_vstart 0x00000000 e32 m1 l32 v0  ffffffff 0x00000002 00000002 00000002 00000002 00000002 00000002 00000002 00000002 00000002 00000002 00000002 00000002 00000002 00000002 00000002 00000002 00000002 00000002 00000002 00000002 00000002 00000002 00000002 00000002 00000002 00000002 00000002 00000002 00000002 00000002 00000002 00000002 
core   0: 0x80000118 (0x00000317) auipc   x6, 0x0
core   0: 3 0x80000118 (0x00000317) x6  0x80000118
core   0: 0x8000011c (0x0543305b) setrpc  x0, x6, 84
core   0: 3 0x8000011c (0x0543305b) c2060_rpc 0x8000016c current mask:	ffffffff current npc:	00000000 stack size: 0
core   0: 0x80000120 (0x0410045b) vbeq    v1, v0, pc + 72
core   0: 3 0x80000120 (0x0410045b) c8_vstart 0x00000000 e32 m1 l32 current mask:	ffffffff current npc:	80000124 stack size: 0
core   0: 0x80000124 (0x0040006f) j       pc + 0x4
core   0: 3 0x80000124 (0x0040006f)
core   0: 0x80000128 (0x00100293) li      x5, 1
core   0: 3 0x80000128 (0x00100293) x5  0x00000001
core   0: 0x8000012c (0x5e02c057) vmv.v.x v0, x5
core   0: 3 0x8000012c (0x5e02c057) c8_vstart 0x00000000 e32 m1 l32 v0  ffffffff 0x00000001 00000001 00000001 00000001 00000001 00000001 00000001 00000001 00000001 00000001 00000001 00000001 00000001 00000001 00000001 00000001 00000001 00000001 00000001 00000001 00000001 00000001 00000001 00000001 00000001 00000001 00000001 00000001 00000001 00000001 00000001 00000001 
core   0: 0x80000130 (0x00000317) auipc   x6, 0x0
core   0: 3 0x80000130 (0x00000317) x6  0x80000130
core   0: 0x80000134 (0x03c3305b) setrpc  x0, x6, 60
core   0: 3 0x80000134 (0x03c3305b) c2060_rpc 0x8000016c current mask:	ffffffff current npc:	80000124 stack size: 0
core   0: 0x80000138 (0x0210045b) vbeq    v1, v0, pc + 40
core   0: 3 0x80000138 (0x0210045b) c8_vstart 0x00000000 e32 m1 l32 current mask:	ffffffff current npc:	8000013c stack size: 0
core   0: 0x8000013c (0x0040006f) j       pc + 0x4
core   0: 3 0x8000013c (0x0040006f)
core   0: 0x80000140 (0x5e004157) vmv.v.x v2, x0
core   0: 3 0x80000140 (0x5e004157) c8_vstart 0x00000000 e32 m1 l32 v2  ffffffff 0x00000000 00000000 00000000 00000000 00000000 00000000 00000000 00000000 00000000 00000000 00000000 00000000 00000000 00000000 00000000 00000000 00000000 00000000 00000000 00000000 00000000 00000000 00000000 00000000 00000000 00000000 00000000 00000000 00000000 00000000 00000000 00000000 
core   0: 0x80000144 (0x5e004057) vmv.v.x v0, x0
core   0: 3 0x80000144 (0x5e004057) c8_vstart 0x00000000 e32 m1 l32 v0  ffffffff 0x00000000 00000000 00000000 00000000 00000000 00000000 00000000 00000000 00000000 00000000 00000000 00000000 00000000 00000000 00000000 00000000 00000000 00000000 00000000 00000000 00000000 00000000 00000000 00000000 00000000 00000000 00000000 00000000 00000000 00000000 00000000 00000000 
core   0: 0x80000148 (0x00000317) auipc   x6, 0x0
core   0: 3 0x80000148 (0x00000317) x6  0x80000148
core   0: 0x8000014c (0x0243305b) setrpc  x0, x6, 36
core   0: 3 0x8000014c (0x0243305b) c2060_rpc 0x8000016c current mask:	ffffffff current npc:	8000013c stack size: 0
core   0: 0x80000150 (0x00111e5b) vbne    v1, v2, pc + 28
core   0: 3 0x80000150 (0x00111e5b) c8_vstart 0x00000000 e32 m1 l32 current mask:	ffffffff current npc:	80000154 stack size: 0
core   0: 0x80000154 (0x0040006f) j       pc + 0x4
core   0: 3 0x80000154 (0x0040006f)
core   0: 0x80000158 (0x100000ef) jal     pc + 0x100
core   0: 3 0x80000158 (0x100000ef) x1  0x8000015c
core   0: 0x80000258 (0x00410113) addi    x2, x2, 4
core   0: 3 0x80000258 (0x00410113) x2  0x70000014
core   0: 0x8000025c (0xfe112e23) sw      x1, -4(x2)
core   0: 3 0x8000025c (0xfe112e23) mem 0x70000010 0x8000015c
core   0: 0x80000260 (0xf1dff0ef) jal     pc - 0xe4
core   0: 3 0x80000260 (0xf1dff0ef) x1  0x80000264
core   0: 0x8000017c (0x00410113) addi    x2, x2, 4
core   0: 3 0x8000017c (0x00410113) x2  0x70000018
core   0: 0x80000180 (0xfe112e23) sw      x1, -4(x2)
core   0: 3 0x80000180 (0xfe112e23) mem 0x70000014 0x80000264
core   0: 0x80000184 (0x80302573) csrr    x10, knl
core   0: 3 0x80000184 (0x80302573) x10 0x90023000
core   0: 0x80000188 (0x00852283) lw      x5, 8(x10)
core   0: 3 0x80000188 (0x00852283) x5  0x00000001 mem 0x90023008
core   0: 0x8000018c (0x80002373) csrr    x6, tid
core   0: 3 0x8000018c (0x80002373) x6  0x00000000
core   0: 0x80000190 (0x5208a157) vid.v   v2
core   0: 3 0x80000190 (0x5208a157) c8_vstart 0x00000000 e32 m1 l32 v2  ffffffff 0x0000001f 0000001e 0000001d 0000001c 0000001b 0000001a 00000019 00000018 00000017 00000016 00000015 00000014 00000013 00000012 00000011 00000010 0000000f 0000000e 0000000d 0000000c 0000000b 0000000a 00000009 00000008 00000007 00000006 00000005 00000004 00000003 00000002 00000001 00000000 
core   0: 0x80000194 (0x02234057) vadd.vx v0, v2, x6
core   0: 3 0x80000194 (0x02234057) c8_vstart 0x00000000 e32 m1 l32 v0  ffffffff 0x0000001f 0000001e 0000001d 0000001c 0000001b 0000001a 00000019 00000018 00000017 00000016 00000015 00000014 00000013 00000012 00000011 00000010 0000000f 0000000e 0000000d 0000000c 0000000b 0000000a 00000009 00000008 00000007 00000006 00000005 00000004 00000003 00000002 00000001 00000000 
core   0: 0x80000198 (0x01852e03) lw      x28, 24(x10)
core   0: 3 0x80000198 (0x01852e03) x28 0x00000020 mem 0x90023018
core   0: 0x8000019c (0x8a0e6057) vremu.vx v0, v0, x28
core   0: 3 0x8000019c (0x8a0e6057) c8_vstart 0x00000000 e32 m1 l32 v0  ffffffff 0x0000001f 0000001e 0000001d 0000001c 0000001b 0000001a 00000019 00000018 00000017 00000016 00000015 00000014 00000013 00000012 00000011 00000010 0000000f 0000000e 0000000d 0000000c 0000000b 0000000a 00000009 00000008 00000007 00000006 00000005 00000004 00000003 00000002 00000001 00000000 
core   0: 0x800001a0 (0xffc12083) lw      x1, -4(x2)
core   0: 3 0x800001a0 (0xffc12083) x1  0x80000264 mem 0x70000014
core   0: 0x800001a4 (0xffc10113) addi    x2, x2, -4
core   0: 3 0x800001a4 (0xffc10113) x2  0x70000014
core   0: 0x800001a8 (0x00008067) ret
core   0: 3 0x800001a8 (0x00008067)
core   0: 0x80000264 (0x80302573) csrr    x10, knl
core   0: 3 0x80000264 (0x80302573) x10 0x90023000
core   0: 0x80000268 (0x80802373) csrr    x6, gidx
core   0: 3 0x80000268 (0x80802373) x6  0x00000000
core   0: 0x8000026c (0x01852e03) lw      x28, 24(x10)
core   0: 3 0x8000026c (0x01852e03) x28 0x00000020 mem 0x90023018
core   0: 0x80000270 (0x02452e83) lw      x29, 36(x10)
core   0: 3 0x80000270 (0x02452e83) x29 0x00000000 mem 0x90023024
core   0: 0x80000274 (0x03c30fb3) mul     x31, x6, x28
core   0: 3 0x80000274 (0x03c30fb3) x31 0x00000000
core   0: 0x80000278 (0x01df8fb3) add     x31, x31, x29
core   0: 3 0x80000278 (0x01df8fb3) x31 0x00000000
core   0: 0x8000027c (0x020fc057) vadd.vx v0, v0, x31
core   0: 3 0x8000027c (0x020fc057) c8_vstart 0x00000000 e32 m1 l32 v0  ffffffff 0x0000001f 0000001e 0000001d 0000001c 0000001b 0000001a 00000019 00000018 00000017 00000016 00000015 00000014 00000013 00000012 00000011 00000010 0000000f 0000000e 0000000d 0000000c 0000000b 0000000a 00000009 00000008 00000007 00000006 00000005 00000004 00000003 00000002 00000001 00000000 
core   0: 0x80000280 (0xffc12083) lw      x1, -4(x2)
core   0: 3 0x80000280 (0xffc12083) x1  0x8000015c mem 0x70000010
core   0: 0x80000284 (0xffc10113) addi    x2, x2, -4
core   0: 3 0x80000284 (0xffc10113) x2  0x70000010
core   0: 0x80000288 (0x00008067) ret
core   0: 3 0x80000288 (0x00008067)
core   0: 0x8000015c (0x0100006f) j       pc + 0x10
core   0: 3 0x8000015c (0x0100006f)
core   0: 0x8000016c (0x0000205b) join    v0, v0, pc + 0
core   0: 3 0x8000016c (0x0000205b) current mask:	ffffffff current npc:	80000154 stack size: 0
core   0: 0x80000170 (0xffc12083) lw      x1, -4(x2)
core   0: 3 0x80000170 (0xffc12083) x1  0x800000d8 mem 0x7000000c
core   0: 0x80000174 (0xffc10113) addi    x2, x2, -4
core   0: 3 0x80000174 (0xffc10113) x2  0x7000000c
core   0: 0x80000178 (0x00008067) ret
core   0: 3 0x80000178 (0x00008067)
core   0: 0x800000d8 (0x96013057) vsll.vi v0, v0, 2
core   0: 3 0x800000d8 (0x96013057) c8_vstart 0x00000000 e32 m1 l32 v0  ffffffff 0x0000007c 00000078 00000074 00000070 0000006c 00000068 00000064 00000060 0000005c 00000058 00000054 00000050 0000004c 00000048 00000044 00000040 0000003c 00000038 00000034 00000030 0000002c 00000028 00000024 00000020 0000001c 00000018 00000014 00000010 0000000c 00000008 00000004 00000000 
core   0: 0x800000dc (0xff812283) lw      x5, -8(x2)
core   0: 3 0x800000dc (0xff812283) x5  0x90000000 mem 0x70000004
core   0: 0x800000e0 (0x0202c0d7) vadd.vx v1, v0, x5
core   0: 3 0x800000e0 (0x0202c0d7) c8_vstart 0x00000000 e32 m1 l32 v1  ffffffff 0x9000007c 90000078 90000074 90000070 9000006c 90000068 90000064 90000060 9000005c 90000058 90000054 90000050 9000004c 90000048 90000044 90000040 9000003c 90000038 90000034 90000030 9000002c 90000028 90000024 90000020 9000001c 90000018 90000014 90000010 9000000c 90000008 90000004 90000000 
core   0: 0x800000e4 (0x0000a0fb) vlw12.v v1, v1, 0
core   0: 3 0x800000e4 (0x0000a0fb) e32 m1 l32 v1  ffffffff 0x40bcce24 c0af5132 3b4ac000 c0803ad6 3eafa5a0 c08c1f20 bfaa1530 40b26fa8 c006ec36 409ea780 40b0a3cc bf1d3098 bd252480 c05cbf26 c08a3d48 40a06d06 4077f06c c033178c 4088236a 3fb6f178 401ad450 c0679742 bfc4a5a4 bfd0f934 c0be9f52 40b53594 bdbeb440 c08b2d38 405b6270 40a0f400 4044095c 3fb13528  c8_vstart 0x00000000 mem 0x90000000 mem 0x90000004 mem 0x90000008 mem 0x9000000c mem 0x90000010 mem 0x90000014 mem 0x90000018 mem 0x9000001c mem 0x90000020 mem 0x90000024 mem 0x90000028 mem 0x9000002c mem 0x90000030 mem 0x90000034 mem 0x90000038 mem 0x9000003c mem 0x90000040 mem 0x90000044 mem 0x90000048 mem 0x9000004c mem 0x90000050 mem 0x90000054 mem 0x90000058 mem 0x9000005c mem 0x90000060 mem 0x90000064 mem 0x90000068 mem 0x9000006c mem 0x90000070 mem 0x90000074 mem 0x90000078 mem 0x9000007c
core   0: 0x800000e8 (0x221000aa) vgelu.approx.f32 v1, v1
core   0: 3 0x800000e8 (0x221000aa) c8_vstart 0x00000000 e32 m1 l32 v1  ffffffff 0x40bcce24 80000000 3acb3c00 b9012000 3e5ecf98 b7dd0000 bdfa4880 40b26fa8 bd172ea0 409ea77c 40b0a3cc be298c20 bc9fd480 ba7df800 b80e8000 40a06d03 4077ed0a bbeb7200 4088230c 3fa8f3fb 4019a001 ba0c9000 bdc3e7c0 bdab7770 80000000 40b53594 bd308920 b7fa0000 405b515e 40a0f3fd 4043d26a 3fa27abb 
core   0: 0x800000ec (0xffc12283) lw      x5, -4(x2)
core   0: 3 0x800000ec (0xffc12283) x5  0x90001000 mem 0x70000008
core   0: 0x800000f0 (0x0202c057) vadd.vx v0, v0, x5
core   0: 3 0x800000f0 (0x0202c057) c8_vstart 0x00000000 e32 m1 l32 v0  ffffffff 0x9000107c 90001078 90001074 90001070 9000106c 90001068 90001064 90001060 9000105c 90001058 90001054 90001050 9000104c 90001048 90001044 90001040 9000103c 90001038 90001034 90001030 9000102c 90001028 90001024 90001020 9000101c 90001018 90001014 90001010 9000100c 90001008 90001004 90001000 
core   0: 0x800000f4 (0x0010607b) vsw12.v v1, v0, 0
core   0: 3 0x800000f4 (0x0010607b) c8_vstart 0x00000000 e32 m1 l32 mem 0x90001000 0x3fa27abb mem 0x90001004 0x4043d26a mem 0x90001008 0x40a0f3fd mem 0x9000100c 0x405b515e mem 0x90001010 0xb7fa0000 mem 0x90001014 0xbd308920 mem 0x90001018 0x40b53594 mem 0x9000101c 0x80000000 mem 0x90001020 0xbdab7770 mem 0x90001024 0xbdc3e7c0 mem 0x90001028 0xba0c9000 mem 0x9000102c 0x4019a001 mem 0x90001030 0x3fa8f3fb mem 0x90001034 0x4088230c mem 0x90001038 0xbbeb7200 mem 0x9000103c 0x4077ed0a mem 0x90001040 0x40a06d03 mem 0x90001044 0xb80e8000 mem 0x90001048 0xba7df800 mem 0x9000104c 0xbc9fd480 mem 0x90001050 0xbe298c20 mem 0x90001054 0x40b0a3cc mem 0x90001058 0x409ea77c mem 0x9000105c 0xbd172ea0 mem 0x90001060 0x40b26fa8 mem 0x90001064 0xbdfa4880 mem 0x90001068 0xb7dd0000 mem 0x9000106c 0x3e5ecf98 mem 0x90001070 0xb9012000 mem 0x90001074 0x3acb3c00 mem 0x90001078 0x80000000 mem 0x9000107c 0x40bcce24
core   0: 0x800000f8 (0xff412083) lw      x1, -12(x2)
core   0: 3 0x800000f8 (0xff412083) x1  0x800000a0 mem 0x70000000
core   0: 0x800000fc (0xff410113) addi    x2, x2, -12
core   0: 3 0x800000fc (0xff410113) x2  0x70000000
core   0: 0x80000100 (0x00008067) ret
core   0: 3 0x80000100 (0x00008067)
core   0: 0x800000a0 (0x0000400b) endprg  x0, x0, x0
core   0: 3 0x800000a0 (0x0000400b)
core   0: 0x800000a4 (0x0040006f) j       pc + 0x4
core   0: 3 0x800000a4 (0x0040006f)
core   0: 0x800000a8 (0x00100313) li      x6, 1
core   0: 3 0x800000a8 (0x00100313) x6  0x00000001
core   0: 0x800000ac (0x00001297) auipc   x5, 0x1
core   0: 3 0x800000ac (0x00001297) x5  0x800010ac
core   0: 0x800000b0 (0xf5428293) addi    x5, x5, -172
core   0: 3 0x800000b0 (0xf5428293) x5  0x80001000
core   0: 0x800000b4 (0x0062a023) sw      x6, 0(x5)
core   0: 3 0x800000b4 (0x0062a023) mem 0x80001000 0x00000001
