core   0: 0x00001000 (0x00000297) auipc   x5, 0x0
core   0: 3 0x00001000 (0x00000297) x5  0x00001000
core   0: 0x00001004 (0x02028593) addi    x11, x5, 32
core   0: 3 0x00001004 (0x02028593) x11 0x00001020
core   0: 0x00001008 (0xf1402573) csrr    x10, mhartid
core   0: 3 0x00001008 (0xf1402573) x10 0x00000000
core   0: 0x0000100c (0x0182a283) lw      x5, 24(x5)
core   0: 3 0x0000100c (0x0182a283) x5  0x80000000 mem 0x00001018
core   0: 0x00001010 (0x00028067) jr      x5
core   0: 3 0x00001010 (0x00028067)
core   0: 0x80000000 (0x00004197) auipc   x3, 0x4
core   0: 3 0x80000000 (0x00004197) x3  0x80004000
core   0: 0x80000004 (0x80818193) addi    x3, x3, -2040
core   0: 3 0x80000004 (0x80818193) x3  0x80003808
core   0: 0x80000008 (0x02000e93) li      x29, 32
core   0: 3 0x80000008 (0x02000e93) x29 0x00000020
core   0: 0x8000000c (0x0d0efed7) vsetvli x29, x29, e32, m1, ta, ma
core   0: 3 0x8000000c (0x0d0efed7) x29 0x00000020 c8_vstart 0x00000000 c3104_vl 0x00000020 c3105_vtype 0x000000d0 c768_mstatus 0x80000600
core   0: 0x80000010 (0x00002eb7) lui     x29, 0x2
core   0: 3 0x80000010 (0x00002eb7) x29 0x00002000
core   0: 0x80000014 (0x300eaef3) csrrs   x29, mstatus, x29
core   0: 3 0x80000014 (0x300eaef3) x29 0x80000600 c768_mstatus 0x80006600
core   0: 0x80000018 (0x00000e93) li      x29, 0
core   0: 3 0x80000018 (0x00000e93) x29 0x00000000
core   0: 0x8000001c (0x80502373) csrr    x6, wid
core   0: 3 0x8000001c (0x80502373) x6  0x00000000
core   0: 0x80000020 (0x806023f3) csrr    x7, lds
core   0: 3 0x80000020 (0x806023f3) x7  0x70000000
core   0: 0x80000024 (0x40000e13) li      x28, 1024
core   0: 3 0x80000024 (0x40000e13) x28 0x00000400
core   0: 0x80000028 (0x03c30333) mul     x6, x6, x28
core   0: 3 0x80000028 (0x03c30333) x6  0x00000000
core   0: 0x8000002c (0x00730133) add     x2, x6, x7
core   0: 3 0x8000002c (0x00730133) x2  0x70000000
core   0: 0x80000030 (0x00000213) li      x4, 0
core   0: 3 0x80000030 (0x00000213) x4  0x00000000
core   0: 0x80000034 (0x80102f73) csrr    x30, numw
core   0: 3 0x80000034 (0x80102f73) x30 0x00000001
core   0: 0x80000038 (0x40000e13) li      x28, 1024
core   0: 3 0x80000038 (0x40000e13) x28 0x00000400
core   0: 0x8000003c (0x03cf0f33) mul     x30, x30, x28
core   0: 3 0x8000003c (0x03cf0f33) x30 0x00000400
core   0: 0x80000040 (0x01e38433) add     x8, x7, x30
core   0: 3 0x80000040 (0x01e38433) x8  0x70000400
core   0: 0x80000044 (0x00003517) auipc   x10, 0x3
core   0: 3 0x80000044 (0x00003517) x10 0x80003044
core   0: 0x80000048 (0xfc450513) addi    x10, x10, -60
core   0: 3 0x80000048 (0xfc450513) x10 0x80003008
core   0: 0x8000004c (0x00003617) auipc   x12, 0x3
core   0: 3 0x8000004c (0x00003617) x12 0x8000304c
core   0: 0x80000050 (0xfbc60613) addi    x12, x12, -68
core   0: 3 0x80000050 (0xfbc60613) x12 0x80003008
core   0: 0x80000054 (0x00c50863) beq     x10, x12, pc + 16
core   0: 3 0x80000054 (0x00c50863)
core   0: 0x80000064 (0x803022f3) csrr    x5, knl
core   0: 3 0x80000064 (0x803022f3) x5  0x90025000
core   0: 0x80000068 (0x0002a303) lw      x6, 0(x5)
core   0: 3 0x80000068 (0x0002a303) x6  0x800000b8 mem 0x90025000
core   0: 0x8000006c (0x0042a503) lw      x10, 4(x5)
core   0: 3 0x8000006c (0x0042a503) x10 0x90004000 mem 0x90025004
core   0: 0x80000070 (0x0302a383) lw      x7, 48(x5)
core   0: 3 0x80000070 (0x0302a383) x7  0x00000000 mem 0x90025030
core   0: 0x80000074 (0x0342ae03) lw      x28, 52(x5)
core   0: 3 0x80000074 (0x0342ae03) x28 0x00000000 mem 0x90025034
core   0: 0x80000078 (0x00003e97) auipc   x29, 0x3
core   0: 3 0x80000078 (0x00003e97) x29 0x80003078
core   0: 0x8000007c (0xf88e8e93) addi    x29, x29, -120
core   0: 3 0x8000007c (0xf88e8e93) x29 0x80003000
core   0: 0x80000080 (0x00003f17) auipc   x30, 0x3
core   0: 3 0x80000080 (0x00003f17) x30 0x80003080
core   0: 0x80000084 (0xf84f0f13) addi    x30, x30, -124
core   0: 3 0x80000084 (0xf84f0f13) x30 0x80003004
core   0: 0x80000088 (0x007ea023) sw      x7, 0(x29)
core   0: 3 0x80000088 (0x007ea023) mem 0x80003000 0x00000000
core   0: 0x8000008c (0x01cf2023) sw      x28, 0(x30)
core   0: 3 0x8000008c (0x01cf2023) mem 0x80003004 0x00000000
core   0: 0x80000090 (0x00000f97) auipc   x31, 0x0
core   0: 3 0x80000090 (0x00000f97) x31 0x80000090
core   0: 0x80000094 (0x018f8f93) addi    x31, x31, 24
core   0: 3 0x80000094 (0x018f8f93) x31 0x800000a8
core   0: 0x80000098 (0x305f9073) csrw    mtvec, x31
core   0: 3 0x80000098 (0x305f9073) c773_mtvec 0x800000a8
core   0: 0x8000009c (0x000300e7) jalr    x6
core   0: 3 0x8000009c (0x000300e7) x1  0x800000a0
core   0: 0x800000b8 (0x01410113) addi    x2, x2, 20
core   0: 3 0x800000b8 (0x01410113) x2  0x70000014
core   0: 0x800000bc (0xfe112623) sw      x1, -20(x2)
core   0: 3 0x800000bc (0xfe112623) mem 0x70000000 0x800000a0
core   0: 0x800000c0 (0x00c52283) lw      x5, 12(x10)
core   0: 3 0x800000c0 (0x00c52283) x5  0x90003000 mem 0x9000400c
core   0: 0x800000c4 (0xfe512e23) sw      x5, -4(x2)
core   0: 3 0x800000c4 (0xfe512e23) mem 0x70000010 0x90003000
core   0: 0x800000c8 (0x00852283) lw      x5, 8(x10)
core   0: 3 0x800000c8 (0x00852283) x5  0x90002000 mem 0x90004008
core   0: 0x800000cc (0xfe512c23) sw      x5, -8(x2)
core   0: 3 0x800000cc (0xfe512c23) mem 0x7000000c 0x90002000
core   0: 0x800000d0 (0x00452283) lw      x5, 4(x10)
core   0: 3 0x800000d0 (0x00452283) x5  0x90001000 mem 0x90004004
core   0: 0x800000d4 (0xfe512a23) sw      x5, -12(x2)
core   0: 3 0x800000d4 (0xfe512a23) mem 0x70000008 0x90001000
core   0: 0x800000d8 (0x00052283) lw      x5, 0(x10)
core   0: 3 0x800000d8 (0x00052283) x5  0x90000000 mem 0x90004000
core   0: 0x800000dc (0xfe512823) sw      x5, -16(x2)
core   0: 3 0x800000dc (0xfe512823) mem 0x70000004 0x90000000
core   0: 0x800000e0 (0x5e004057) vmv.v.x v0, x0
core   0: 3 0x800000e0 (0x5e004057) c8_vstart 0x00000000 e32 m1 l32 v0  ffffffff 0x00000000 00000000 00000000 00000000 00000000 00000000 00000000 00000000 00000000 00000000 00000000 00000000 00000000 00000000 00000000 00000000 00000000 00000000 00000000 00000000 00000000 00000000 00000000 00000000 00000000 00000000 00000000 00000000 00000000 00000000 00000000 00000000 
core   0: 0x800000e4 (0x0c8000ef) jal     pc + 0xc8
core   0: 3 0x800000e4 (0x0c8000ef) x1  0x800000e8
core   0: 0x800001ac (0x00410113) addi    x2, x2, 4
core   0: 3 0x800001ac (0x00410113) x2  0x70000018
core   0: 0x800001b0 (0xfe112e23) sw      x1, -4(x2)
core   0: 3 0x800001b0 (0xfe112e23) mem 0x70000014 0x800000e8
core   0: 0x800001b4 (0x020040d7) vadd.vx v1, v0, x0
core   0: 3 0x800001b4 (0x020040d7) c8_vstart 0x00000000 e32 m1 l32 v1  ffffffff 0x00000000 00000000 00000000 00000000 00000000 00000000 00000000 00000000 00000000 00000000 00000000 00000000 00000000 00000000 00000000 00000000 00000000 00000000 00000000 00000000 00000000 00000000 00000000 00000000 00000000 00000000 00000000 00000000 00000000 00000000 00000000 00000000 
core   0: 0x800001b8 (0x00200293) li      x5, 2
core   0: 3 0x800001b8 (0x00200293) x5  0x00000002
core   0: 0x800001bc (0x5e02c057) vmv.v.x v0, x5
core   0: 3 0x800001bc (0x5e02c057) c8_vstart 0x00000000 e32 m1 l32 v0  ffffffff 0x00000002 00000002 00000002 00000002 00000002 00000002 00000002 00000002 00000002 00000002 00000002 00000002 00000002 00000002 00000002 00000002 00000002 00000002 00000002 00000002 00000002 00000002 00000002 00000002 00000002 00000002 00000002 00000002 00000002 00000002 00000002 00000002 
core   0: 0x800001c0 (0x00000317) auipc   x6, 0x0
core   0: 3 0x800001c0 (0x00000317) x6  0x800001c0
core   0: 0x800001c4 (0x0543305b) setrpc  x0, x6, 84
core   0: 3 0x800001c4 (0x0543305b) c2060_rpc 0x80000214 current mask:	ffffffff current npc:	00000000 stack size: 0
core   0: 0x800001c8 (0x0410045b) vbeq    v1, v0, pc + 72
core   0: 3 0x800001c8 (0x0410045b) c8_vstart 0x00000000 e32 m1 l32 current mask:	ffffffff current npc:	800001cc stack size: 0
core   0: 0x800001cc (0x0040006f) j       pc + 0x4
core   0: 3 0x800001cc (0x0040006f)
core   0: 0x800001d0 (0x00100293) li      x5, 1
core   0: 3 0x800001d0 (0x00100293) x5  0x00000001
core   0: 0x800001d4 (0x5e02c057) vmv.v.x v0, x5
core   0: 3 0x800001d4 (0x5e02c057) c8_vstart 0x00000000 e32 m1 l32 v0  ffffffff 0x00000001 00000001 00000001 00000001 00000001 00000001 00000001 00000001 00000001 00000001 00000001 00000001 00000001 00000001 00000001 00000001 00000001 00000001 00000001 00000001 00000001 00000001 00000001 00000001 00000001 00000001 00000001 00000001 00000001 00000001 00000001 00000001 
core   0: 0x800001d8 (0x00000317) auipc   x6, 0x0
core   0: 3 0x800001d8 (0x00000317) x6  0x800001d8
core   0: 0x800001dc (0x03c3305b) setrpc  x0, x6, 60
core   0: 3 0x800001dc (0x03c3305b) c2060_rpc 0x80000214 current mask:	ffffffff current npc:	800001cc stack size: 0
core   0: 0x800001e0 (0x0210045b) vbeq    v1, v0, pc + 40
core   0: 3 0x800001e0 (0x0210045b) c8_vstart 0x00000000 e32 m1 l32 current mask:	ffffffff current npc:	800001e4 stack size: 0
core   0: 0x800001e4 (0x0040006f) j       pc + 0x4
core   0: 3 0x800001e4 (0x0040006f)
core   0: 0x800001e8 (0x5e004157) vmv.v.x v2, x0
core   0: 3 0x800001e8 (0x5e004157) c8_vstart 0x00000000 e32 m1 l32 v2  ffffffff 0x00000000 00000000 00000000 00000000 00000000 00000000 00000000 00000000 00000000 00000000 00000000 00000000 00000000 00000000 00000000 00000000 00000000 00000000 00000000 00000000 00000000 00000000 00000000 00000000 00000000 00000000 00000000 00000000 00000000 00000000 00000000 00000000 
core   0: 0x800001ec (0x5e004057) vmv.v.x v0, x0
core   0: 3 0x800001ec (0x5e004057) c8_vstart 0x00000000 e32 m1 l32 v0  ffffffff 0x00000000 00000000 00000000 00000000 00000000 00000000 00000000 00000000 00000000 00000000 00000000 00000000 00000000 00000000 00000000 00000000 00000000 00000000 00000000 00000000 00000000 00000000 00000000 00000000 00000000 00000000 00000000 00000000 00000000 00000000 00000000 00000000 
core   0: 0x800001f0 (0x00000317) auipc   x6, 0x0
core   0: 3 0x800001f0 (0x00000317) x6  0x800001f0
core   0: 0x800001f4 (0x0243305b) setrpc  x0, x6, 36
core   0: 3 0x800001f4 (0x0243305b) c2060_rpc 0x80000214 current mask:	ffffffff current npc:	800001e4 stack size: 0
core   0: 0x800001f8 (0x00111e5b) vbne    v1, v2, pc + 28
core   0: 3 0x800001f8 (0x00111e5b) c8_vstart 0x00000000 e32 m1 l32 current mask:	ffffffff current npc:	800001fc stack size: 0
core   0: 0x800001fc (0x0040006f) j       pc + 0x4
core   0: 3 0x800001fc (0x0040006f)
core   0: 0x80000200 (0x100000ef) jal     pc + 0x100
core   0: 3 0x80000200 (0x100000ef) x1  0x80000204
core   0: 0x80000300 (0x00410113) addi    x2, x2, 4
core   0: 3 0x80000300 (0x00410113) x2  0x7000001c
core   0: 0x80000304 (0xfe112e23) sw      x1, -4(x2)
core   0: 3 0x80000304 (0xfe112e23) mem 0x70000018 0x80000204
core   0: 0x80000308 (0xf1dff0ef) jal     pc - 0xe4
core   0: 3 0x80000308 (0xf1dff0ef) x1  0x8000030c
core   0: 0x80000224 (0x00410113) addi    x2, x2, 4
core   0: 3 0x80000224 (0x00410113) x2  0x70000020
core   0: 0x80000228 (0xfe112e23) sw      x1, -4(x2)
core   0: 3 0x80000228 (0xfe112e23) mem 0x7000001c 0x8000030c
core   0: 0x8000022c (0x80302573) csrr    x10, knl
core   0: 3 0x8000022c (0x80302573) x10 0x90025000
core   0: 0x80000230 (0x00852283) lw      x5, 8(x10)
core   0: 3 0x80000230 (0x00852283) x5  0x00000001 mem 0x90025008
core   0: 0x80000234 (0x80002373) csrr    x6, tid
core   0: 3 0x80000234 (0x80002373) x6  0x00000000
core   0: 0x80000238 (0x5208a157) vid.v   v2
core   0: 3 0x80000238 (0x5208a157) c8_vstart 0x00000000 e32 m1 l32 v2  ffffffff 0x0000001f 0000001e 0000001d 0000001c 0000001b 0000001a 00000019 00000018 00000017 00000016 00000015 00000014 00000013 00000012 00000011 00000010 0000000f 0000000e 0000000d 0000000c 0000000b 0000000a 00000009 00000008 00000007 00000006 00000005 00000004 00000003 00000002 00000001 00000000 
core   0: 0x8000023c (0x02234057) vadd.vx v0, v2, x6
core   0: 3 0x8000023c (0x02234057) c8_vstart 0x00000000 e32 m1 l32 v0  ffffffff 0x0000001f 0000001e 0000001d 0000001c 0000001b 0000001a 00000019 00000018 00000017 00000016 00000015 00000014 00000013 00000012 00000011 00000010 0000000f 0000000e 0000000d 0000000c 0000000b 0000000a 00000009 00000008 00000007 00000006 00000005 00000004 00000003 00000002 00000001 00000000 
core   0: 0x80000240 (0x01852e03) lw      x28, 24(x10)
core   0: 3 0x80000240 (0x01852e03) x28 0x00000020 mem 0x90025018
core   0: 0x80000244 (0x8a0e6057) vremu.vx v0, v0, x28
core   0: 3 0x80000244 (0x8a0e6057) c8_vstart 0x00000000 e32 m1 l32 v0  ffffffff 0x0000001f 0000001e 0000001d 0000001c 0000001b 0000001a 00000019 00000018 00000017 00000016 00000015 00000014 00000013 00000012 00000011 00000010 0000000f 0000000e 0000000d 0000000c 0000000b 0000000a 00000009 00000008 00000007 00000006 00000005 00000004 00000003 00000002 00000001 00000000 
core   0: 0x80000248 (0xffc12083) lw      x1, -4(x2)
core   0: 3 0x80000248 (0xffc12083) x1  0x8000030c mem 0x7000001c
core   0: 0x8000024c (0xffc10113) addi    x2, x2, -4
core   0: 3 0x8000024c (0xffc10113) x2  0x7000001c
core   0: 0x80000250 (0x00008067) ret
core   0: 3 0x80000250 (0x00008067)
core   0: 0x8000030c (0x80302573) csrr    x10, knl
core   0: 3 0x8000030c (0x80302573) x10 0x90025000
core   0: 0x80000310 (0x80802373) csrr    x6, gidx
core   0: 3 0x80000310 (0x80802373) x6  0x00000000
core   0: 0x80000314 (0x01852e03) lw      x28, 24(x10)
core   0: 3 0x80000314 (0x01852e03) x28 0x00000020 mem 0x90025018
core   0: 0x80000318 (0x02452e83) lw      x29, 36(x10)
core   0: 3 0x80000318 (0x02452e83) x29 0x00000000 mem 0x90025024
core   0: 0x8000031c (0x03c30fb3) mul     x31, x6, x28
core   0: 3 0x8000031c (0x03c30fb3) x31 0x00000000
core   0: 0x80000320 (0x01df8fb3) add     x31, x31, x29
core   0: 3 0x80000320 (0x01df8fb3) x31 0x00000000
core   0: 0x80000324 (0x020fc057) vadd.vx v0, v0, x31
core   0: 3 0x80000324 (0x020fc057) c8_vstart 0x00000000 e32 m1 l32 v0  ffffffff 0x0000001f 0000001e 0000001d 0000001c 0000001b 0000001a 00000019 00000018 00000017 00000016 00000015 00000014 00000013 00000012 00000011 00000010 0000000f 0000000e 0000000d 0000000c 0000000b 0000000a 00000009 00000008 00000007 00000006 00000005 00000004 00000003 00000002 00000001 00000000 
core   0: 0x80000328 (0xffc12083) lw      x1, -4(x2)
core   0: 3 0x80000328 (0xffc12083) x1  0x80000204 mem 0x70000018
core   0: 0x8000032c (0xffc10113) addi    x2, x2, -4
core   0: 3 0x8000032c (0xffc10113) x2  0x70000018
core   0: 0x80000330 (0x00008067) ret
core   0: 3 0x80000330 (0x00008067)
core   0: 0x80000204 (0x0100006f) j       pc + 0x10
core   0: 3 0x80000204 (0x0100006f)
core   0: 0x80000214 (0x0000205b) join    v0, v0, pc + 0
core   0: 3 0x80000214 (0x0000205b) current mask:	ffffffff current npc:	800001fc stack size: 0
core   0: 0x80000218 (0xffc12083) lw      x1, -4(x2)
core   0: 3 0x80000218 (0xffc12083) x1  0x800000e8 mem 0x70000014
core   0: 0x8000021c (0xffc10113) addi    x2, x2, -4
core   0: 3 0x8000021c (0xffc10113) x2  0x70000014
core   0: 0x80000220 (0x00008067) ret
core   0: 3 0x80000220 (0x00008067)
core   0: 0x800000e8 (0x960230d7) vsll.vi v1, v0, 4
core   0: 3 0x800000e8 (0x960230d7) c8_vstart 0x00000000 e32 m1 l32 v1  ffffffff 0x000001f0 000001e0 000001d0 000001c0 000001b0 000001a0 00000190 00000180 00000170 00000160 00000150 00000140 00000130 00000120 00000110 00000100 000000f0 000000e0 000000d0 000000c0 000000b0 000000a0 00000090 00000080 00000070 00000060 00000050 00000040 00000030 00000020 00000010 00000000 
core   0: 0x800000ec (0xff012283) lw      x5, -16(x2)
core   0: 3 0x800000ec (0xff012283) x5  0x90000000 mem 0x70000004
core   0: 0x800000f0 (0x5e02c157) vmv.v.x v2, x5
core   0: 3 0x800000f0 (0x5e02c157) c8_vstart 0x00000000 e32 m1 l32 v2  ffffffff 0x90000000 90000000 90000000 90000000 90000000 90000000 90000000 90000000 90000000 90000000 90000000 90000000 90000000 90000000 90000000 90000000 90000000 90000000 90000000 90000000 90000000 90000000 90000000 90000000 90000000 90000000 90000000 90000000 90000000 90000000 90000000 90000000 
core   0: 0x800000f4 (0x0212c1d7) vadd.vx v3, v1, x5
core   0: 3 0x800000f4 (0x0212c1d7) c8_vstart 0x00000000 e32 m1 l32 v3  ffffffff 0x900001f0 900001e0 900001d0 900001c0 900001b0 900001a0 90000190 90000180 90000170 90000160 90000150 90000140 90000130 90000120 90000110 90000100 900000f0 900000e0 900000d0 900000c0 900000b0 900000a0 90000090 90000080 90000070 90000060 90000050 90000040 90000030 90000020 90000010 90000000 
core   0: 0x800000f8 (0x0001a1fb) vlw12.v v3, v3, 0
core   0: 3 0x800000f8 (0x0001a1fb) e32 m1 l32 v3  ffffffff 0x3a0fba53 a74db913 ba52bc1b b7e13c8f 3bd43705 386dbc88 b63eb286 39233b64 371cb934 3561355b 35cd3930 b4b4b098 3b74349f 334ab3db 3a05b99e 2e873ad3 3cebbc91 1148baae 2c93bb4c b46e3ca6 b7073c22 3c9ab018 a04db9c0 bb333c2e 3a75b8aa 3b1734c4 3808ba08 b51fb571 bcf73cb8 a4f7bb40 39b73c31 391b349d  c8_vstart 0x00000000 mem 0x90000000 mem 0x90000010 mem 0x90000020 mem 0x90000030 mem 0x90000040 mem 0x90000050 mem 0x90000060 mem 0x90000070 mem 0x90000080 mem 0x90000090 mem 0x900000a0 mem 0x900000b0 mem 0x900000c0 mem 0x900000d0 mem 0x900000e0 mem 0x900000f0 mem 0x90000100 mem 0x90000110 mem 0x90000120 mem 0x90000130 mem 0x90000140 mem 0x90000150 mem 0x90000160 mem 0x90000170 mem 0x90000180 mem 0x90000190 mem 0x900001a0 mem 0x900001b0 mem 0x900001c0 mem 0x900001d0 mem 0x900001e0 mem 0x900001f0
core   0: 0x800000fc (0x2a1233d7) vor.vi  v7, v1, 4
core   0: 3 0x800000fc (0x2a1233d7) c8_vstart 0x00000000 e32 m1 l32 v7  ffffffff 0x000001f4 000001e4 000001d4 000001c4 000001b4 000001a4 00000194 00000184 00000174 00000164 00000154 00000144 00000134 00000124 00000114 00000104 000000f4 000000e4 000000d4 000000c4 000000b4 000000a4 00000094 00000084 00000074 00000064 00000054 00000044 00000034 00000024 00000014 00000004 
core   0: 0x80000100 (0x02238457) vadd.vv v8, v2, v7
core   0: 3 0x80000100 (0x02238457) c8_vstart 0x00000000 e32 m1 l32 v8  ffffffff 0x900001f4 900001e4 900001d4 900001c4 900001b4 900001a4 90000194 90000184 90000174 90000164 90000154 90000144 90000134 90000124 90000114 90000104 900000f4 900000e4 900000d4 900000c4 900000b4 900000a4 90000094 90000084 90000074 90000064 90000054 90000044 90000034 90000024 90000014 90000004 
core   0: 0x80000104 (0x0004227b) vlw12.v v4, v8, 0
core   0: 3 0x80000104 (0x0004227b) e32 m1 l32 v4  ffffffff 0x3c263c8a a56c3c5a 3cbf3525 36d4ba8d 32a6b413 3b68b9be b8b23632 391eba97 3c6e3c24 3a2fbc0e ab923c4e b72cbbba b75936d4 3cb33a3f 37b5af41 384c3ac5 36f4387e 35a43662 bc6aa762 370f3c5d 336d38a0 b1c02d7a bc8a2558 b8abb9ea 3ccabb05 bc7738d0 3c4cbbd7 b8133b5a 31f73c41 3af4baf7 bc77b5d6 ba5b3a30  c8_vstart 0x00000000 mem 0x90000004 mem 0x90000014 mem 0x90000024 mem 0x90000034 mem 0x90000044 mem 0x90000054 mem 0x90000064 mem 0x90000074 mem 0x90000084 mem 0x90000094 mem 0x900000a4 mem 0x900000b4 mem 0x900000c4 mem 0x900000d4 mem 0x900000e4 mem 0x900000f4 mem 0x90000104 mem 0x90000114 mem 0x90000124 mem 0x90000134 mem 0x90000144 mem 0x90000154 mem 0x90000164 mem 0x90000174 mem 0x90000184 mem 0x90000194 mem 0x900001a4 mem 0x900001b4 mem 0x900001c4 mem 0x900001d4 mem 0x900001e4 mem 0x900001f4
core   0: 0x80000108 (0x2a143457) vor.vi  v8, v1, 8
core   0: 3 0x80000108 (0x2a143457) c8_vstart 0x00000000 e32 m1 l32 v8  ffffffff 0x000001f8 000001e8 000001d8 000001c8 000001b8 000001a8 00000198 00000188 00000178 00000168 00000158 00000148 00000138 00000128 00000118 00000108 000000f8 000000e8 000000d8 000000c8 000000b8 000000a8 00000098 00000088 00000078 00000068 00000058 00000048 00000038 00000028 00000018 00000008 
core   0: 0x8000010c (0x022404d7) vadd.vv v9, v2, v8
core   0: 3 0x8000010c (0x022404d7) c8_vstart 0x00000000 e32 m1 l32 v9  ffffffff 0x900001f8 900001e8 900001d8 900001c8 900001b8 900001a8 90000198 90000188 90000178 90000168 90000158 90000148 90000138 90000128 90000118 90000108 900000f8 900000e8 900000d8 900000c8 900000b8 900000a8 90000098 90000088 90000078 90000068 90000058 90000048 90000038 90000028 90000018 90000008 
core   0: 0x80000110 (0x0004a2fb) vlw12.v v5, v9, 0
core   0: 3 0x80000110 (0x0004a2fb) e32 m1 l32 v5  ffffffff 0xb3d51da0 b9593975 b32ab5d9 bc22b554 bc45b706 381cbc93 3819b91c ace73105 3481b968 b976b791 bb2dbc72 3c8dba90 b91f3896 b275382b bca6b806 b7c4299f 3328393d b9ec306c 3ce0bc92 3b6db355 baea2879 b168b3cd bb183a57 b86dba47 355eb5c9 bc37b628 394c3c77 ba33b965 b97abcb7 b6c53a35 b90cb834 309e3945  c8_vstart 0x00000000 mem 0x90000008 mem 0x90000018 mem 0x90000028 mem 0x90000038 mem 0x90000048 mem 0x90000058 mem 0x90000068 mem 0x90000078 mem 0x90000088 mem 0x90000098 mem 0x900000a8 mem 0x900000b8 mem 0x900000c8 mem 0x900000d8 mem 0x900000e8 mem 0x900000f8 mem 0x90000108 mem 0x90000118 mem 0x90000128 mem 0x90000138 mem 0x90000148 mem 0x90000158 mem 0x90000168 mem 0x90000178 mem 0x90000188 mem 0x90000198 mem 0x900001a8 mem 0x900001b8 mem 0x900001c8 mem 0x900001d8 mem 0x900001e8 mem 0x900001f8
core   0: 0x80000114 (0x2a1634d7) vor.vi  v9, v1, 12
core   0: 3 0x80000114 (0x2a1634d7) c8_vstart 0x00000000 e32 m1 l32 v9  ffffffff 0x000001fc 000001ec 000001dc 000001cc 000001bc 000001ac 0000019c 0000018c 0000017c 0000016c 0000015c 0000014c 0000013c 0000012c 0000011c 0000010c 000000fc 000000ec 000000dc 000000cc 000000bc 000000ac 0000009c 0000008c 0000007c 0000006c 0000005c 0000004c 0000003c 0000002c 0000001c 0000000c 
core   0: 0x80000118 (0x02248157) vadd.vv v2, v2, v9
core   0: 3 0x80000118 (0x02248157) c8_vstart 0x00000000 e32 m1 l32 v2  ffffffff 0x900001fc 900001ec 900001dc 900001cc 900001bc 900001ac 9000019c 9000018c 9000017c 9000016c 9000015c 9000014c 9000013c 9000012c 9000011c 9000010c 900000fc 900000ec 900000dc 900000cc 900000bc 900000ac 9000009c 9000008c 9000007c 9000006c 9000005c 9000004c 9000003c 9000002c 9000001c 9000000c 
core   0: 0x8000011c (0x0001237b) vlw12.v v6, v2, 0
core   0: 3 0x8000011c (0x0001237b) e32 m1 l32 v6  ffffffff 0x307db914 351e3916 bca7bc96 b07d397e 39ce392e bc03bb98 b9013b3d bbd6bbd9 acaa3cbb b928bcc0 b2653b06 34493b19 3cf9bb11 367634e1 2c6e38f8 bb303ccf b1a03c5f aa2eb92d 3c4fb189 b5b6bc0f ba93b759 3106b28e 382cba3f b9be37e0 bc14b654 3cc137a9 394f3ce2 b6d4b871 3b3fbc28 bac3b8ed 29ccb216 3886bc26  c8_vstart 0x00000000 mem 0x9000000c mem 0x9000001c mem 0x9000002c mem 0x9000003c mem 0x9000004c mem 0x9000005c mem 0x9000006c mem 0x9000007c mem 0x9000008c mem 0x9000009c mem 0x900000ac mem 0x900000bc mem 0x900000cc mem 0x900000dc mem 0x900000ec mem 0x900000fc mem 0x9000010c mem 0x9000011c mem 0x9000012c mem 0x9000013c mem 0x9000014c mem 0x9000015c mem 0x9000016c mem 0x9000017c mem 0x9000018c mem 0x9000019c mem 0x900001ac mem 0x900001bc mem 0x900001cc mem 0x900001dc mem 0x900001ec mem 0x900001fc
core   0: 0x80000120 (0xff412283) lw      x5, -12(x2)
core   0: 3 0x80000120 (0xff412283) x5  0x90001000 mem 0x70000008
core   0: 0x80000124 (0x5e02c157) vmv.v.x v2, x5
core   0: 3 0x80000124 (0x5e02c157) c8_vstart 0x00000000 e32 m1 l32 v2  ffffffff 0x90001000 90001000 90001000 90001000 90001000 90001000 90001000 90001000 90001000 90001000 90001000 90001000 90001000 90001000 90001000 90001000 90001000 90001000 90001000 90001000 90001000 90001000 90001000 90001000 90001000 90001000 90001000 90001000 90001000 90001000 90001000 90001000 
core   0: 0x80000128 (0x0212c0d7) vadd.vx v1, v1, x5
core   0: 3 0x80000128 (0x0212c0d7) c8_vstart 0x00000000 e32 m1 l32 v1  ffffffff 0x900011f0 900011e0 900011d0 900011c0 900011b0 900011a0 90001190 90001180 90001170 90001160 90001150 90001140 90001130 90001120 90001110 90001100 900010f0 900010e0 900010d0 900010c0 900010b0 900010a0 90001090 90001080 90001070 90001060 90001050 90001040 90001030 90001020 90001010 90001000 
core   0: 0x8000012c (0x0000a57b) vlw12.v v10, v1, 0
core   0: 3 0x8000012c (0x0000a57b) e32 m1 l32 v10 ffffffff 0xb19bba8e 3bc8294a b29b3a0d 38d33818 3a27bcd6 a6b3b6c5 3064b36c 35c3bcb3 b10ba739 3b173236 bc7d3c4c b5c933a6 2d5ab4fd b791b87e 3caabc17 b87a3cff bb89b752 b97430d1 3c9abc0c b1982d38 36edb761 bcf931cd bcabbc9a b89b3b90 bb9b3baf 3aee3a36 3cc7392b 352eb13c 3ce934f4 38ea398e bc673ab6 3c6e3410  c8_vstart 0x00000000 mem 0x90001000 mem 0x90001010 mem 0x90001020 mem 0x90001030 mem 0x90001040 mem 0x90001050 mem 0x90001060 mem 0x90001070 mem 0x90001080 mem 0x90001090 mem 0x900010a0 mem 0x900010b0 mem 0x900010c0 mem 0x900010d0 mem 0x900010e0 mem 0x900010f0 mem 0x90001100 mem 0x90001110 mem 0x90001120 mem 0x90001130 mem 0x90001140 mem 0x90001150 mem 0x90001160 mem 0x90001170 mem 0x90001180 mem 0x90001190 mem 0x900011a0 mem 0x900011b0 mem 0x900011c0 mem 0x900011d0 mem 0x900011e0 mem 0x900011f0
core   0: 0x80000130 (0x022380d7) vadd.vv v1, v2, v7
core   0: 3 0x80000130 (0x022380d7) c8_vstart 0x00000000 e32 m1 l32 v1  ffffffff 0x900011f4 900011e4 900011d4 900011c4 900011b4 900011a4 90001194 90001184 90001174 90001164 90001154 90001144 90001134 90001124 90001114 90001104 900010f4 900010e4 900010d4 900010c4 900010b4 900010a4 90001094 90001084 90001074 90001064 90001054 90001044 90001034 90001024 90001014 90001004 
core   0: 0x80000134 (0x0000a5fb) vlw12.v v11, v1, 0
core   0: 3 0x80000134 (0x0000a5fb) e32 m1 l32 v11 ffffffff 0x3a6936b9 3cc23cf8 b89d144b 3b20b568 b58a30c0 37132888 b9543c8f bb1ab8ed 38e13ce2 3644b4f7 3c683cb9 2ef3bc18 36d9afda 3cda3538 bcc6b0b9 bc6f3c2c b6c13c18 3c39bab9 29fe3ac2 b699bab1 3a8fb971 b1713a95 32523b2a bbb1bc47 34dbb987 39ffbac0 bc5b3bd0 1c313948 34433cfe 3c433a13 bcc9b5c8 3425bbc5  c8_vstart 0x00000000 mem 0x90001004 mem 0x90001014 mem 0x90001024 mem 0x90001034 mem 0x90001044 mem 0x90001054 mem 0x90001064 mem 0x90001074 mem 0x90001084 mem 0x90001094 mem 0x900010a4 mem 0x900010b4 mem 0x900010c4 mem 0x900010d4 mem 0x900010e4 mem 0x900010f4 mem 0x90001104 mem 0x90001114 mem 0x90001124 mem 0x90001134 mem 0x90001144 mem 0x90001154 mem 0x90001164 mem 0x90001174 mem 0x90001184 mem 0x90001194 mem 0x900011a4 mem 0x900011b4 mem 0x900011c4 mem 0x900011d4 mem 0x900011e4 mem 0x900011f4
core   0: 0x80000138 (0x022400d7) vadd.vv v1, v2, v8
core   0: 3 0x80000138 (0x022400d7) c8_vstart 0x00000000 e32 m1 l32 v1  ffffffff 0x900011f8 900011e8 900011d8 900011c8 900011b8 900011a8 90001198 90001188 90001178 90001168 90001158 90001148 90001138 90001128 90001118 90001108 900010f8 900010e8 900010d8 900010c8 900010b8 900010a8 90001098 90001088 90001078 90001068 90001058 90001048 90001038 90001028 90001018 90001008 
core   0: 0x8000013c (0x0000a67b) vlw12.v v12, v1, 0
core   0: 3 0x8000013c (0x0000a67b) e32 m1 l32 v12 ffffffff 0x26193b0e 3080bcb6 39bab6d4 3b0d3a02 3a813b1d b96ba8c8 b047b902 39e536fe 398c3cf4 a96032c4 3bbe3660 b189305d a0b8bb20 bcdf3841 ba26bb6e 30403640 3ba5b8ee ba4bbcc3 35a7b809 b8acb44a b3dc3a90 bc9cb5ec b76cb82c bb0f333f 3c5637a9 b82c3a8f ba4cba33 b16dbca0 ba7a3980 346cba28 b5d0bb75 35bd3c2c  c8_vstart 0x00000000 mem 0x90001008 mem 0x90001018 mem 0x90001028 mem 0x90001038 mem 0x90001048 mem 0x90001058 mem 0x90001068 mem 0x90001078 mem 0x90001088 mem 0x90001098 mem 0x900010a8 mem 0x900010b8 mem 0x900010c8 mem 0x900010d8 mem 0x900010e8 mem 0x900010f8 mem 0x90001108 mem 0x90001118 mem 0x90001128 mem 0x90001138 mem 0x90001148 mem 0x90001158 mem 0x90001168 mem 0x90001178 mem 0x90001188 mem 0x90001198 mem 0x900011a8 mem 0x900011b8 mem 0x900011c8 mem 0x900011d8 mem 0x900011e8 mem 0x900011f8
core   0: 0x80000140 (0x022480d7) vadd.vv v1, v2, v9
core   0: 3 0x80000140 (0x022480d7) c8_vstart 0x00000000 e32 m1 l32 v1  ffffffff 0x900011fc 900011ec 900011dc 900011cc 900011bc 900011ac 9000119c 9000118c 9000117c 9000116c 9000115c 9000114c 9000113c 9000112c 9000111c 9000110c 900010fc 900010ec 900010dc 900010cc 900010bc 900010ac 9000109c 9000108c 9000107c 9000106c 9000105c 9000104c 9000103c 9000102c 9000101c 9000100c 
core   0: 0x80000144 (0x0000a6fb) vlw12.v v13, v1, 0
core   0: 3 0x80000144 (0x0000a6fb) e32 m1 l32 v13 ffffffff 0x35b5bcaf 3525bb0d 3cdd3cd5 bb13376a bba6bc09 b93eaf39 bc9a3cc9 3570bc4f 3502bbcf 33823b58 3b363a24 3856b88d b9e53b8e 35213c64 bb6435ae 2fe63c57 3651bad5 b48f2e69 3c3ebc03 3b84b806 bcc7b8fd 39a6bc25 b454bb38 3cff2485 38cd3cfd b86ab688 381bb41d bb753ce7 396eb422 b67b3c1d 3bf8baba 360137d8  c8_vstart 0x00000000 mem 0x9000100c mem 0x9000101c mem 0x9000102c mem 0x9000103c mem 0x9000104c mem 0x9000105c mem 0x9000106c mem 0x9000107c mem 0x9000108c mem 0x9000109c mem 0x900010ac mem 0x900010bc mem 0x900010cc mem 0x900010dc mem 0x900010ec mem 0x900010fc mem 0x9000110c mem 0x9000111c mem 0x9000112c mem 0x9000113c mem 0x9000114c mem 0x9000115c mem 0x9000116c mem 0x9000117c mem 0x9000118c mem 0x9000119c mem 0x900011ac mem 0x900011bc mem 0x900011cc mem 0x900011dc mem 0x900011ec mem 0x900011fc
core   0: 0x80000148 (0x9602b057) vsll.vi v0, v0, 5
core   0: 3 0x80000148 (0x9602b057) c8_vstart 0x00000000 e32 m1 l32 v0  ffffffff 0x000003e0 000003c0 000003a0 00000380 00000360 00000340 00000320 00000300 000002e0 000002c0 000002a0 00000280 00000260 00000240 00000220 00000200 000001e0 000001c0 000001a0 00000180 00000160 00000140 00000120 00000100 000000e0 000000c0 000000a0 00000080 00000060 00000040 00000020 00000000 
core   0: 0x8000014c (0xff812283) lw      x5, -8(x2)
core   0: 3 0x8000014c (0xff812283) x5  0x90002000 mem 0x7000000c
core   0: 0x80000150 (0x0202c0d7) vadd.vx v1, v0, x5
core   0: 3 0x80000150 (0x0202c0d7) c8_vstart 0x00000000 e32 m1 l32 v1  ffffffff 0x900023e0 900023c0 900023a0 90002380 90002360 90002340 90002320 90002300 900022e0 900022c0 900022a0 90002280 90002260 90002240 90002220 90002200 900021e0 900021c0 900021a0 90002180 90002160 90002140 90002120 90002100 900020e0 900020c0 900020a0 90002080 90002060 90002040 90002020 90002000 
core   0: 0x80000154 (0x0000a77b) vlw12.v v14, v1, 0
core   0: 3 0x80000154 (0x0000a77b) e32 m1 l32 v14 ffffffff 0x3ef8aafc bf005d54 3f9b9e04 bea29e64 3f341a9c bf7fbbfe bd12db80 bf805fa9 bf909555 3f9e61e4 bf6a0cf8 bf3c988a 3f9bfd32 3ed5f37c bf7c7979 3f74d5ac 3ccf29c0 bf18776a 3f492ca8 be9dab44 3ec89a70 bef2cfa6 bf42f4fc be31b9a0 bf8a5946 3e813058 3f4ba808 3e28a0b0 3ebeb2ec bf53c09c bf9199ff 3f8a1cd2  c8_vstart 0x00000000 mem 0x90002000 mem 0x90002020 mem 0x90002040 mem 0x90002060 mem 0x90002080 mem 0x900020a0 mem 0x900020c0 mem 0x900020e0 mem 0x90002100 mem 0x90002120 mem 0x90002140 mem 0x90002160 mem 0x90002180 mem 0x900021a0 mem 0x900021c0 mem 0x900021e0 mem 0x90002200 mem 0x90002220 mem 0x90002240 mem 0x90002260 mem 0x90002280 mem 0x900022a0 mem 0x900022c0 mem 0x900022e0 mem 0x90002300 mem 0x90002320 mem 0x90002340 mem 0x90002360 mem 0x90002380 mem 0x900023a0 mem 0x900023c0 mem 0x900023e0
core   0: 0x80000158 (0x0040a7fb) vlw12.v v15, v1, 4
core   0: 3 0x80000158 (0x0040a7fb) e32 m1 l32 v15 ffffffff 0x3f8ddb02 3f912944 3e013bd0 beccbee2 3ea43558 3f61fc60 3ef3a780 bf382764 3f99c268 bf777fbd 3d362b40 3f464b68 bde627a0 bf09e906 3f578500 3f8a0260 3f06340e bf0432de bebdbd3e bf0ad7ad bf597b8c be23c130 3f1cc522 3f047054 bee41396 bf8d1253 bf8a2540 be05bb98 bf4060d9 3ed3fa8c bf2f1717 bf9bc76a  c8_vstart 0x00000000 mem 0x90002004 mem 0x90002024 mem 0x90002044 mem 0x90002064 mem 0x90002084 mem 0x900020a4 mem 0x900020c4 mem 0x900020e4 mem 0x90002104 mem 0x90002124 mem 0x90002144 mem 0x90002164 mem 0x90002184 mem 0x900021a4 mem 0x900021c4 mem 0x900021e4 mem 0x90002204 mem 0x90002224 mem 0x90002244 mem 0x90002264 mem 0x90002284 mem 0x900022a4 mem 0x900022c4 mem 0x900022e4 mem 0x90002304 mem 0x90002324 mem 0x90002344 mem 0x90002364 mem 0x90002384 mem 0x900023a4 mem 0x900023c4 mem 0x900023e4
core   0: 0x8000015c (0x0080a87b) vlw12.v v16, v1, 8
core   0: 3 0x8000015c (0x0080a87b) e32 m1 l32 v16 ffffffff 0xbf843f41 3f896370 3f9995c0 3d503520 bf447e3d bf227dd9 3e22d1f0 bf3e3ac1 3e9317f0 bf810ffc bf0a1534 bf9326a4 3e062538 bf2581a2 3e7b5540 bf7ff55c bd7a8660 3e61a830 be47f250 3f35eaf0 3e0e0648 3d51b240 3f317fd4 3f5657ec 3d542080 3e145590 beb4eff8 be589800 3da3e9a0 3f4bdce0 3f85dc44 be4eafb0  c8_vstart 0x00000000 mem 0x90002008 mem 0x90002028 mem 0x90002048 mem 0x90002068 mem 0x90002088 mem 0x900020a8 mem 0x900020c8 mem 0x900020e8 mem 0x90002108 mem 0x90002128 mem 0x90002148 mem 0x90002168 mem 0x90002188 mem 0x900021a8 mem 0x900021c8 mem 0x900021e8 mem 0x90002208 mem 0x90002228 mem 0x90002248 mem 0x90002268 mem 0x90002288 mem 0x900022a8 mem 0x900022c8 mem 0x900022e8 mem 0x90002308 mem 0x90002328 mem 0x90002348 mem 0x90002368 mem 0x90002388 mem 0x900023a8 mem 0x900023c8 mem 0x900023e8
core   0: 0x80000160 (0x00c0a8fb) vlw12.v v17, v1, 12
core   0: 3 0x80000160 (0x00c0a8fb) e32 m1 l32 v17 ffffffff 0xbd713480 be525ed8 3f979988 3f867d00 bf3f2763 3f759488 3f32ebfe be54a520 bf7bd98e 3e8d9b2c 3d6bd1e0 bf9e10bf 3f653258 3f7b7c4c 3f0b9a50 3f8179c8 be410c68 bf4d229d 3ecc7798 3f949050 be29e260 bf1eef78 3ed9ce60 bf7f1f38 3e21b7f0 bbf05600 bc76c480 3f45403c bf4550b6 bdf69e70 3f9f8646 3db4d1f0  c8_vstart 0x00000000 mem 0x9000200c mem 0x9000202c mem 0x9000204c mem 0x9000206c mem 0x9000208c mem 0x900020ac mem 0x900020cc mem 0x900020ec mem 0x9000210c mem 0x9000212c mem 0x9000214c mem 0x9000216c mem 0x9000218c mem 0x900021ac mem 0x900021cc mem 0x900021ec mem 0x9000220c mem 0x9000222c mem 0x9000224c mem 0x9000226c mem 0x9000228c mem 0x900022ac mem 0x900022cc mem 0x900022ec mem 0x9000230c mem 0x9000232c mem 0x9000234c mem 0x9000236c mem 0x9000238c mem 0x900023ac mem 0x900023cc mem 0x900023ec
core   0: 0x80000164 (0x0100a97b) vlw12.v v18, v1, 16
core   0: 3 0x80000164 (0x0100a97b) e32 m1 l32 v18 ffffffff 0x3e459768 3f42dc8c 3e2f2ab0 3e8c2b70 bf4342d2 3ed3fa3c be7b16b0 bf8f54e9 bec419ae 3ebe8140 3f218382 3f20bfa0 3f959546 3f3b52ce 3ddbed00 3e43a100 3d75fc40 3ee300a0 3f96ca54 3f856b80 bf9b3334 bf318105 bf0da9bf 3f9f265a 3f67d818 befea252 3f5b8028 bf369d0a be99fdde bf305d59 bf94677f 3f7043f0  c8_vstart 0x00000000 mem 0x90002010 mem 0x90002030 mem 0x90002050 mem 0x90002070 mem 0x90002090 mem 0x900020b0 mem 0x900020d0 mem 0x900020f0 mem 0x90002110 mem 0x90002130 mem 0x90002150 mem 0x90002170 mem 0x90002190 mem 0x900021b0 mem 0x900021d0 mem 0x900021f0 mem 0x90002210 mem 0x90002230 mem 0x90002250 mem 0x90002270 mem 0x90002290 mem 0x900022b0 mem 0x900022d0 mem 0x900022f0 mem 0x90002310 mem 0x90002330 mem 0x90002350 mem 0x90002370 mem 0x90002390 mem 0x900023b0 mem 0x900023d0 mem 0x900023f0
core   0: 0x80000168 (0x0140a9fb) vlw12.v v19, v1, 20
core   0: 3 0x80000168 (0x0140a9fb) e32 m1 l32 v19 ffffffff 0x3f296442 bee40982 3f8b31fe bec9df04 3f2ba824 be8f32fa bf0d11ea bf77038e 3f3817b2 bf0407e8 3ea6b69c bf0cf1ea 3dd2f320 be8ea1c8 bf9d1b39 3d2010e0 3f6a0cb8 bf3a7974 3f71c878 3f2327f4 3f06daec 3ee13e94 bf7e0ef6 3f0cd406 bf9f527a bf4111e2 3f613948 3f22fec4 3f8f4a82 3e156508 3f42ef40 bf6117fc  c8_vstart 0x00000000 mem 0x90002014 mem 0x90002034 mem 0x90002054 mem 0x90002074 mem 0x90002094 mem 0x900020b4 mem 0x900020d4 mem 0x900020f4 mem 0x90002114 mem 0x90002134 mem 0x90002154 mem 0x90002174 mem 0x90002194 mem 0x900021b4 mem 0x900021d4 mem 0x900021f4 mem 0x90002214 mem 0x90002234 mem 0x90002254 mem 0x90002274 mem 0x90002294 mem 0x900022b4 mem 0x900022d4 mem 0x900022f4 mem 0x90002314 mem 0x90002334 mem 0x90002354 mem 0x90002374 mem 0x90002394 mem 0x900023b4 mem 0x900023d4 mem 0x900023f4
core   0: 0x8000016c (0x0180aa7b) vlw12.v v20, v1, 24
core   0: 3 0x8000016c (0x0180aa7b) e32 m1 l32 v20 ffffffff 0x3f891752 3f5ac750 be8f1a80 bce79dc0 bf9ef283 3e127040 3daae680 3f9be9d6 bf7536d4 bf8514c4 bf72d910 3f85106c 3f6df504 bef9e5f0 be833208 3ed3376c 3e1cb910 3f9ecf04 3f5e8c9c 3f8bb96c 3f59e694 bf692ec2 3e658030 bf3eec84 bf914f81 3e9532fc be85f1c0 bf2edbb0 3f0ad25c 3f581f00 bf99a688 3f8e3e5a  c8_vstart 0x00000000 mem 0x90002018 mem 0x90002038 mem 0x90002058 mem 0x90002078 mem 0x90002098 mem 0x900020b8 mem 0x900020d8 mem 0x900020f8 mem 0x90002118 mem 0x90002138 mem 0x90002158 mem 0x90002178 mem 0x90002198 mem 0x900021b8 mem 0x900021d8 mem 0x900021f8 mem 0x90002218 mem 0x90002238 mem 0x90002258 mem 0x90002278 mem 0x90002298 mem 0x900022b8 mem 0x900022d8 mem 0x900022f8 mem 0x90002318 mem 0x90002338 mem 0x90002358 mem 0x90002378 mem 0x90002398 mem 0x900023b8 mem 0x900023d8 mem 0x900023f8
core   0: 0x80000170 (0x01c0aafb) vlw12.v v21, v1, 28
core   0: 3 0x80000170 (0x01c0aafb) e32 m1 l32 v21 ffffffff 0x3f374680 bf5052a0 bed26db0 bde46980 be8a2c40 3f48b2a0 3ef52470 3e2f8618 bf3fd536 3e5faf28 3ef10468 3f33aa2c bed40838 bcf3f200 beaf0988 3a7ef800 3ce7b0c0 3ebb2b54 3e409a98 3f9a278e 3f021202 bf827059 beb7af9a bd555900 3f93ddfa bf8073d5 3da00370 3f6a5bb8 bf40fe25 bf1bfa97 3f1a7dae bf6cbb68  c8_vstart 0x00000000 mem 0x9000201c mem 0x9000203c mem 0x9000205c mem 0x9000207c mem 0x9000209c mem 0x900020bc mem 0x900020dc mem 0x900020fc mem 0x9000211c mem 0x9000213c mem 0x9000215c mem 0x9000217c mem 0x9000219c mem 0x900021bc mem 0x900021dc mem 0x900021fc mem 0x9000221c mem 0x9000223c mem 0x9000225c mem 0x9000227c mem 0x9000229c mem 0x900022bc mem 0x900022dc mem 0x900022fc mem 0x9000231c mem 0x9000233c mem 0x9000235c mem 0x9000237c mem 0x9000239c mem 0x900023bc mem 0x900023dc mem 0x900023fc
core   0: 0x80000174 (0x06a1970a) mma.m16n16k16 v14, v10, v3
core   0: 3 0x80000174 (0x06a1970a) e32 m1 l32 v21 ffffffff 0x4072f5d7 bf936089 bffb236b 40196448 c08e1df4 bf17b21e bf5dfd4e bfa4fcd1 c09cf7c7 bec9e510 404975be c04917cb 40891132 3c803d80 c0115abe 4007a4c4 3f999451 3f2cc25d 409341a1 40b7e7d7 c0011071 40178131 3fb6192f c03067d8 3e225dc0 3fd63332 3f53f768 3ffcb81e c05dc9f6 4035802c 3f1e0e6e bf96f55f  v20 ffffffff 0xbfb5aafc bf027ebd 3f587396 bf8217b7 3f936183 3fb4a3e0 40321a62 400e43e5 3f19eeb3 3e204560 be8431ee 402980ae 3f57aac2 400a0eff 4036b835 bfacc406 3f818ce4 3ff0f760 bfca0723 404026b6 3fa44e93 c0dbb320 403fff91 3fd58827 c0205d81 bfd3fcf2 c052f1d3 c022036f 4045305e c05f0c93 3f0bde87 3ffbe83a  c8_vstart 0x00000000 v19 ffffffff 0xc028da70 3f999e9e 3e222270 bcc963f0 3fc1bb15 bf2b45c2 bfd71c35 3e736658 40569a81 c04c3195 beca4b1f 3f70ae87 40831db6 3fa1d938 3dbf6c60 bf5ca7f7 3ede414f c0248e81 bf480a7c c02f548a bf2790fe 3f978ae3 c0718b4e 3ce36298 bfc0f7a8 3fed5a9c 4020be28 3f58ed23 3f3aa9c4 404de565 bff47c70 c025e976  v18 ffffffff 0x3f44757b bef4eff4 bfd95dac c06f03cf bfe9a0fa 3f054a82 bfe8e78d bc820d00 bf59a2bf 408d2824 bf957b82 3eb4339c 4083b600 3e0699e0 bf9fdd0f 40445bb9 c02bc9a6 3fac6bc6 3f791995 bdb122bc bf3aedc0 bdb53a10 bfa424e9 40a1e3b4 404304e8 3ee00618 bfc16ab1 3fe67095 bfc46a3a 3e7a653c 3fe19c40 bf6566a5  v17 ffffffff 0x3f350112 3e78a922 3f24def9 c006abd4 4079169f 3fb83699 bf5b6828 3fd47a09 bfa5ae8c bf55ac5d c0a78606 3facacff 3f966b90 3f67e021 bf829a01 401b5cbb c00fca76 c031673f 408a4858 3d548d50 40b38694 409dbdfd 3fc43b2d bffe7bba 3f34465e c038d143 3ebb8494 40698c36 c0e05072 400b644b 4016c9d3 c01cd669  v16 ffffffff 0x40549ccd 3f002e51 bf5ebabc 3f99c9e7 bfcef7d0 bf5a0a84 bfedb38d c06e8ca4 c09234d9 3f03e516 3f9e215e bfc684c4 bf22d402 bf5471f6 bfa8a208 3fa35a73 3e999cea 40d877f6 3f4a0c7e bfacd95b 3fc620be 3fd88dde bfb661a0 bebb4e82 40095f82 3f7ac20e 3f512ceb 3f5cf576 3e799f40 40ad0f92 3ea75aba bcdbe790  v15 ffffffff 0xbe0a1650 4016495c 3f91fab2 4041a11e 3f5f80d2 bc320c10 3e6ae737 c09e045e 3ea61daa c0383206 3fde8863 bf99df13 bff7e468 40650328 bf334bbb 3f554a55 3f28859d 40125124 3fdce5c3 bd12ca68 4016d119 3ebff5cd 400066bb 3f880bb7 3fb90484 c078d1a8 bf85588d 3eeeeb10 c04b5b74 4002a4b8 3f1d0e40 c070b9fe  v14 ffffffff 0x3e1cf572 3fc9d846 4055a162 c012b03c 3fc06372 3fc56fa1 bf47eedd c090c209 bf01fccf 3ed76252 40321dbe c0081fe3 bf898a85 40a3da85 be7f44ce c01b0d7f c00eeeb2 bf6ab649 3f3f59da c033f967 408f70bd 3f31ae10 bfada57d 3ee9f699 3edf1dee c07d8209 3e673cc6 c009f8d3 3fca4dcc c0508254 bdabe024 4051d842 
core   0: 0x80000178 (0xffc12283) lw      x5, -4(x2)
core   0: 3 0x80000178 (0xffc12283) x5  0x90003000 mem 0x70000010
core   0: 0x8000017c (0x0202c057) vadd.vx v0, v0, x5
core   0: 3 0x8000017c (0x0202c057) c8_vstart 0x00000000 e32 m1 l32 v0  ffffffff 0x900033e0 900033c0 900033a0 90003380 90003360 90003340 90003320 90003300 900032e0 900032c0 900032a0 90003280 90003260 90003240 90003220 90003200 900031e0 900031c0 900031a0 90003180 90003160 90003140 90003120 90003100 900030e0 900030c0 900030a0 90003080 90003060 90003040 90003020 90003000 
core   0: 0x80000180 (0x01506e7b) vsw12.v v21, v0, 28
core   0: 3 0x80000180 (0x01506e7b) c8_vstart 0x00000000 e32 m1 l32 mem 0x9000301c 0xbf96f55f mem 0x9000303c 0x3f1e0e6e mem 0x9000305c 0x4035802c mem 0x9000307c 0xc05dc9f6 mem 0x9000309c 0x3ffcb81e mem 0x900030bc 0x3f53f768 mem 0x900030dc 0x3fd63332 mem 0x900030fc 0x3e225dc0 mem 0x9000311c 0xc03067d8 mem 0x9000313c 0x3fb6192f mem 0x9000315c 0x40178131 mem 0x9000317c 0xc0011071 mem 0x9000319c 0x40b7e7d7 mem 0x900031bc 0x409341a1 mem 0x900031dc 0x3f2cc25d mem 0x900031fc 0x3f999451 mem 0x9000321c 0x4007a4c4 mem 0x9000323c 0xc0115abe mem 0x9000325c 0x3c803d80 mem 0x9000327c 0x40891132 mem 0x9000329c 0xc04917cb mem 0x900032bc 0x404975be mem 0x900032dc 0xbec9e510 mem 0x900032fc 0xc09cf7c7 mem 0x9000331c 0xbfa4fcd1 mem 0x9000333c 0xbf5dfd4e mem 0x9000335c 0xbf17b21e mem 0x9000337c 0xc08e1df4 mem 0x9000339c 0x40196448 mem 0x900033bc 0xbffb236b mem 0x900033dc 0xbf936089 mem 0x900033fc 0x4072f5d7
core   0: 0x80000184 (0x01406c7b) vsw12.v v20, v0, 24
core   0: 3 0x80000184 (0x01406c7b) c8_vstart 0x00000000 e32 m1 l32 mem 0x90003018 0x3ffbe83a mem 0x90003038 0x3f0bde87 mem 0x90003058 0xc05f0c93 mem 0x90003078 0x4045305e mem 0x90003098 0xc022036f mem 0x900030b8 0xc052f1d3 mem 0x900030d8 0xbfd3fcf2 mem 0x900030f8 0xc0205d81 mem 0x90003118 0x3fd58827 mem 0x90003138 0x403fff91 mem 0x90003158 0xc0dbb320 mem 0x90003178 0x3fa44e93 mem 0x90003198 0x404026b6 mem 0x900031b8 0xbfca0723 mem 0x900031d8 0x3ff0f760 mem 0x900031f8 0x3f818ce4 mem 0x90003218 0xbfacc406 mem 0x90003238 0x4036b835 mem 0x90003258 0x400a0eff mem 0x90003278 0x3f57aac2 mem 0x90003298 0x402980ae mem 0x900032b8 0xbe8431ee mem 0x900032d8 0x3e204560 mem 0x900032f8 0x3f19eeb3 mem 0x90003318 0x400e43e5 mem 0x90003338 0x40321a62 mem 0x90003358 0x3fb4a3e0 mem 0x90003378 0x3f936183 mem 0x90003398 0xbf8217b7 mem 0x900033b8 0x3f587396 mem 0x900033d8 0xbf027ebd mem 0x900033f8 0xbfb5aafc
core   0: 0x80000188 (0x01306a7b) vsw12.v v19, v0, 20
core   0: 3 0x80000188 (0x01306a7b) c8_vstart 0x00000000 e32 m1 l32 mem 0x90003014 0xc025e976 mem 0x90003034 0xbff47c70 mem 0x90003054 0x404de565 mem 0x90003074 0x3f3aa9c4 mem 0x90003094 0x3f58ed23 mem 0x900030b4 0x4020be28 mem 0x900030d4 0x3fed5a9c mem 0x900030f4 0xbfc0f7a8 mem 0x90003114 0x3ce36298 mem 0x90003134 0xc0718b4e mem 0x90003154 0x3f978ae3 mem 0x90003174 0xbf2790fe mem 0x90003194 0xc02f548a mem 0x900031b4 0xbf480a7c mem 0x900031d4 0xc0248e81 mem 0x900031f4 0x3ede414f mem 0x90003214 0xbf5ca7f7 mem 0x90003234 0x3dbf6c60 mem 0x90003254 0x3fa1d938 mem 0x90003274 0x40831db6 mem 0x90003294 0x3f70ae87 mem 0x900032b4 0xbeca4b1f mem 0x900032d4 0xc04c3195 mem 0x900032f4 0x40569a81 mem 0x90003314 0x3e736658 mem 0x90003334 0xbfd71c35 mem 0x90003354 0xbf2b45c2 mem 0x90003374 0x3fc1bb15 mem 0x90003394 0xbcc963f0 mem 0x900033b4 0x3e222270 mem 0x900033d4 0x3f999e9e mem 0x900033f4 0xc028da70
core   0: 0x8000018c (0x0120687b) vsw12.v v18, v0, 16
core   0: 3 0x8000018c (0x0120687b) c8_vstart 0x00000000 e32 m1 l32 mem 0x90003010 0xbf6566a5 mem 0x90003030 0x3fe19c40 mem 0x90003050 0x3e7a653c mem 0x90003070 0xbfc46a3a mem 0x90003090 0x3fe67095 mem 0x900030b0 0xbfc16ab1 mem 0x900030d0 0x3ee00618 mem 0x900030f0 0x404304e8 mem 0x90003110 0x40a1e3b4 mem 0x90003130 0xbfa424e9 mem 0x90003150 0xbdb53a10 mem 0x90003170 0xbf3aedc0 mem 0x90003190 0xbdb122bc mem 0x900031b0 0x3f791995 mem 0x900031d0 0x3fac6bc6 mem 0x900031f0 0xc02bc9a6 mem 0x90003210 0x40445bb9 mem 0x90003230 0xbf9fdd0f mem 0x90003250 0x3e0699e0 mem 0x90003270 0x4083b600 mem 0x90003290 0x3eb4339c mem 0x900032b0 0xbf957b82 mem 0x900032d0 0x408d2824 mem 0x900032f0 0xbf59a2bf mem 0x90003310 0xbc820d00 mem 0x90003330 0xbfe8e78d mem 0x90003350 0x3f054a82 mem 0x90003370 0xbfe9a0fa mem 0x90003390 0xc06f03cf mem 0x900033b0 0xbfd95dac mem 0x900033d0 0xbef4eff4 mem 0x900033f0 0x3f44757b
core   0: 0x80000190 (0x0110667b) vsw12.v v17, v0, 12
core   0: 3 0x80000190 (0x0110667b) c8_vstart 0x00000000 e32 m1 l32 mem 0x9000300c 0xc01cd669 mem 0x9000302c 0x4016c9d3 mem 0x9000304c 0x400b644b mem 0x9000306c 0xc0e05072 mem 0x9000308c 0x40698c36 mem 0x900030ac 0x3ebb8494 mem 0x900030cc 0xc038d143 mem 0x900030ec 0x3f34465e mem 0x9000310c 0xbffe7bba mem 0x9000312c 0x3fc43b2d mem 0x9000314c 0x409dbdfd mem 0x9000316c 0x40b38694 mem 0x9000318c 0x3d548d50 mem 0x900031ac 0x408a4858 mem 0x900031cc 0xc031673f mem 0x900031ec 0xc00fca76 mem 0x9000320c 0x401b5cbb mem 0x9000322c 0xbf829a01 mem 0x9000324c 0x3f67e021 mem 0x9000326c 0x3f966b90 mem 0x9000328c 0x3facacff mem 0x900032ac 0xc0a78606 mem 0x900032cc 0xbf55ac5d mem 0x900032ec 0xbfa5ae8c mem 0x9000330c 0x3fd47a09 mem 0x9000332c 0xbf5b6828 mem 0x9000334c 0x3fb83699 mem 0x9000336c 0x4079169f mem 0x9000338c 0xc006abd4 mem 0x900033ac 0x3f24def9 mem 0x900033cc 0x3e78a922 mem 0x900033ec 0x3f350112
core   0: 0x80000194 (0x0100647b) vsw12.v v16, v0, 8
core   0: 3 0x80000194 (0x0100647b) c8_vstart 0x00000000 e32 m1 l32 mem 0x90003008 0xbcdbe790 mem 0x90003028 0x3ea75aba mem 0x90003048 0x40ad0f92 mem 0x90003068 0x3e799f40 mem 0x90003088 0x3f5cf576 mem 0x900030a8 0x3f512ceb mem 0x900030c8 0x3f7ac20e mem 0x900030e8 0x40095f82 mem 0x90003108 0xbebb4e82 mem 0x90003128 0xbfb661a0 mem 0x90003148 0x3fd88dde mem 0x90003168 0x3fc620be mem 0x90003188 0xbfacd95b mem 0x900031a8 0x3f4a0c7e mem 0x900031c8 0x40d877f6 mem 0x900031e8 0x3e999cea mem 0x90003208 0x3fa35a73 mem 0x90003228 0xbfa8a208 mem 0x90003248 0xbf5471f6 mem 0x90003268 0xbf22d402 mem 0x90003288 0xbfc684c4 mem 0x900032a8 0x3f9e215e mem 0x900032c8 0x3f03e516 mem 0x900032e8 0xc09234d9 mem 0x90003308 0xc06e8ca4 mem 0x90003328 0xbfedb38d mem 0x90003348 0xbf5a0a84 mem 0x90003368 0xbfcef7d0 mem 0x90003388 0x3f99c9e7 mem 0x900033a8 0xbf5ebabc mem 0x900033c8 0x3f002e51 mem 0x900033e8 0x40549ccd
core   0: 0x80000198 (0x00f0627b) vsw12.v v15, v0, 4
core   0: 3 0x80000198 (0x00f0627b) c8_vstart 0x00000000 e32 m1 l32 mem 0x90003004 0xc070b9fe mem 0x90003024 0x3f1d0e40 mem 0x90003044 0x4002a4b8 mem 0x90003064 0xc04b5b74 mem 0x90003084 0x3eeeeb10 mem 0x900030a4 0xbf85588d mem 0x900030c4 0xc078d1a8 mem 0x900030e4 0x3fb90484 mem 0x90003104 0x3f880bb7 mem 0x90003124 0x400066bb mem 0x90003144 0x3ebff5cd mem 0x90003164 0x4016d119 mem 0x90003184 0xbd12ca68 mem 0x900031a4 0x3fdce5c3 mem 0x900031c4 0x40125124 mem 0x900031e4 0x3f28859d mem 0x90003204 0x3f554a55 mem 0x90003224 0xbf334bbb mem 0x90003244 0x40650328 mem 0x90003264 0xbff7e468 mem 0x90003284 0xbf99df13 mem 0x900032a4 0x3fde8863 mem 0x900032c4 0xc0383206 mem 0x900032e4 0x3ea61daa mem 0x90003304 0xc09e045e mem 0x90003324 0x3e6ae737 mem 0x90003344 0xbc320c10 mem 0x90003364 0x3f5f80d2 mem 0x90003384 0x4041a11e mem 0x900033a4 0x3f91fab2 mem 0x900033c4 0x4016495c mem 0x900033e4 0xbe0a1650
core   0: 0x8000019c (0x00e0607b) vsw12.v v14, v0, 0
core   0: 3 0x8000019c (0x00e0607b) c8_vstart 0x00000000 e32 m1 l32 mem 0x90003000 0x4051d842 mem 0x90003020 0xbdabe024 mem 0x90003040 0xc0508254 mem 0x90003060 0x3fca4dcc mem 0x90003080 0xc009f8d3 mem 0x900030a0 0x3e673cc6 mem 0x900030c0 0xc07d8209 mem 0x900030e0 0x3edf1dee mem 0x90003100 0x3ee9f699 mem 0x90003120 0xbfada57d mem 0x90003140 0x3f31ae10 mem 0x90003160 0x408f70bd mem 0x90003180 0xc033f967 mem 0x900031a0 0x3f3f59da mem 0x900031c0 0xbf6ab649 mem 0x900031e0 0xc00eeeb2 mem 0x90003200 0xc01b0d7f mem 0x90003220 0xbe7f44ce mem 0x90003240 0x40a3da85 mem 0x90003260 0xbf898a85 mem 0x90003280 0xc0081fe3 mem 0x900032a0 0x40321dbe mem 0x900032c0 0x3ed76252 mem 0x900032e0 0xbf01fccf mem 0x90003300 0xc090c209 mem 0x90003320 0xbf47eedd mem 0x90003340 0x3fc56fa1 mem 0x90003360 0x3fc06372 mem 0x90003380 0xc012b03c mem 0x900033a0 0x4055a162 mem 0x900033c0 0x3fc9d846 mem 0x900033e0 0x3e1cf572
core   0: 0x800001a0 (0xfec12083) lw      x1, -20(x2)
core   0: 3 0x800001a0 (0xfec12083) x1  0x800000a0 mem 0x70000000
core   0: 0x800001a4 (0xfec10113) addi    x2, x2, -20
core   0: 3 0x800001a4 (0xfec10113) x2  0x70000000
core   0: 0x800001a8 (0x00008067) ret
core   0: 3 0x800001a8 (0x00008067)
core   0: 0x800000a0 (0x0000400b) endprg  x0, x0, x0
core   0: 3 0x800000a0 (0x0000400b)
core   0: 0x800000a4 (0x0040006f) j       pc + 0x4
core   0: 3 0x800000a4 (0x0040006f)
core   0: 0x800000a8 (0x00100313) li      x6, 1
core   0: 3 0x800000a8 (0x00100313) x6  0x00000001
core   0: 0x800000ac (0x00001297) auipc   x5, 0x1
core   0: 3 0x800000ac (0x00001297) x5  0x800010ac
core   0: 0x800000b0 (0xf5428293) addi    x5, x5, -172
core   0: 3 0x800000b0 (0xf5428293) x5  0x80001000
core   0: 0x800000b4 (0x0062a023) sw      x6, 0(x5)
core   0: 3 0x800000b4 (0x0062a023) mem 0x80001000 0x00000001
