core   0: 0x00001000 (0x00000297) auipc   x5, 0x0
core   0: 3 0x00001000 (0x00000297) x5  0x00001000
core   0: 0x00001004 (0x02028593) addi    x11, x5, 32
core   0: 3 0x00001004 (0x02028593) x11 0x00001020
core   0: 0x00001008 (0xf1402573) csrr    x10, mhartid
core   0: 3 0x00001008 (0xf1402573) x10 0x00000000
core   0: 0x0000100c (0x0182a283) lw      x5, 24(x5)
core   0: 3 0x0000100c (0x0182a283) x5  0x80000000 mem 0x00001018
core   0: 0x00001010 (0x00028067) jr      x5
core   0: 3 0x00001010 (0x00028067)
core   0: 0x80000000 (0x00004197) auipc   x3, 0x4
core   0: 3 0x80000000 (0x00004197) x3  0x80004000
core   0: 0x80000004 (0x80818193) addi    x3, x3, -2040
core   0: 3 0x80000004 (0x80818193) x3  0x80003808
core   0: 0x80000008 (0x02000e93) li      x29, 32
core   0: 3 0x80000008 (0x02000e93) x29 0x00000020
core   0: 0x8000000c (0x0d0efed7) vsetvli x29, x29, e32, m1, ta, ma
core   0: 3 0x8000000c (0x0d0efed7) x29 0x00000020 c8_vstart 0x00000000 c3104_vl 0x00000020 c3105_vtype 0x000000d0 c768_mstatus 0x80000600
core   0: 0x80000010 (0x00002eb7) lui     x29, 0x2
core   0: 3 0x80000010 (0x00002eb7) x29 0x00002000
core   0: 0x80000014 (0x300eaef3) csrrs   x29, mstatus, x29
core   0: 3 0x80000014 (0x300eaef3) x29 0x80000600 c768_mstatus 0x80006600
core   0: 0x80000018 (0x00000e93) li      x29, 0
core   0: 3 0x80000018 (0x00000e93) x29 0x00000000
core   0: 0x8000001c (0x80502373) csrr    x6, wid
core   0: 3 0x8000001c (0x80502373) x6  0x00000000
core   0: 0x80000020 (0x806023f3) csrr    x7, lds
core   0: 3 0x80000020 (0x806023f3) x7  0x70000000
core   0: 0x80000024 (0x40000e13) li      x28, 1024
core   0: 3 0x80000024 (0x40000e13) x28 0x00000400
core   0: 0x80000028 (0x03c30333) mul     x6, x6, x28
core   0: 3 0x80000028 (0x03c30333) x6  0x00000000
core   0: 0x8000002c (0x00730133) add     x2, x6, x7
core   0: 3 0x8000002c (0x00730133) x2  0x70000000
core   0: 0x80000030 (0x00000213) li      x4, 0
core   0: 3 0x80000030 (0x00000213) x4  0x00000000
core   0: 0x80000034 (0x80102f73) csrr    x30, numw
core   0: 3 0x80000034 (0x80102f73) x30 0x00000001
core   0: 0x80000038 (0x40000e13) li      x28, 1024
core   0: 3 0x80000038 (0x40000e13) x28 0x00000400
core   0: 0x8000003c (0x03cf0f33) mul     x30, x30, x28
core   0: 3 0x8000003c (0x03cf0f33) x30 0x00000400
core   0: 0x80000040 (0x01e38433) add     x8, x7, x30
core   0: 3 0x80000040 (0x01e38433) x8  0x70000400
core   0: 0x80000044 (0x00003517) auipc   x10, 0x3
core   0: 3 0x80000044 (0x00003517) x10 0x80003044
core   0: 0x80000048 (0xfc450513) addi    x10, x10, -60
core   0: 3 0x80000048 (0xfc450513) x10 0x80003008
core   0: 0x8000004c (0x00003617) auipc   x12, 0x3
core   0: 3 0x8000004c (0x00003617) x12 0x8000304c
core   0: 0x80000050 (0xfbc60613) addi    x12, x12, -68
core   0: 3 0x80000050 (0xfbc60613) x12 0x80003008
core   0: 0x80000054 (0x00c50863) beq     x10, x12, pc + 16
core   0: 3 0x80000054 (0x00c50863)
core   0: 0x80000064 (0x803022f3) csrr    x5, knl
core   0: 3 0x80000064 (0x803022f3) x5  0x90025000
core   0: 0x80000068 (0x0002a303) lw      x6, 0(x5)
core   0: 3 0x80000068 (0x0002a303) x6  0x800000b8 mem 0x90025000
core   0: 0x8000006c (0x0042a503) lw      x10, 4(x5)
core   0: 3 0x8000006c (0x0042a503) x10 0x90004000 mem 0x90025004
core   0: 0x80000070 (0x0302a383) lw      x7, 48(x5)
core   0: 3 0x80000070 (0x0302a383) x7  0x00000000 mem 0x90025030
core   0: 0x80000074 (0x0342ae03) lw      x28, 52(x5)
core   0: 3 0x80000074 (0x0342ae03) x28 0x00000000 mem 0x90025034
core   0: 0x80000078 (0x00003e97) auipc   x29, 0x3
core   0: 3 0x80000078 (0x00003e97) x29 0x80003078
core   0: 0x8000007c (0xf88e8e93) addi    x29, x29, -120
core   0: 3 0x8000007c (0xf88e8e93) x29 0x80003000
core   0: 0x80000080 (0x00003f17) auipc   x30, 0x3
core   0: 3 0x80000080 (0x00003f17) x30 0x80003080
core   0: 0x80000084 (0xf84f0f13) addi    x30, x30, -124
core   0: 3 0x80000084 (0xf84f0f13) x30 0x80003004
core   0: 0x80000088 (0x007ea023) sw      x7, 0(x29)
core   0: 3 0x80000088 (0x007ea023) mem 0x80003000 0x00000000
core   0: 0x8000008c (0x01cf2023) sw      x28, 0(x30)
core   0: 3 0x8000008c (0x01cf2023) mem 0x80003004 0x00000000
core   0: 0x80000090 (0x00000f97) auipc   x31, 0x0
core   0: 3 0x80000090 (0x00000f97) x31 0x80000090
core   0: 0x80000094 (0x018f8f93) addi    x31, x31, 24
core   0: 3 0x80000094 (0x018f8f93) x31 0x800000a8
core   0: 0x80000098 (0x305f9073) csrw    mtvec, x31
core   0: 3 0x80000098 (0x305f9073) c773_mtvec 0x800000a8
core   0: 0x8000009c (0x000300e7) jalr    x6
core   0: 3 0x8000009c (0x000300e7) x1  0x800000a0
core   0: 0x800000b8 (0x01410113) addi    x2, x2, 20
core   0: 3 0x800000b8 (0x01410113) x2  0x70000014
core   0: 0x800000bc (0xfe112623) sw      x1, -20(x2)
core   0: 3 0x800000bc (0xfe112623) mem 0x70000000 0x800000a0
core   0: 0x800000c0 (0x00c52283) lw      x5, 12(x10)
core   0: 3 0x800000c0 (0x00c52283) x5  0x90003000 mem 0x9000400c
core   0: 0x800000c4 (0xfe512e23) sw      x5, -4(x2)
core   0: 3 0x800000c4 (0xfe512e23) mem 0x70000010 0x90003000
core   0: 0x800000c8 (0x00852283) lw      x5, 8(x10)
core   0: 3 0x800000c8 (0x00852283) x5  0x90002000 mem 0x90004008
core   0: 0x800000cc (0xfe512c23) sw      x5, -8(x2)
core   0: 3 0x800000cc (0xfe512c23) mem 0x7000000c 0x90002000
core   0: 0x800000d0 (0x00452283) lw      x5, 4(x10)
core   0: 3 0x800000d0 (0x00452283) x5  0x90001000 mem 0x90004004
core   0: 0x800000d4 (0xfe512a23) sw      x5, -12(x2)
core   0: 3 0x800000d4 (0xfe512a23) mem 0x70000008 0x90001000
core   0: 0x800000d8 (0x00052283) lw      x5, 0(x10)
core   0: 3 0x800000d8 (0x00052283) x5  0x90000000 mem 0x90004000
core   0: 0x800000dc (0xfe512823) sw      x5, -16(x2)
core   0: 3 0x800000dc (0xfe512823) mem 0x70000004 0x90000000
core   0: 0x800000e0 (0x5e004057) vmv.v.x v0, x0
core   0: 3 0x800000e0 (0x5e004057) c8_vstart 0x00000000 e32 m1 l32 v0  ffffffff 0x00000000 00000000 00000000 00000000 00000000 00000000 00000000 00000000 00000000 00000000 00000000 00000000 00000000 00000000 00000000 00000000 00000000 00000000 00000000 00000000 00000000 00000000 00000000 00000000 00000000 00000000 00000000 00000000 00000000 00000000 00000000 00000000 
core   0: 0x800000e4 (0x074000ef) jal     pc + 0x74
core   0: 3 0x800000e4 (0x074000ef) x1  0x800000e8
core   0: 0x80000158 (0x00410113) addi    x2, x2, 4
core   0: 3 0x80000158 (0x00410113) x2  0x70000018
core   0: 0x8000015c (0xfe112e23) sw      x1, -4(x2)
core   0: 3 0x8000015c (0xfe112e23) mem 0x70000014 0x800000e8
core   0: 0x80000160 (0x020040d7) vadd.vx v1, v0, x0
core   0: 3 0x80000160 (0x020040d7) c8_vstart 0x00000000 e32 m1 l32 v1  ffffffff 0x00000000 00000000 00000000 00000000 00000000 00000000 00000000 00000000 00000000 00000000 00000000 00000000 00000000 00000000 00000000 00000000 00000000 00000000 00000000 00000000 00000000 00000000 00000000 00000000 00000000 00000000 00000000 00000000 00000000 00000000 00000000 00000000 
core   0: 0x80000164 (0x00200293) li      x5, 2
core   0: 3 0x80000164 (0x00200293) x5  0x00000002
core   0: 0x80000168 (0x5e02c057) vmv.v.x v0, x5
core   0: 3 0x80000168 (0x5e02c057) c8_vstart 0x00000000 e32 m1 l32 v0  ffffffff 0x00000002 00000002 00000002 00000002 00000002 00000002 00000002 00000002 00000002 00000002 00000002 00000002 00000002 00000002 00000002 00000002 00000002 00000002 00000002 00000002 00000002 00000002 00000002 00000002 00000002 00000002 00000002 00000002 00000002 00000002 00000002 00000002 
core   0: 0x8000016c (0x00000317) auipc   x6, 0x0
core   0: 3 0x8000016c (0x00000317) x6  0x8000016c
core   0: 0x80000170 (0x0543305b) setrpc  x0, x6, 84
core   0: 3 0x80000170 (0x0543305b) c2060_rpc 0x800001c0 current mask:	ffffffff current npc:	00000000 stack size: 0
core   0: 0x80000174 (0x0410045b) vbeq    v1, v0, pc + 72
core   0: 3 0x80000174 (0x0410045b) c8_vstart 0x00000000 e32 m1 l32 current mask:	ffffffff current npc:	80000178 stack size: 0
core   0: 0x80000178 (0x0040006f) j       pc + 0x4
core   0: 3 0x80000178 (0x0040006f)
core   0: 0x8000017c (0x00100293) li      x5, 1
core   0: 3 0x8000017c (0x00100293) x5  0x00000001
core   0: 0x80000180 (0x5e02c057) vmv.v.x v0, x5
core   0: 3 0x80000180 (0x5e02c057) c8_vstart 0x00000000 e32 m1 l32 v0  ffffffff 0x00000001 00000001 00000001 00000001 00000001 00000001 00000001 00000001 00000001 00000001 00000001 00000001 00000001 00000001 00000001 00000001 00000001 00000001 00000001 00000001 00000001 00000001 00000001 00000001 00000001 00000001 00000001 00000001 00000001 00000001 00000001 00000001 
core   0: 0x80000184 (0x00000317) auipc   x6, 0x0
core   0: 3 0x80000184 (0x00000317) x6  0x80000184
core   0: 0x80000188 (0x03c3305b) setrpc  x0, x6, 60
core   0: 3 0x80000188 (0x03c3305b) c2060_rpc 0x800001c0 current mask:	ffffffff current npc:	80000178 stack size: 0
core   0: 0x8000018c (0x0210045b) vbeq    v1, v0, pc + 40
core   0: 3 0x8000018c (0x0210045b) c8_vstart 0x00000000 e32 m1 l32 current mask:	ffffffff current npc:	80000190 stack size: 0
core   0: 0x80000190 (0x0040006f) j       pc + 0x4
core   0: 3 0x80000190 (0x0040006f)
core   0: 0x80000194 (0x5e004157) vmv.v.x v2, x0
core   0: 3 0x80000194 (0x5e004157) c8_vstart 0x00000000 e32 m1 l32 v2  ffffffff 0x00000000 00000000 00000000 00000000 00000000 00000000 00000000 00000000 00000000 00000000 00000000 00000000 00000000 00000000 00000000 00000000 00000000 00000000 00000000 00000000 00000000 00000000 00000000 00000000 00000000 00000000 00000000 00000000 00000000 00000000 00000000 00000000 
core   0: 0x80000198 (0x5e004057) vmv.v.x v0, x0
core   0: 3 0x80000198 (0x5e004057) c8_vstart 0x00000000 e32 m1 l32 v0  ffffffff 0x00000000 00000000 00000000 00000000 00000000 00000000 00000000 00000000 00000000 00000000 00000000 00000000 00000000 00000000 00000000 00000000 00000000 00000000 00000000 00000000 00000000 00000000 00000000 00000000 00000000 00000000 00000000 00000000 00000000 00000000 00000000 00000000 
core   0: 0x8000019c (0x00000317) auipc   x6, 0x0
core   0: 3 0x8000019c (0x00000317) x6  0x8000019c
core   0: 0x800001a0 (0x0243305b) setrpc  x0, x6, 36
core   0: 3 0x800001a0 (0x0243305b) c2060_rpc 0x800001c0 current mask:	ffffffff current npc:	80000190 stack size: 0
core   0: 0x800001a4 (0x00111e5b) vbne    v1, v2, pc + 28
core   0: 3 0x800001a4 (0x00111e5b) c8_vstart 0x00000000 e32 m1 l32 current mask:	ffffffff current npc:	800001a8 stack size: 0
core   0: 0x800001a8 (0x0040006f) j       pc + 0x4
core   0: 3 0x800001a8 (0x0040006f)
core   0: 0x800001ac (0x100000ef) jal     pc + 0x100
core   0: 3 0x800001ac (0x100000ef) x1  0x800001b0
core   0: 0x800002ac (0x00410113) addi    x2, x2, 4
core   0: 3 0x800002ac (0x00410113) x2  0x7000001c
core   0: 0x800002b0 (0xfe112e23) sw      x1, -4(x2)
core   0: 3 0x800002b0 (0xfe112e23) mem 0x70000018 0x800001b0
core   0: 0x800002b4 (0xf1dff0ef) jal     pc - 0xe4
core   0: 3 0x800002b4 (0xf1dff0ef) x1  0x800002b8
core   0: 0x800001d0 (0x00410113) addi    x2, x2, 4
core   0: 3 0x800001d0 (0x00410113) x2  0x70000020
core   0: 0x800001d4 (0xfe112e23) sw      x1, -4(x2)
core   0: 3 0x800001d4 (0xfe112e23) mem 0x7000001c 0x800002b8
core   0: 0x800001d8 (0x80302573) csrr    x10, knl
core   0: 3 0x800001d8 (0x80302573) x10 0x90025000
core   0: 0x800001dc (0x00852283) lw      x5, 8(x10)
core   0: 3 0x800001dc (0x00852283) x5  0x00000001 mem 0x90025008
core   0: 0x800001e0 (0x80002373) csrr    x6, tid
core   0: 3 0x800001e0 (0x80002373) x6  0x00000000
core   0: 0x800001e4 (0x5208a157) vid.v   v2
core   0: 3 0x800001e4 (0x5208a157) c8_vstart 0x00000000 e32 m1 l32 v2  ffffffff 0x0000001f 0000001e 0000001d 0000001c 0000001b 0000001a 00000019 00000018 00000017 00000016 00000015 00000014 00000013 00000012 00000011 00000010 0000000f 0000000e 0000000d 0000000c 0000000b 0000000a 00000009 00000008 00000007 00000006 00000005 00000004 00000003 00000002 00000001 00000000 
core   0: 0x800001e8 (0x02234057) vadd.vx v0, v2, x6
core   0: 3 0x800001e8 (0x02234057) c8_vstart 0x00000000 e32 m1 l32 v0  ffffffff 0x0000001f 0000001e 0000001d 0000001c 0000001b 0000001a 00000019 00000018 00000017 00000016 00000015 00000014 00000013 00000012 00000011 00000010 0000000f 0000000e 0000000d 0000000c 0000000b 0000000a 00000009 00000008 00000007 00000006 00000005 00000004 00000003 00000002 00000001 00000000 
core   0: 0x800001ec (0x01852e03) lw      x28, 24(x10)
core   0: 3 0x800001ec (0x01852e03) x28 0x00000020 mem 0x90025018
core   0: 0x800001f0 (0x8a0e6057) vremu.vx v0, v0, x28
core   0: 3 0x800001f0 (0x8a0e6057) c8_vstart 0x00000000 e32 m1 l32 v0  ffffffff 0x0000001f 0000001e 0000001d 0000001c 0000001b 0000001a 00000019 00000018 00000017 00000016 00000015 00000014 00000013 00000012 00000011 00000010 0000000f 0000000e 0000000d 0000000c 0000000b 0000000a 00000009 00000008 00000007 00000006 00000005 00000004 00000003 00000002 00000001 00000000 
core   0: 0x800001f4 (0xffc12083) lw      x1, -4(x2)
core   0: 3 0x800001f4 (0xffc12083) x1  0x800002b8 mem 0x7000001c
core   0: 0x800001f8 (0xffc10113) addi    x2, x2, -4
core   0: 3 0x800001f8 (0xffc10113) x2  0x7000001c
core   0: 0x800001fc (0x00008067) ret
core   0: 3 0x800001fc (0x00008067)
core   0: 0x800002b8 (0x80302573) csrr    x10, knl
core   0: 3 0x800002b8 (0x80302573) x10 0x90025000
core   0: 0x800002bc (0x80802373) csrr    x6, gidx
core   0: 3 0x800002bc (0x80802373) x6  0x00000000
core   0: 0x800002c0 (0x01852e03) lw      x28, 24(x10)
core   0: 3 0x800002c0 (0x01852e03) x28 0x00000020 mem 0x90025018
core   0: 0x800002c4 (0x02452e83) lw      x29, 36(x10)
core   0: 3 0x800002c4 (0x02452e83) x29 0x00000000 mem 0x90025024
core   0: 0x800002c8 (0x03c30fb3) mul     x31, x6, x28
core   0: 3 0x800002c8 (0x03c30fb3) x31 0x00000000
core   0: 0x800002cc (0x01df8fb3) add     x31, x31, x29
core   0: 3 0x800002cc (0x01df8fb3) x31 0x00000000
core   0: 0x800002d0 (0x020fc057) vadd.vx v0, v0, x31
core   0: 3 0x800002d0 (0x020fc057) c8_vstart 0x00000000 e32 m1 l32 v0  ffffffff 0x0000001f 0000001e 0000001d 0000001c 0000001b 0000001a 00000019 00000018 00000017 00000016 00000015 00000014 00000013 00000012 00000011 00000010 0000000f 0000000e 0000000d 0000000c 0000000b 0000000a 00000009 00000008 00000007 00000006 00000005 00000004 00000003 00000002 00000001 00000000 
core   0: 0x800002d4 (0xffc12083) lw      x1, -4(x2)
core   0: 3 0x800002d4 (0xffc12083) x1  0x800001b0 mem 0x70000018
core   0: 0x800002d8 (0xffc10113) addi    x2, x2, -4
core   0: 3 0x800002d8 (0xffc10113) x2  0x70000018
core   0: 0x800002dc (0x00008067) ret
core   0: 3 0x800002dc (0x00008067)
core   0: 0x800001b0 (0x0100006f) j       pc + 0x10
core   0: 3 0x800001b0 (0x0100006f)
core   0: 0x800001c0 (0x0000205b) join    v0, v0, pc + 0
core   0: 3 0x800001c0 (0x0000205b) current mask:	ffffffff current npc:	800001a8 stack size: 0
core   0: 0x800001c4 (0xffc12083) lw      x1, -4(x2)
core   0: 3 0x800001c4 (0xffc12083) x1  0x800000e8 mem 0x70000014
core   0: 0x800001c8 (0xffc10113) addi    x2, x2, -4
core   0: 3 0x800001c8 (0xffc10113) x2  0x70000014
core   0: 0x800001cc (0x00008067) ret
core   0: 3 0x800001cc (0x00008067)
core   0: 0x800000e8 (0x9601b057) vsll.vi v0, v0, 3
core   0: 3 0x800000e8 (0x9601b057) c8_vstart 0x00000000 e32 m1 l32 v0  ffffffff 0x000000f8 000000f0 000000e8 000000e0 000000d8 000000d0 000000c8 000000c0 000000b8 000000b0 000000a8 000000a0 00000098 00000090 00000088 00000080 00000078 00000070 00000068 00000060 00000058 00000050 00000048 00000040 00000038 00000030 00000028 00000020 00000018 00000010 00000008 00000000 
core   0: 0x800000ec (0xff012283) lw      x5, -16(x2)
core   0: 3 0x800000ec (0xff012283) x5  0x90000000 mem 0x70000004
core   0: 0x800000f0 (0x5e02c0d7) vmv.v.x v1, x5
core   0: 3 0x800000f0 (0x5e02c0d7) c8_vstart 0x00000000 e32 m1 l32 v1  ffffffff 0x90000000 90000000 90000000 90000000 90000000 90000000 90000000 90000000 90000000 90000000 90000000 90000000 90000000 90000000 90000000 90000000 90000000 90000000 90000000 90000000 90000000 90000000 90000000 90000000 90000000 90000000 90000000 90000000 90000000 90000000 90000000 90000000 
core   0: 0x800000f4 (0x0202c157) vadd.vx v2, v0, x5
core   0: 3 0x800000f4 (0x0202c157) c8_vstart 0x00000000 e32 m1 l32 v2  ffffffff 0x900000f8 900000f0 900000e8 900000e0 900000d8 900000d0 900000c8 900000c0 900000b8 900000b0 900000a8 900000a0 90000098 90000090 90000088 90000080 90000078 90000070 90000068 90000060 90000058 90000050 90000048 90000040 90000038 90000030 90000028 90000020 90000018 90000010 90000008 90000000 
core   0: 0x800000f8 (0x0001217b) vlw12.v v2, v2, 0
core   0: 3 0x800000f8 (0x0001217b) e32 m1 l32 v2  ffffffff 0x3c003c00 3c003c00 3c003c00 3c003c00 3c003c00 3c003c00 3c003c00 3c003c00 3c003c00 3c003c00 3c003c00 3c003c00 3c003c00 3c003c00 3c003c00 3c003c00 3c003c00 3c003c00 3c003c00 3c003c00 3c003c00 3c003c00 3c003c00 3c003c00 3c003c00 3c003c00 3c003c00 3c003c00 3c003c00 3c003c00 3c003c00 3c003c00  c8_vstart 0x00000000 mem 0x90000000 mem 0x90000008 mem 0x90000010 mem 0x90000018 mem 0x90000020 mem 0x90000028 mem 0x90000030 mem 0x90000038 mem 0x90000040 mem 0x90000048 mem 0x90000050 mem 0x90000058 mem 0x90000060 mem 0x90000068 mem 0x90000070 mem 0x90000078 mem 0x90000080 mem 0x90000088 mem 0x90000090 mem 0x90000098 mem 0x900000a0 mem 0x900000a8 mem 0x900000b0 mem 0x900000b8 mem 0x900000c0 mem 0x900000c8 mem 0x900000d0 mem 0x900000d8 mem 0x900000e0 mem 0x900000e8 mem 0x900000f0 mem 0x900000f8
core   0: 0x800000fc (0x2a023257) vor.vi  v4, v0, 4
core   0: 3 0x800000fc (0x2a023257) c8_vstart 0x00000000 e32 m1 l32 v4  ffffffff 0x000000fc 000000f4 000000ec 000000e4 000000dc 000000d4 000000cc 000000c4 000000bc 000000b4 000000ac 000000a4 0000009c 00000094 0000008c 00000084 0000007c 00000074 0000006c 00000064 0000005c 00000054 0000004c 00000044 0000003c 00000034 0000002c 00000024 0000001c 00000014 0000000c 00000004 
core   0: 0x80000100 (0x021200d7) vadd.vv v1, v1, v4
core   0: 3 0x80000100 (0x021200d7) c8_vstart 0x00000000 e32 m1 l32 v1  ffffffff 0x900000fc 900000f4 900000ec 900000e4 900000dc 900000d4 900000cc 900000c4 900000bc 900000b4 900000ac 900000a4 9000009c 90000094 9000008c 90000084 9000007c 90000074 9000006c 90000064 9000005c 90000054 9000004c 90000044 9000003c 90000034 9000002c 90000024 9000001c 90000014 9000000c 90000004 
core   0: 0x80000104 (0x0000a1fb) vlw12.v v3, v1, 0
core   0: 3 0x80000104 (0x0000a1fb) e32 m1 l32 v3  ffffffff 0x3c003c00 3c003c00 3c003c00 3c003c00 3c003c00 3c003c00 3c003c00 3c003c00 3c003c00 3c003c00 3c003c00 3c003c00 3c003c00 3c003c00 3c003c00 3c003c00 3c003c00 3c003c00 3c003c00 3c003c00 3c003c00 3c003c00 3c003c00 3c003c00 3c003c00 3c003c00 3c003c00 3c003c00 3c003c00 3c003c00 3c003c00 3c003c00  c8_vstart 0x00000000 mem 0x90000004 mem 0x9000000c mem 0x90000014 mem 0x9000001c mem 0x90000024 mem 0x9000002c mem 0x90000034 mem 0x9000003c mem 0x90000044 mem 0x9000004c mem 0x90000054 mem 0x9000005c mem 0x90000064 mem 0x9000006c mem 0x90000074 mem 0x9000007c mem 0x90000084 mem 0x9000008c mem 0x90000094 mem 0x9000009c mem 0x900000a4 mem 0x900000ac mem 0x900000b4 mem 0x900000bc mem 0x900000c4 mem 0x900000cc mem 0x900000d4 mem 0x900000dc mem 0x900000e4 mem 0x900000ec mem 0x900000f4 mem 0x900000fc
core   0: 0x80000108 (0xff412283) lw      x5, -12(x2)
core   0: 3 0x80000108 (0xff412283) x5  0x90001000 mem 0x70000008
core   0: 0x8000010c (0x5e02c0d7) vmv.v.x v1, x5
core   0: 3 0x8000010c (0x5e02c0d7) c8_vstart 0x00000000 e32 m1 l32 v1  ffffffff 0x90001000 90001000 90001000 90001000 90001000 90001000 90001000 90001000 90001000 90001000 90001000 90001000 90001000 90001000 90001000 90001000 90001000 90001000 90001000 90001000 90001000 90001000 90001000 90001000 90001000 90001000 90001000 90001000 90001000 90001000 90001000 90001000 
core   0: 0x80000110 (0x0202c2d7) vadd.vx v5, v0, x5
core   0: 3 0x80000110 (0x0202c2d7) c8_vstart 0x00000000 e32 m1 l32 v5  ffffffff 0x900010f8 900010f0 900010e8 900010e0 900010d8 900010d0 900010c8 900010c0 900010b8 900010b0 900010a8 900010a0 90001098 90001090 90001088 90001080 90001078 90001070 90001068 90001060 90001058 90001050 90001048 90001040 90001038 90001030 90001028 90001020 90001018 90001010 90001008 90001000 
core   0: 0x80000114 (0x0002a2fb) vlw12.v v5, v5, 0
core   0: 3 0x80000114 (0x0002a2fb) e32 m1 l32 v5  ffffffff 0x3c003c00 3c003c00 3c003c00 3c003c00 3c003c00 3c003c00 3c003c00 3c003c00 3c003c00 3c003c00 3c003c00 3c003c00 3c003c00 3c003c00 3c003c00 3c003c00 3c003c00 3c003c00 3c003c00 3c003c00 3c003c00 3c003c00 3c003c00 3c003c00 3c003c00 3c003c00 3c003c00 3c003c00 3c003c00 3c003c00 3c003c00 3c003c00  c8_vstart 0x00000000 mem 0x90001000 mem 0x90001008 mem 0x90001010 mem 0x90001018 mem 0x90001020 mem 0x90001028 mem 0x90001030 mem 0x90001038 mem 0x90001040 mem 0x90001048 mem 0x90001050 mem 0x90001058 mem 0x90001060 mem 0x90001068 mem 0x90001070 mem 0x90001078 mem 0x90001080 mem 0x90001088 mem 0x90001090 mem 0x90001098 mem 0x900010a0 mem 0x900010a8 mem 0x900010b0 mem 0x900010b8 mem 0x900010c0 mem 0x900010c8 mem 0x900010d0 mem 0x900010d8 mem 0x900010e0 mem 0x900010e8 mem 0x900010f0 mem 0x900010f8
core   0: 0x80000118 (0x021200d7) vadd.vv v1, v1, v4
core   0: 3 0x80000118 (0x021200d7) c8_vstart 0x00000000 e32 m1 l32 v1  ffffffff 0x900010fc 900010f4 900010ec 900010e4 900010dc 900010d4 900010cc 900010c4 900010bc 900010b4 900010ac 900010a4 9000109c 90001094 9000108c 90001084 9000107c 90001074 9000106c 90001064 9000105c 90001054 9000104c 90001044 9000103c 90001034 9000102c 90001024 9000101c 90001014 9000100c 90001004 
core   0: 0x8000011c (0x0000a37b) vlw12.v v6, v1, 0
core   0: 3 0x8000011c (0x0000a37b) e32 m1 l32 v6  ffffffff 0x3c003c00 3c003c00 3c003c00 3c003c00 3c003c00 3c003c00 3c003c00 3c003c00 3c003c00 3c003c00 3c003c00 3c003c00 3c003c00 3c003c00 3c003c00 3c003c00 3c003c00 3c003c00 3c003c00 3c003c00 3c003c00 3c003c00 3c003c00 3c003c00 3c003c00 3c003c00 3c003c00 3c003c00 3c003c00 3c003c00 3c003c00 3c003c00  c8_vstart 0x00000000 mem 0x90001004 mem 0x9000100c mem 0x90001014 mem 0x9000101c mem 0x90001024 mem 0x9000102c mem 0x90001034 mem 0x9000103c mem 0x90001044 mem 0x9000104c mem 0x90001054 mem 0x9000105c mem 0x90001064 mem 0x9000106c mem 0x90001074 mem 0x9000107c mem 0x90001084 mem 0x9000108c mem 0x90001094 mem 0x9000109c mem 0x900010a4 mem 0x900010ac mem 0x900010b4 mem 0x900010bc mem 0x900010c4 mem 0x900010cc mem 0x900010d4 mem 0x900010dc mem 0x900010e4 mem 0x900010ec mem 0x900010f4 mem 0x900010fc
core   0: 0x80000120 (0xff812283) lw      x5, -8(x2)
core   0: 3 0x80000120 (0xff812283) x5  0x90002000 mem 0x7000000c
core   0: 0x80000124 (0x5e02c0d7) vmv.v.x v1, x5
core   0: 3 0x80000124 (0x5e02c0d7) c8_vstart 0x00000000 e32 m1 l32 v1  ffffffff 0x90002000 90002000 90002000 90002000 90002000 90002000 90002000 90002000 90002000 90002000 90002000 90002000 90002000 90002000 90002000 90002000 90002000 90002000 90002000 90002000 90002000 90002000 90002000 90002000 90002000 90002000 90002000 90002000 90002000 90002000 90002000 90002000 
core   0: 0x80000128 (0x0202c3d7) vadd.vx v7, v0, x5
core   0: 3 0x80000128 (0x0202c3d7) c8_vstart 0x00000000 e32 m1 l32 v7  ffffffff 0x900020f8 900020f0 900020e8 900020e0 900020d8 900020d0 900020c8 900020c0 900020b8 900020b0 900020a8 900020a0 90002098 90002090 90002088 90002080 90002078 90002070 90002068 90002060 90002058 90002050 90002048 90002040 90002038 90002030 90002028 90002020 90002018 90002010 90002008 90002000 
core   0: 0x8000012c (0x0003a3fb) vlw12.v v7, v7, 0
core   0: 3 0x8000012c (0x0003a3fb) e32 m1 l32 v7  ffffffff 0x00000000 00000000 00000000 00000000 00000000 00000000 00000000 00000000 00000000 00000000 00000000 00000000 00000000 00000000 00000000 00000000 00000000 00000000 00000000 00000000 00000000 00000000 00000000 00000000 00000000 00000000 00000000 00000000 00000000 00000000 00000000 00000000  c8_vstart 0x00000000 mem 0x90002000 mem 0x90002008 mem 0x90002010 mem 0x90002018 mem 0x90002020 mem 0x90002028 mem 0x90002030 mem 0x90002038 mem 0x90002040 mem 0x90002048 mem 0x90002050 mem 0x90002058 mem 0x90002060 mem 0x90002068 mem 0x90002070 mem 0x90002078 mem 0x90002080 mem 0x90002088 mem 0x90002090 mem 0x90002098 mem 0x900020a0 mem 0x900020a8 mem 0x900020b0 mem 0x900020b8 mem 0x900020c0 mem 0x900020c8 mem 0x900020d0 mem 0x900020d8 mem 0x900020e0 mem 0x900020e8 mem 0x900020f0 mem 0x900020f8
core   0: 0x80000130 (0x021200d7) vadd.vv v1, v1, v4
core   0: 3 0x80000130 (0x021200d7) c8_vstart 0x00000000 e32 m1 l32 v1  ffffffff 0x900020fc 900020f4 900020ec 900020e4 900020dc 900020d4 900020cc 900020c4 900020bc 900020b4 900020ac 900020a4 9000209c 90002094 9000208c 90002084 9000207c 90002074 9000206c 90002064 9000205c 90002054 9000204c 90002044 9000203c 90002034 9000202c 90002024 9000201c 90002014 9000200c 90002004 
core   0: 0x80000134 (0x0000a47b) vlw12.v v8, v1, 0
core   0: 3 0x80000134 (0x0000a47b) e32 m1 l32 v8  ffffffff 0x00000000 00000000 00000000 00000000 00000000 00000000 00000000 00000000 00000000 00000000 00000000 00000000 00000000 00000000 00000000 00000000 00000000 00000000 00000000 00000000 00000000 00000000 00000000 00000000 00000000 00000000 00000000 00000000 00000000 00000000 00000000 00000000  c8_vstart 0x00000000 mem 0x90002004 mem 0x9000200c mem 0x90002014 mem 0x9000201c mem 0x90002024 mem 0x9000202c mem 0x90002034 mem 0x9000203c mem 0x90002044 mem 0x9000204c mem 0x90002054 mem 0x9000205c mem 0x90002064 mem 0x9000206c mem 0x90002074 mem 0x9000207c mem 0x90002084 mem 0x9000208c mem 0x90002094 mem 0x9000209c mem 0x900020a4 mem 0x900020ac mem 0x900020b4 mem 0x900020bc mem 0x900020c4 mem 0x900020cc mem 0x900020d4 mem 0x900020dc mem 0x900020e4 mem 0x900020ec mem 0x900020f4 mem 0x900020fc
core   0: 0x80000138 (0x0051138a) mma.m8n8k16 v7, v5, v2, v0.t
core   0: 3 0x80000138 (0x0051138a) c8_vstart 0x00000000 e32 m1 l32 v8  ffffffff 0x41800000 41800000 41800000 41800000 41800000 41800000 41800000 41800000 41800000 41800000 41800000 41800000 41800000 41800000 41800000 41800000 41800000 41800000 41800000 41800000 41800000 41800000 41800000 41800000 41800000 41800000 41800000 41800000 41800000 41800000 41800000 41800000  v7  ffffffff 0x41800000 41800000 41800000 41800000 41800000 41800000 41800000 41800000 41800000 41800000 41800000 41800000 41800000 41800000 41800000 41800000 41800000 41800000 41800000 41800000 41800000 41800000 41800000 41800000 41800000 41800000 41800000 41800000 41800000 41800000 41800000 41800000 
core   0: 0x8000013c (0xffc12283) lw      x5, -4(x2)
core   0: 3 0x8000013c (0xffc12283) x5  0x90003000 mem 0x70000010
core   0: 0x80000140 (0x0202c057) vadd.vx v0, v0, x5
core   0: 3 0x80000140 (0x0202c057) c8_vstart 0x00000000 e32 m1 l32 v0  ffffffff 0x900030f8 900030f0 900030e8 900030e0 900030d8 900030d0 900030c8 900030c0 900030b8 900030b0 900030a8 900030a0 90003098 90003090 90003088 90003080 90003078 90003070 90003068 90003060 90003058 90003050 90003048 90003040 90003038 90003030 90003028 90003020 90003018 90003010 90003008 90003000 
core   0: 0x80000144 (0x0080627b) vsw12.v v8, v0, 4
core   0: 3 0x80000144 (0x0080627b) c8_vstart 0x00000000 e32 m1 l32 mem 0x90003004 0x41800000 mem 0x9000300c 0x41800000 mem 0x90003014 0x41800000 mem 0x9000301c 0x41800000 mem 0x90003024 0x41800000 mem 0x9000302c 0x41800000 mem 0x90003034 0x41800000 mem 0x9000303c 0x41800000 mem 0x90003044 0x41800000 mem 0x9000304c 0x41800000 mem 0x90003054 0x41800000 mem 0x9000305c 0x41800000 mem 0x90003064 0x41800000 mem 0x9000306c 0x41800000 mem 0x90003074 0x41800000 mem 0x9000307c 0x41800000 mem 0x90003084 0x41800000 mem 0x9000308c 0x41800000 mem 0x90003094 0x41800000 mem 0x9000309c 0x41800000 mem 0x900030a4 0x41800000 mem 0x900030ac 0x41800000 mem 0x900030b4 0x41800000 mem 0x900030bc 0x41800000 mem 0x900030c4 0x41800000 mem 0x900030cc 0x41800000 mem 0x900030d4 0x41800000 mem 0x900030dc 0x41800000 mem 0x900030e4 0x41800000 mem 0x900030ec 0x41800000 mem 0x900030f4 0x41800000 mem 0x900030fc 0x41800000
core   0: 0x80000148 (0x0070607b) vsw12.v v7, v0, 0
core   0: 3 0x80000148 (0x0070607b) c8_vstart 0x00000000 e32 m1 l32 mem 0x90003000 0x41800000 mem 0x90003008 0x41800000 mem 0x90003010 0x41800000 mem 0x90003018 0x41800000 mem 0x90003020 0x41800000 mem 0x90003028 0x41800000 mem 0x90003030 0x41800000 mem 0x90003038 0x41800000 mem 0x90003040 0x41800000 mem 0x90003048 0x41800000 mem 0x90003050 0x41800000 mem 0x90003058 0x41800000 mem 0x90003060 0x41800000 mem 0x90003068 0x41800000 mem 0x90003070 0x41800000 mem 0x90003078 0x41800000 mem 0x90003080 0x41800000 mem 0x90003088 0x41800000 mem 0x90003090 0x41800000 mem 0x90003098 0x41800000 mem 0x900030a0 0x41800000 mem 0x900030a8 0x41800000 mem 0x900030b0 0x41800000 mem 0x900030b8 0x41800000 mem 0x900030c0 0x41800000 mem 0x900030c8 0x41800000 mem 0x900030d0 0x41800000 mem 0x900030d8 0x41800000 mem 0x900030e0 0x41800000 mem 0x900030e8 0x41800000 mem 0x900030f0 0x41800000 mem 0x900030f8 0x41800000
core   0: 0x8000014c (0xfec12083) lw      x1, -20(x2)
core   0: 3 0x8000014c (0xfec12083) x1  0x800000a0 mem 0x70000000
core   0: 0x80000150 (0xfec10113) addi    x2, x2, -20
core   0: 3 0x80000150 (0xfec10113) x2  0x70000000
core   0: 0x80000154 (0x00008067) ret
core   0: 3 0x80000154 (0x00008067)
core   0: 0x800000a0 (0x0000400b) endprg  x0, x0, x0
core   0: 3 0x800000a0 (0x0000400b)
core   0: 0x800000a4 (0x0040006f) j       pc + 0x4
core   0: 3 0x800000a4 (0x0040006f)
core   0: 0x800000a8 (0x00100313) li      x6, 1
core   0: 3 0x800000a8 (0x00100313) x6  0x00000001
core   0: 0x800000ac (0x00001297) auipc   x5, 0x1
core   0: 3 0x800000ac (0x00001297) x5  0x800010ac
core   0: 0x800000b0 (0xf5428293) addi    x5, x5, -172
core   0: 3 0x800000b0 (0xf5428293) x5  0x80001000
core   0: 0x800000b4 (0x0062a023) sw      x6, 0(x5)
core   0: 3 0x800000b4 (0x0062a023) mem 0x80001000 0x00000001
